<?xml version="1.0" encoding="utf-8"?>
<TestRun id="0a67c6ff-b9d7-4c3d-a2ab-0545bc9924f9" name="@780ae460ce3c 2026-08-30 08:50:19" xmlns="http://microsoft.com/schemas/VisualStudio/TeamTest/2010">
  <Times creation="2026-08-30T08:50:19.8381656+02:00" queuing="2026-08-30T08:50:19.8381656+02:00" start="2026-08-30T08:50:18.5838977+02:00" finish="2026-08-30T08:50:21.1774430+02:00" />
  <TestSettings name="default" id="0e359ee1-01a4-4dc1-a15b-32092dbd710e">
    <Deployment runDeploymentRoot="_780ae460ce3c_2026-08-30_08_50_19" />
  </TestSettings>
  <Results>
    <UnitTestResult executionId="a188a81b-2707-41fa-8aeb-b02b35e99a89" testId="86b32713-21d2-28de-6614-ab024299f548" testName="FS.GG.SDD.Validation.Tests.ReportDeterminismTests.the serialized report fences sensed metadata to null and carries no ANSI" computerName="780ae460ce3c" duration="00:00:00.0249229" startTime="2026-08-30T08:50:20.7332390+02:00" endTime="2026-08-30T08:50:20.7578951+02:00" testType="13cdc9d9-ddb5-4fa4-a97d-d965ccfc6d4b" outcome="Passed" testListId="8c84fa94-04c1-424b-9868-57a2d4851a1d" relativeResultsDirectory="a188a81b-2707-41fa-8aeb-b02b35e99a89" />
    <UnitTestResult executionId="12f8bd6b-30a2-4791-a8c6-dc799dcb78a1" testId="290337ac-1a68-cbba-15c1-2afe9d649915" testName="FS.GG.SDD.Validation.Tests.ValidationMarkdownTests.an all-pass report renders a passed verdict and enumerates no cell" computerName="780ae460ce3c" duration="00:00:00.0000853" startTime="2026-08-30T08:50:20.7330931+02:00" endTime="2026-08-30T08:50:20.7331074+02:00" testType="13cdc9d9-ddb5-4fa4-a97d-d965ccfc6d4b" outcome="Passed" testListId="8c84fa94-04c1-424b-9868-57a2d4851a1d" relativeResultsDirectory="12f8bd6b-30a2-4791-a8c6-dc799dcb78a1" />
    <UnitTestResult executionId="5e198adc-a364-461f-b72a-e9b13c65cb51" testId="392a5921-f456-1610-1df4-1a2cbbffa1ad" testName="FS.GG.SDD.Validation.Tests.ValidationMarkdownTests.renderMarkdown is byte-identical across runs" computerName="780ae460ce3c" duration="00:00:00.0000640" startTime="2026-08-30T08:50:20.7324515+02:00" endTime="2026-08-30T08:50:20.7324633+02:00" testType="13cdc9d9-ddb5-4fa4-a97d-d965ccfc6d4b" outcome="Passed" testListId="8c84fa94-04c1-424b-9868-57a2d4851a1d" relativeResultsDirectory="5e198adc-a364-461f-b72a-e9b13c65cb51" />
    <UnitTestResult executionId="73fb0c5e-0c4c-4927-be00-3a4736a0eb1e" testId="751abe0d-a808-5a62-065c-4d81c97ae640" testName="FS.GG.SDD.Validation.Tests.CoverageGapTests.a declared contract absent from the real catalog is a detectable failure" computerName="780ae460ce3c" duration="00:00:00.0176965" startTime="2026-08-30T08:50:19.2903204+02:00" endTime="2026-08-30T08:50:19.3077392+02:00" testType="13cdc9d9-ddb5-4fa4-a97d-d965ccfc6d4b" outcome="Passed" testListId="8c84fa94-04c1-424b-9868-57a2d4851a1d" relativeResultsDirectory="73fb0c5e-0c4c-4927-be00-3a4736a0eb1e" />
    <UnitTestResult executionId="fe350ce1-1eef-4712-a5c5-d6540dab0aa7" testId="f2d06985-d3fc-b42b-ae89-d8e55777984c" testName="FS.GG.SDD.Validation.Tests.LifecycleMatrixTests.every command x projection x state appears as a cell with a status" computerName="780ae460ce3c" duration="00:00:00.2863280" startTime="2026-08-30T08:50:20.1173250+02:00" endTime="2026-08-30T08:50:20.4031235+02:00" testType="13cdc9d9-ddb5-4fa4-a97d-d965ccfc6d4b" outcome="Passed" testListId="8c84fa94-04c1-424b-9868-57a2d4851a1d" relativeResultsDirectory="fe350ce1-1eef-4712-a5c5-d6540dab0aa7" />
    <UnitTestResult executionId="aa80f0da-82ec-4b6a-aae0-b8c54e21b911" testId="5d24aeb5-fddd-a807-8d5a-ab3b9716561a" testName="FS.GG.SDD.Validation.Tests.BugGuardCheckTests.scan is case-insensitive and tolerates whitespace around the hash" computerName="780ae460ce3c" duration="00:00:00.0069520" startTime="2026-08-30T08:50:19.8066461+02:00" endTime="2026-08-30T08:50:19.8136104+02:00" testType="13cdc9d9-ddb5-4fa4-a97d-d965ccfc6d4b" outcome="Passed" testListId="8c84fa94-04c1-424b-9868-57a2d4851a1d" relativeResultsDirectory="aa80f0da-82ec-4b6a-aae0-b8c54e21b911" />
    <UnitTestResult executionId="c24af354-562c-44b1-a87b-98b5836b17f6" testId="42fb6aae-faa9-c42b-4cb0-e55ed898f1b5" testName="FS.GG.SDD.Validation.Tests.BaselineMatrixTests.baseline cells never pass by absence" computerName="780ae460ce3c" duration="00:00:00.1019932" startTime="2026-08-30T08:50:20.8231200+02:00" endTime="2026-08-30T08:50:20.9251551+02:00" testType="13cdc9d9-ddb5-4fa4-a97d-d965ccfc6d4b" outcome="Passed" testListId="8c84fa94-04c1-424b-9868-57a2d4851a1d" relativeResultsDirectory="c24af354-562c-44b1-a87b-98b5836b17f6" />
    <UnitTestResult executionId="c4ba5414-e6f0-436e-8c90-eae91861591c" testId="e4141d06-505e-ef24-99dd-8734cf29d757" testName="FS.GG.SDD.Validation.Tests.BugGuardCheckTests.the bare word guards without a hash-number is not a marker" computerName="780ae460ce3c" duration="00:00:00.0006844" startTime="2026-08-30T08:50:19.8189080+02:00" endTime="2026-08-30T08:50:19.8189194+02:00" testType="13cdc9d9-ddb5-4fa4-a97d-d965ccfc6d4b" outcome="Passed" testListId="8c84fa94-04c1-424b-9868-57a2d4851a1d" relativeResultsDirectory="c4ba5414-e6f0-436e-8c90-eae91861591c" />
    <UnitTestResult executionId="1810008f-a9c3-480d-9ece-5a0a8064664b" testId="76595657-cd2a-315e-09a0-ff2a66a8173c" testName="FS.GG.SDD.Validation.Tests.ReportDeterminismTests.a parsed report round-trips to the same bytes" computerName="780ae460ce3c" duration="00:00:00.0252808" startTime="2026-08-30T08:50:20.7580216+02:00" endTime="2026-08-30T08:50:20.7832592+02:00" testType="13cdc9d9-ddb5-4fa4-a97d-d965ccfc6d4b" outcome="Passed" testListId="8c84fa94-04c1-424b-9868-57a2d4851a1d" relativeResultsDirectory="1810008f-a9c3-480d-9ece-5a0a8064664b" />
    <UnitTestResult executionId="e5ab2dae-69b5-4fda-8a6d-71640115365a" testId="0c516ca5-488a-0813-ca11-da73430dde8c" testName="FS.GG.SDD.Validation.Tests.IsolationTests.the Commands assembly does not depend on the Validation assembly" computerName="780ae460ce3c" duration="00:00:00.0012369" startTime="2026-08-30T08:50:19.8053769+02:00" endTime="2026-08-30T08:50:19.8064545+02:00" testType="13cdc9d9-ddb5-4fa4-a97d-d965ccfc6d4b" outcome="Passed" testListId="8c84fa94-04c1-424b-9868-57a2d4851a1d" relativeResultsDirectory="e5ab2dae-69b5-4fda-8a6d-71640115365a" />
    <UnitTestResult executionId="5247a502-d156-4485-b65d-ac949f2ef157" testId="4696b03f-0459-1b5a-395c-155920594de5" testName="FS.GG.SDD.Validation.Tests.ValidationMarkdownTests.renderMarkdown omits envelope metadata and does not surface sensed data" computerName="780ae460ce3c" duration="00:00:00.0001085" startTime="2026-08-30T08:50:20.7325359+02:00" endTime="2026-08-30T08:50:20.7325816+02:00" testType="13cdc9d9-ddb5-4fa4-a97d-d965ccfc6d4b" outcome="Passed" testListId="8c84fa94-04c1-424b-9868-57a2d4851a1d" relativeResultsDirectory="5247a502-d156-4485-b65d-ac949f2ef157" />
    <UnitTestResult executionId="9073607c-b77d-4b32-8f7d-307dd04b49b2" testId="18f3d24c-0506-d91c-be74-59314662c94a" testName="FS.GG.SDD.Validation.Tests.BugGuardCheckTests.scan finds pins-bug and guards markers with their kind, issue, and line" computerName="780ae460ce3c" duration="00:00:00.0035370" startTime="2026-08-30T08:50:19.8190627+02:00" endTime="2026-08-30T08:50:19.8203614+02:00" testType="13cdc9d9-ddb5-4fa4-a97d-d965ccfc6d4b" outcome="Passed" testListId="8c84fa94-04c1-424b-9868-57a2d4851a1d" relativeResultsDirectory="9073607c-b77d-4b32-8f7d-307dd04b49b2" />
    <UnitTestResult executionId="ef03b11a-9396-4941-905e-6e414c1d0d32" testId="bfa4332f-da8b-cf30-3cb0-284bc7cdb6e0" testName="FS.GG.SDD.Validation.Tests.BaselineMatrixTests.every catalog contract has a baseline and a conformance cell" computerName="780ae460ce3c" duration="00:00:00.0991674" startTime="2026-08-30T08:50:20.9252916+02:00" endTime="2026-08-30T08:50:21.0244048+02:00" testType="13cdc9d9-ddb5-4fa4-a97d-d965ccfc6d4b" outcome="Passed" testListId="8c84fa94-04c1-424b-9868-57a2d4851a1d" relativeResultsDirectory="ef03b11a-9396-4941-905e-6e414c1d0d32" />
    <UnitTestResult executionId="969f8cf6-fe37-4d71-974b-e5b8a3dbf53d" testId="332058a0-1750-afe3-690f-4f7ac7a3fdb5" testName="FS.GG.SDD.Validation.Tests.BugGuardCheckTests.fires on a test guarding an OPEN issue" computerName="780ae460ce3c" duration="00:00:00.0008157" startTime="2026-08-30T08:50:19.8189887+02:00" endTime="2026-08-30T08:50:19.8189981+02:00" testType="13cdc9d9-ddb5-4fa4-a97d-d965ccfc6d4b" outcome="Passed" testListId="8c84fa94-04c1-424b-9868-57a2d4851a1d" relativeResultsDirectory="969f8cf6-fe37-4d71-974b-e5b8a3dbf53d" />
    <UnitTestResult executionId="f1d63d38-bcee-4777-ae18-f1c23fe57900" testId="1daf5461-bea9-accd-ab80-ebd24f98bd44" testName="FS.GG.SDD.Validation.Tests.ReportDeterminismTests.two runs serialize byte-identically" computerName="780ae460ce3c" duration="00:00:00.0395689" startTime="2026-08-30T08:50:20.7833933+02:00" endTime="2026-08-30T08:50:20.8229250+02:00" testType="13cdc9d9-ddb5-4fa4-a97d-d965ccfc6d4b" outcome="Passed" testListId="8c84fa94-04c1-424b-9868-57a2d4851a1d" relativeResultsDirectory="f1d63d38-bcee-4777-ae18-f1c23fe57900" />
    <UnitTestResult executionId="723c2f6b-57d3-4f46-84be-14947ac3fd12" testId="29d6fd48-124d-9b94-b692-7254fb783bbc" testName="FS.GG.SDD.Validation.Tests.ValidationMarkdownTests.an empty report still renders a well-formed document" computerName="780ae460ce3c" duration="00:00:00.0000649" startTime="2026-08-30T08:50:20.7323658+02:00" endTime="2026-08-30T08:50:20.7323778+02:00" testType="13cdc9d9-ddb5-4fa4-a97d-d965ccfc6d4b" outcome="Passed" testListId="8c84fa94-04c1-424b-9868-57a2d4851a1d" relativeResultsDirectory="723c2f6b-57d3-4f46-84be-14947ac3fd12" />
    <UnitTestResult executionId="db680814-952e-41f4-9fee-2e53e8eef252" testId="33f37822-fa7b-1025-8917-1420289060e6" testName="FS.GG.SDD.Validation.Tests.BugGuardCheckTests.an unresolvable issue is flagged as a dangling link" computerName="780ae460ce3c" duration="00:00:00.0016084" startTime="2026-08-30T08:50:19.8187304+02:00" endTime="2026-08-30T08:50:19.8187591+02:00" testType="13cdc9d9-ddb5-4fa4-a97d-d965ccfc6d4b" outcome="Passed" testListId="8c84fa94-04c1-424b-9868-57a2d4851a1d" relativeResultsDirectory="db680814-952e-41f4-9fee-2e53e8eef252" />
    <UnitTestResult executionId="076d03a4-6764-4427-92bd-c3dcefc6f242" testId="0aa4c588-bbe4-bf9b-2480-4848fe066089" testName="FS.GG.SDD.Validation.Tests.DeterminismMatrixTests.produced outputs reproduce byte-identically under a perturbed host" computerName="780ae460ce3c" duration="00:00:00.2342740" startTime="2026-08-30T08:50:19.5365859+02:00" endTime="2026-08-30T08:50:19.7702525+02:00" testType="13cdc9d9-ddb5-4fa4-a97d-d965ccfc6d4b" outcome="Passed" testListId="8c84fa94-04c1-424b-9868-57a2d4851a1d" relativeResultsDirectory="076d03a4-6764-4427-92bd-c3dcefc6f242" />
    <UnitTestResult executionId="a7b7ecb1-fef1-4d9a-a997-3fe55b6c697e" testId="efef7382-e3b8-5729-6bc9-c0fc1b0be26a" testName="FS.GG.SDD.Validation.Tests.BugGuardCheckTests.stays silent once the guarded issue is CLOSED" computerName="780ae460ce3c" duration="00:00:00.0001895" startTime="2026-08-30T08:50:19.8204267+02:00" endTime="2026-08-30T08:50:19.8205886+02:00" testType="13cdc9d9-ddb5-4fa4-a97d-d965ccfc6d4b" outcome="Passed" testListId="8c84fa94-04c1-424b-9868-57a2d4851a1d" relativeResultsDirectory="a7b7ecb1-fef1-4d9a-a997-3fe55b6c697e" />
    <UnitTestResult executionId="50d2ed34-0f42-49fe-9fe6-526502997916" testId="f3b21bfc-6445-373c-efb8-9507dbc597b5" testName="FS.GG.SDD.Validation.Tests.IsolationTests.the report encodes no Governance route/profile/freshness/gate/verdict" computerName="780ae460ce3c" duration="00:00:00.0183955" startTime="2026-08-30T08:50:19.7704893+02:00" endTime="2026-08-30T08:50:19.7888474+02:00" testType="13cdc9d9-ddb5-4fa4-a97d-d965ccfc6d4b" outcome="Passed" testListId="8c84fa94-04c1-424b-9868-57a2d4851a1d" relativeResultsDirectory="50d2ed34-0f42-49fe-9fe6-526502997916" />
    <UnitTestResult executionId="7a852622-bb20-4985-8af2-5e8528368a62" testId="cf5de327-fa5c-4696-35c9-069b40741379" testName="FS.GG.SDD.Validation.Tests.BugGuardCheckTests.the TD1 14 scenario: scan-then-check fires while open, silent after the fix lands" computerName="780ae460ce3c" duration="00:00:00.0004077" startTime="2026-08-30T08:50:19.8206559+02:00" endTime="2026-08-30T08:50:19.8210289+02:00" testType="13cdc9d9-ddb5-4fa4-a97d-d965ccfc6d4b" outcome="Passed" testListId="8c84fa94-04c1-424b-9868-57a2d4851a1d" relativeResultsDirectory="7a852622-bb20-4985-8af2-5e8528368a62" />
    <UnitTestResult executionId="d30573a9-38fe-4ff0-8f5b-de6324c1cd39" testId="b8b2b68c-6b03-a46f-783b-204887247ab3" testName="FS.GG.SDD.Validation.Tests.ValidationMarkdownTests.renderMarkdown emits zero ANSI" computerName="780ae460ce3c" duration="00:00:00.0003008" startTime="2026-08-30T08:50:20.7320701+02:00" endTime="2026-08-30T08:50:20.7322876+02:00" testType="13cdc9d9-ddb5-4fa4-a97d-d965ccfc6d4b" outcome="Passed" testListId="8c84fa94-04c1-424b-9868-57a2d4851a1d" relativeResultsDirectory="d30573a9-38fe-4ff0-8f5b-de6324c1cd39" />
    <UnitTestResult executionId="91066b91-1306-421d-96dd-e0b20d96755c" testId="de81e502-8415-27b4-3200-fc4ffe17cb8a" testName="FS.GG.SDD.Validation.Tests.LifecycleMatrixTests.a clean run has no failing lifecycle cell" computerName="780ae460ce3c" duration="00:00:00.2948035" startTime="2026-08-30T08:50:19.8218067+02:00" endTime="2026-08-30T08:50:20.1167236+02:00" testType="13cdc9d9-ddb5-4fa4-a97d-d965ccfc6d4b" outcome="Passed" testListId="8c84fa94-04c1-424b-9868-57a2d4851a1d" relativeResultsDirectory="91066b91-1306-421d-96dd-e0b20d96755c" />
    <UnitTestResult executionId="c0b729b0-c9e2-40f1-9d8a-535d65b124c7" testId="1f15dcaf-5362-3f4f-e4a5-40b01158806c" testName="FS.GG.SDD.Validation.Tests.CoverageGapTests.an uncovered real command is a coverageGap and the run does not pass" computerName="780ae460ce3c" duration="00:00:00.0218829" startTime="2026-08-30T08:50:19.2733575+02:00" endTime="2026-08-30T08:50:19.2899817+02:00" testType="13cdc9d9-ddb5-4fa4-a97d-d965ccfc6d4b" outcome="Passed" testListId="8c84fa94-04c1-424b-9868-57a2d4851a1d" relativeResultsDirectory="c0b729b0-c9e2-40f1-9d8a-535d65b124c7" />
    <UnitTestResult executionId="bfd7880a-6de3-46a5-a6a1-48d0f67c694e" testId="dc82e0c7-fb55-d5a1-5f15-cfe37a89f23b" testName="FS.GG.SDD.Validation.Tests.DeterminismMatrixTests.every output x environment is a cell and none fails on a clean run" computerName="780ae460ce3c" duration="00:00:00.2268522" startTime="2026-08-30T08:50:19.3091389+02:00" endTime="2026-08-30T08:50:19.5359255+02:00" testType="13cdc9d9-ddb5-4fa4-a97d-d965ccfc6d4b" outcome="Passed" testListId="8c84fa94-04c1-424b-9868-57a2d4851a1d" relativeResultsDirectory="bfd7880a-6de3-46a5-a6a1-48d0f67c694e" />
    <UnitTestResult executionId="53f1b9db-2d41-403c-83cd-ed9e82045a81" testId="3e9089a0-66cf-bf1d-a973-730b261c5097" testName="FS.GG.SDD.Validation.Tests.ValidationMarkdownTests.renderMarkdown surfaces verdict, five counts, matrices rollup, and non-passing cells" computerName="780ae460ce3c" duration="00:00:00.0001375" startTime="2026-08-30T08:50:20.7326598+02:00" endTime="2026-08-30T08:50:20.7327480+02:00" testType="13cdc9d9-ddb5-4fa4-a97d-d965ccfc6d4b" outcome="Passed" testListId="8c84fa94-04c1-424b-9868-57a2d4851a1d" relativeResultsDirectory="53f1b9db-2d41-403c-83cd-ed9e82045a81" />
    <UnitTestResult executionId="899ec3bf-e5b2-4179-bb63-7200a0d62c55" testId="13e633b3-21d9-7d29-2dc9-2f7547102331" testName="FS.GG.SDD.Validation.Tests.IsolationTests.run completes and emits a report with no Governance runtime present" computerName="780ae460ce3c" duration="00:00:00.0162976" startTime="2026-08-30T08:50:19.7889750+02:00" endTime="2026-08-30T08:50:19.8051996+02:00" testType="13cdc9d9-ddb5-4fa4-a97d-d965ccfc6d4b" outcome="Passed" testListId="8c84fa94-04c1-424b-9868-57a2d4851a1d" relativeResultsDirectory="899ec3bf-e5b2-4179-bb63-7200a0d62c55" />
    <UnitTestResult executionId="fcef5b62-fd25-4861-8df0-733d6b459698" testId="081e69cc-1871-7b4d-7aa4-bd2a2a8df2ca" testName="FS.GG.SDD.Validation.Tests.BugGuardCheckTests.mixed corpus: only markers whose issue is OPEN produce warnings, deterministically ordered" computerName="780ae460ce3c" duration="00:00:00.0004664" startTime="2026-08-30T08:50:19.8212682+02:00" endTime="2026-08-30T08:50:19.8217010+02:00" testType="13cdc9d9-ddb5-4fa4-a97d-d965ccfc6d4b" outcome="Passed" testListId="8c84fa94-04c1-424b-9868-57a2d4851a1d" relativeResultsDirectory="fcef5b62-fd25-4861-8df0-733d6b459698" />
    <UnitTestResult executionId="22a4556e-5b86-4d23-a7e3-001122309d1a" testId="106fe074-dbcb-efbf-2eb9-c59e8af1c766" testName="FS.GG.SDD.Validation.Tests.ValidationMarkdownTests.a pipe in a matrix name is escaped so the rollup table is not broken" computerName="780ae460ce3c" duration="00:00:00.0001124" startTime="2026-08-30T08:50:20.7319785+02:00" endTime="2026-08-30T08:50:20.7319930+02:00" testType="13cdc9d9-ddb5-4fa4-a97d-d965ccfc6d4b" outcome="Passed" testListId="8c84fa94-04c1-424b-9868-57a2d4851a1d" relativeResultsDirectory="22a4556e-5b86-4d23-a7e3-001122309d1a" />
    <UnitTestResult executionId="62cda0c8-978d-4008-a3ab-7d214d8bcda9" testId="f7d32619-7806-1cb2-6f7f-7905a35beca2" testName="FS.GG.SDD.Validation.Tests.CoverageGapTests.a clean full-surface plan reports no coverage gaps" computerName="780ae460ce3c" duration="00:00:00.3941278" startTime="2026-08-30T08:50:18.8702554+02:00" endTime="2026-08-30T08:50:19.2680505+02:00" testType="13cdc9d9-ddb5-4fa4-a97d-d965ccfc6d4b" outcome="Passed" testListId="8c84fa94-04c1-424b-9868-57a2d4851a1d" relativeResultsDirectory="62cda0c8-978d-4008-a3ab-7d214d8bcda9" />
    <UnitTestResult executionId="87a73216-53e8-4035-8d46-43ad0a30b010" testId="51862f7a-de78-cbce-84dc-335a4c38939e" testName="FS.GG.SDD.Validation.Tests.SurfaceBaselineTests.Public validation surface matches baseline" computerName="780ae460ce3c" duration="00:00:00.0173472" startTime="2026-08-30T08:50:21.1222817+02:00" endTime="2026-08-30T08:50:21.1396286+02:00" testType="13cdc9d9-ddb5-4fa4-a97d-d965ccfc6d4b" outcome="Passed" testListId="8c84fa94-04c1-424b-9868-57a2d4851a1d" relativeResultsDirectory="87a73216-53e8-4035-8d46-43ad0a30b010" />
    <UnitTestResult executionId="6f6da000-91f0-4609-86c4-568857290272" testId="43cc4cd2-d00d-e8b5-bb7c-526ec87c5529" testName="FS.GG.SDD.Validation.Tests.ValidationMarkdownTests.renderMarkdown summarizes passing cells and invents no foreign fact" computerName="780ae460ce3c" duration="00:00:00.0061085" startTime="2026-08-30T08:50:20.7257591+02:00" endTime="2026-08-30T08:50:20.7318428+02:00" testType="13cdc9d9-ddb5-4fa4-a97d-d965ccfc6d4b" outcome="Passed" testListId="8c84fa94-04c1-424b-9868-57a2d4851a1d" relativeResultsDirectory="6f6da000-91f0-4609-86c4-568857290272" />
    <UnitTestResult executionId="b63b344a-c8d1-432c-8225-1c2f5ed40f3f" testId="9cd7c00d-3d7f-18ad-33a2-7caa7a4eee0e" testName="FS.GG.SDD.Validation.Tests.BugGuardCheckTests.a guards marker on an OPEN issue also fires" computerName="780ae460ce3c" duration="00:00:00.0001510" startTime="2026-08-30T08:50:19.8210942+02:00" endTime="2026-08-30T08:50:19.8212064+02:00" testType="13cdc9d9-ddb5-4fa4-a97d-d965ccfc6d4b" outcome="Passed" testListId="8c84fa94-04c1-424b-9868-57a2d4851a1d" relativeResultsDirectory="b63b344a-c8d1-432c-8225-1c2f5ed40f3f" />
    <UnitTestResult executionId="cd2c0583-7183-4c30-b975-b70468f57859" testId="86cac0cb-820c-85bf-0a77-d172e719dfac" testName="FS.GG.SDD.Validation.Tests.LifecycleMatrixTests.a seeded single-cell divergence fails exactly that cell with a diagnostic" computerName="780ae460ce3c" duration="00:00:00.3222815" startTime="2026-08-30T08:50:20.4033043+02:00" endTime="2026-08-30T08:50:20.7255178+02:00" testType="13cdc9d9-ddb5-4fa4-a97d-d965ccfc6d4b" outcome="Passed" testListId="8c84fa94-04c1-424b-9868-57a2d4851a1d" relativeResultsDirectory="cd2c0583-7183-4c30-b975-b70468f57859" />
    <UnitTestResult executionId="e8820e1c-0735-4d02-8fc2-2371df57836f" testId="905b87a3-fc4e-18d9-c227-f57fa31943ec" testName="FS.GG.SDD.Validation.Tests.BaselineMatrixTests.conformance cells are decided, never left pending" computerName="780ae460ce3c" duration="00:00:00.0975347" startTime="2026-08-30T08:50:21.0245452+02:00" endTime="2026-08-30T08:50:21.1220277+02:00" testType="13cdc9d9-ddb5-4fa4-a97d-d965ccfc6d4b" outcome="Passed" testListId="8c84fa94-04c1-424b-9868-57a2d4851a1d" relativeResultsDirectory="e8820e1c-0735-4d02-8fc2-2371df57836f" />
  </Results>
  <TestDefinitions>
    <UnitTest name="FS.GG.SDD.Validation.Tests.IsolationTests.the report encodes no Governance route/profile/freshness/gate/verdict" storage="/tmp/fsgg-sdd-942-b0peiy/tests/fs.gg.sdd.validation.tests/bin/debug/net10.0/fs.gg.sdd.validation.tests.dll" id="f3b21bfc-6445-373c-efb8-9507dbc597b5">
      <Execution id="50d2ed34-0f42-49fe-9fe6-526502997916" />
      <TestMethod codeBase="/tmp/fsgg-sdd-942-B0PEiy/tests/FS.GG.SDD.Validation.Tests/bin/Debug/net10.0/FS.GG.SDD.Validation.Tests.dll" adapterTypeName="executor://xunit/VsTestRunner3/netcore/" className="FS.GG.SDD.Validation.Tests.IsolationTests" name="the report encodes no Governance route/profile/freshness/gate/verdict" />
    </UnitTest>
    <UnitTest name="FS.GG.SDD.Validation.Tests.ValidationMarkdownTests.a pipe in a matrix name is escaped so the rollup table is not broken" storage="/tmp/fsgg-sdd-942-b0peiy/tests/fs.gg.sdd.validation.tests/bin/debug/net10.0/fs.gg.sdd.validation.tests.dll" id="106fe074-dbcb-efbf-2eb9-c59e8af1c766">
      <Execution id="22a4556e-5b86-4d23-a7e3-001122309d1a" />
      <TestMethod codeBase="/tmp/fsgg-sdd-942-B0PEiy/tests/FS.GG.SDD.Validation.Tests/bin/Debug/net10.0/FS.GG.SDD.Validation.Tests.dll" adapterTypeName="executor://xunit/VsTestRunner3/netcore/" className="FS.GG.SDD.Validation.Tests.ValidationMarkdownTests" name="a pipe in a matrix name is escaped so the rollup table is not broken" />
    </UnitTest>
    <UnitTest name="FS.GG.SDD.Validation.Tests.ValidationMarkdownTests.an empty report still renders a well-formed document" storage="/tmp/fsgg-sdd-942-b0peiy/tests/fs.gg.sdd.validation.tests/bin/debug/net10.0/fs.gg.sdd.validation.tests.dll" id="29d6fd48-124d-9b94-b692-7254fb783bbc">
      <Execution id="723c2f6b-57d3-4f46-84be-14947ac3fd12" />
      <TestMethod codeBase="/tmp/fsgg-sdd-942-B0PEiy/tests/FS.GG.SDD.Validation.Tests/bin/Debug/net10.0/FS.GG.SDD.Validation.Tests.dll" adapterTypeName="executor://xunit/VsTestRunner3/netcore/" className="FS.GG.SDD.Validation.Tests.ValidationMarkdownTests" name="an empty report still renders a well-formed document" />
    </UnitTest>
    <UnitTest name="FS.GG.SDD.Validation.Tests.BugGuardCheckTests.stays silent once the guarded issue is CLOSED" storage="/tmp/fsgg-sdd-942-b0peiy/tests/fs.gg.sdd.validation.tests/bin/debug/net10.0/fs.gg.sdd.validation.tests.dll" id="efef7382-e3b8-5729-6bc9-c0fc1b0be26a">
      <Execution id="a7b7ecb1-fef1-4d9a-a997-3fe55b6c697e" />
      <TestMethod codeBase="/tmp/fsgg-sdd-942-B0PEiy/tests/FS.GG.SDD.Validation.Tests/bin/Debug/net10.0/FS.GG.SDD.Validation.Tests.dll" adapterTypeName="executor://xunit/VsTestRunner3/netcore/" className="FS.GG.SDD.Validation.Tests.BugGuardCheckTests" name="stays silent once the guarded issue is CLOSED" />
    </UnitTest>
    <UnitTest name="FS.GG.SDD.Validation.Tests.BaselineMatrixTests.every catalog contract has a baseline and a conformance cell" storage="/tmp/fsgg-sdd-942-b0peiy/tests/fs.gg.sdd.validation.tests/bin/debug/net10.0/fs.gg.sdd.validation.tests.dll" id="bfa4332f-da8b-cf30-3cb0-284bc7cdb6e0">
      <Execution id="ef03b11a-9396-4941-905e-6e414c1d0d32" />
      <TestMethod codeBase="/tmp/fsgg-sdd-942-B0PEiy/tests/FS.GG.SDD.Validation.Tests/bin/Debug/net10.0/FS.GG.SDD.Validation.Tests.dll" adapterTypeName="executor://xunit/VsTestRunner3/netcore/" className="FS.GG.SDD.Validation.Tests.BaselineMatrixTests" name="every catalog contract has a baseline and a conformance cell" />
    </UnitTest>
    <UnitTest name="FS.GG.SDD.Validation.Tests.BugGuardCheckTests.the bare word guards without a hash-number is not a marker" storage="/tmp/fsgg-sdd-942-b0peiy/tests/fs.gg.sdd.validation.tests/bin/debug/net10.0/fs.gg.sdd.validation.tests.dll" id="e4141d06-505e-ef24-99dd-8734cf29d757">
      <Execution id="c4ba5414-e6f0-436e-8c90-eae91861591c" />
      <TestMethod codeBase="/tmp/fsgg-sdd-942-B0PEiy/tests/FS.GG.SDD.Validation.Tests/bin/Debug/net10.0/FS.GG.SDD.Validation.Tests.dll" adapterTypeName="executor://xunit/VsTestRunner3/netcore/" className="FS.GG.SDD.Validation.Tests.BugGuardCheckTests" name="the bare word guards without a hash-number is not a marker" />
    </UnitTest>
    <UnitTest name="FS.GG.SDD.Validation.Tests.ValidationMarkdownTests.renderMarkdown emits zero ANSI" storage="/tmp/fsgg-sdd-942-b0peiy/tests/fs.gg.sdd.validation.tests/bin/debug/net10.0/fs.gg.sdd.validation.tests.dll" id="b8b2b68c-6b03-a46f-783b-204887247ab3">
      <Execution id="d30573a9-38fe-4ff0-8f5b-de6324c1cd39" />
      <TestMethod codeBase="/tmp/fsgg-sdd-942-B0PEiy/tests/FS.GG.SDD.Validation.Tests/bin/Debug/net10.0/FS.GG.SDD.Validation.Tests.dll" adapterTypeName="executor://xunit/VsTestRunner3/netcore/" className="FS.GG.SDD.Validation.Tests.ValidationMarkdownTests" name="renderMarkdown emits zero ANSI" />
    </UnitTest>
    <UnitTest name="FS.GG.SDD.Validation.Tests.BaselineMatrixTests.baseline cells never pass by absence" storage="/tmp/fsgg-sdd-942-b0peiy/tests/fs.gg.sdd.validation.tests/bin/debug/net10.0/fs.gg.sdd.validation.tests.dll" id="42fb6aae-faa9-c42b-4cb0-e55ed898f1b5">
      <Execution id="c24af354-562c-44b1-a87b-98b5836b17f6" />
      <TestMethod codeBase="/tmp/fsgg-sdd-942-B0PEiy/tests/FS.GG.SDD.Validation.Tests/bin/Debug/net10.0/FS.GG.SDD.Validation.Tests.dll" adapterTypeName="executor://xunit/VsTestRunner3/netcore/" className="FS.GG.SDD.Validation.Tests.BaselineMatrixTests" name="baseline cells never pass by absence" />
    </UnitTest>
    <UnitTest name="FS.GG.SDD.Validation.Tests.IsolationTests.the Commands assembly does not depend on the Validation assembly" storage="/tmp/fsgg-sdd-942-b0peiy/tests/fs.gg.sdd.validation.tests/bin/debug/net10.0/fs.gg.sdd.validation.tests.dll" id="0c516ca5-488a-0813-ca11-da73430dde8c">
      <Execution id="e5ab2dae-69b5-4fda-8a6d-71640115365a" />
      <TestMethod codeBase="/tmp/fsgg-sdd-942-B0PEiy/tests/FS.GG.SDD.Validation.Tests/bin/Debug/net10.0/FS.GG.SDD.Validation.Tests.dll" adapterTypeName="executor://xunit/VsTestRunner3/netcore/" className="FS.GG.SDD.Validation.Tests.IsolationTests" name="the Commands assembly does not depend on the Validation assembly" />
    </UnitTest>
    <UnitTest name="FS.GG.SDD.Validation.Tests.ReportDeterminismTests.two runs serialize byte-identically" storage="/tmp/fsgg-sdd-942-b0peiy/tests/fs.gg.sdd.validation.tests/bin/debug/net10.0/fs.gg.sdd.validation.tests.dll" id="1daf5461-bea9-accd-ab80-ebd24f98bd44">
      <Execution id="f1d63d38-bcee-4777-ae18-f1c23fe57900" />
      <TestMethod codeBase="/tmp/fsgg-sdd-942-B0PEiy/tests/FS.GG.SDD.Validation.Tests/bin/Debug/net10.0/FS.GG.SDD.Validation.Tests.dll" adapterTypeName="executor://xunit/VsTestRunner3/netcore/" className="FS.GG.SDD.Validation.Tests.ReportDeterminismTests" name="two runs serialize byte-identically" />
    </UnitTest>
    <UnitTest name="FS.GG.SDD.Validation.Tests.BugGuardCheckTests.an unresolvable issue is flagged as a dangling link" storage="/tmp/fsgg-sdd-942-b0peiy/tests/fs.gg.sdd.validation.tests/bin/debug/net10.0/fs.gg.sdd.validation.tests.dll" id="33f37822-fa7b-1025-8917-1420289060e6">
      <Execution id="db680814-952e-41f4-9fee-2e53e8eef252" />
      <TestMethod codeBase="/tmp/fsgg-sdd-942-B0PEiy/tests/FS.GG.SDD.Validation.Tests/bin/Debug/net10.0/FS.GG.SDD.Validation.Tests.dll" adapterTypeName="executor://xunit/VsTestRunner3/netcore/" className="FS.GG.SDD.Validation.Tests.BugGuardCheckTests" name="an unresolvable issue is flagged as a dangling link" />
    </UnitTest>
    <UnitTest name="FS.GG.SDD.Validation.Tests.BugGuardCheckTests.fires on a test guarding an OPEN issue" storage="/tmp/fsgg-sdd-942-b0peiy/tests/fs.gg.sdd.validation.tests/bin/debug/net10.0/fs.gg.sdd.validation.tests.dll" id="332058a0-1750-afe3-690f-4f7ac7a3fdb5">
      <Execution id="969f8cf6-fe37-4d71-974b-e5b8a3dbf53d" />
      <TestMethod codeBase="/tmp/fsgg-sdd-942-B0PEiy/tests/FS.GG.SDD.Validation.Tests/bin/Debug/net10.0/FS.GG.SDD.Validation.Tests.dll" adapterTypeName="executor://xunit/VsTestRunner3/netcore/" className="FS.GG.SDD.Validation.Tests.BugGuardCheckTests" name="fires on a test guarding an OPEN issue" />
    </UnitTest>
    <UnitTest name="FS.GG.SDD.Validation.Tests.ReportDeterminismTests.a parsed report round-trips to the same bytes" storage="/tmp/fsgg-sdd-942-b0peiy/tests/fs.gg.sdd.validation.tests/bin/debug/net10.0/fs.gg.sdd.validation.tests.dll" id="76595657-cd2a-315e-09a0-ff2a66a8173c">
      <Execution id="1810008f-a9c3-480d-9ece-5a0a8064664b" />
      <TestMethod codeBase="/tmp/fsgg-sdd-942-B0PEiy/tests/FS.GG.SDD.Validation.Tests/bin/Debug/net10.0/FS.GG.SDD.Validation.Tests.dll" adapterTypeName="executor://xunit/VsTestRunner3/netcore/" className="FS.GG.SDD.Validation.Tests.ReportDeterminismTests" name="a parsed report round-trips to the same bytes" />
    </UnitTest>
    <UnitTest name="FS.GG.SDD.Validation.Tests.DeterminismMatrixTests.produced outputs reproduce byte-identically under a perturbed host" storage="/tmp/fsgg-sdd-942-b0peiy/tests/fs.gg.sdd.validation.tests/bin/debug/net10.0/fs.gg.sdd.validation.tests.dll" id="0aa4c588-bbe4-bf9b-2480-4848fe066089">
      <Execution id="076d03a4-6764-4427-92bd-c3dcefc6f242" />
      <TestMethod codeBase="/tmp/fsgg-sdd-942-B0PEiy/tests/FS.GG.SDD.Validation.Tests/bin/Debug/net10.0/FS.GG.SDD.Validation.Tests.dll" adapterTypeName="executor://xunit/VsTestRunner3/netcore/" className="FS.GG.SDD.Validation.Tests.DeterminismMatrixTests" name="produced outputs reproduce byte-identically under a perturbed host" />
    </UnitTest>
    <UnitTest name="FS.GG.SDD.Validation.Tests.ReportDeterminismTests.the serialized report fences sensed metadata to null and carries no ANSI" storage="/tmp/fsgg-sdd-942-b0peiy/tests/fs.gg.sdd.validation.tests/bin/debug/net10.0/fs.gg.sdd.validation.tests.dll" id="86b32713-21d2-28de-6614-ab024299f548">
      <Execution id="a188a81b-2707-41fa-8aeb-b02b35e99a89" />
      <TestMethod codeBase="/tmp/fsgg-sdd-942-B0PEiy/tests/FS.GG.SDD.Validation.Tests/bin/Debug/net10.0/FS.GG.SDD.Validation.Tests.dll" adapterTypeName="executor://xunit/VsTestRunner3/netcore/" className="FS.GG.SDD.Validation.Tests.ReportDeterminismTests" name="the serialized report fences sensed metadata to null and carries no ANSI" />
    </UnitTest>
    <UnitTest name="FS.GG.SDD.Validation.Tests.ValidationMarkdownTests.renderMarkdown surfaces verdict, five counts, matrices rollup, and non-passing cells" storage="/tmp/fsgg-sdd-942-b0peiy/tests/fs.gg.sdd.validation.tests/bin/debug/net10.0/fs.gg.sdd.validation.tests.dll" id="3e9089a0-66cf-bf1d-a973-730b261c5097">
      <Execution id="53f1b9db-2d41-403c-83cd-ed9e82045a81" />
      <TestMethod codeBase="/tmp/fsgg-sdd-942-B0PEiy/tests/FS.GG.SDD.Validation.Tests/bin/Debug/net10.0/FS.GG.SDD.Validation.Tests.dll" adapterTypeName="executor://xunit/VsTestRunner3/netcore/" className="FS.GG.SDD.Validation.Tests.ValidationMarkdownTests" name="renderMarkdown surfaces verdict, five counts, matrices rollup, and non-passing cells" />
    </UnitTest>
    <UnitTest name="FS.GG.SDD.Validation.Tests.LifecycleMatrixTests.a seeded single-cell divergence fails exactly that cell with a diagnostic" storage="/tmp/fsgg-sdd-942-b0peiy/tests/fs.gg.sdd.validation.tests/bin/debug/net10.0/fs.gg.sdd.validation.tests.dll" id="86cac0cb-820c-85bf-0a77-d172e719dfac">
      <Execution id="cd2c0583-7183-4c30-b975-b70468f57859" />
      <TestMethod codeBase="/tmp/fsgg-sdd-942-B0PEiy/tests/FS.GG.SDD.Validation.Tests/bin/Debug/net10.0/FS.GG.SDD.Validation.Tests.dll" adapterTypeName="executor://xunit/VsTestRunner3/netcore/" className="FS.GG.SDD.Validation.Tests.LifecycleMatrixTests" name="a seeded single-cell divergence fails exactly that cell with a diagnostic" />
    </UnitTest>
    <UnitTest name="FS.GG.SDD.Validation.Tests.BaselineMatrixTests.conformance cells are decided, never left pending" storage="/tmp/fsgg-sdd-942-b0peiy/tests/fs.gg.sdd.validation.tests/bin/debug/net10.0/fs.gg.sdd.validation.tests.dll" id="905b87a3-fc4e-18d9-c227-f57fa31943ec">
      <Execution id="e8820e1c-0735-4d02-8fc2-2371df57836f" />
      <TestMethod codeBase="/tmp/fsgg-sdd-942-B0PEiy/tests/FS.GG.SDD.Validation.Tests/bin/Debug/net10.0/FS.GG.SDD.Validation.Tests.dll" adapterTypeName="executor://xunit/VsTestRunner3/netcore/" className="FS.GG.SDD.Validation.Tests.BaselineMatrixTests" name="conformance cells are decided, never left pending" />
    </UnitTest>
    <UnitTest name="FS.GG.SDD.Validation.Tests.BugGuardCheckTests.scan is case-insensitive and tolerates whitespace around the hash" storage="/tmp/fsgg-sdd-942-b0peiy/tests/fs.gg.sdd.validation.tests/bin/debug/net10.0/fs.gg.sdd.validation.tests.dll" id="5d24aeb5-fddd-a807-8d5a-ab3b9716561a">
      <Execution id="aa80f0da-82ec-4b6a-aae0-b8c54e21b911" />
      <TestMethod codeBase="/tmp/fsgg-sdd-942-B0PEiy/tests/FS.GG.SDD.Validation.Tests/bin/Debug/net10.0/FS.GG.SDD.Validation.Tests.dll" adapterTypeName="executor://xunit/VsTestRunner3/netcore/" className="FS.GG.SDD.Validation.Tests.BugGuardCheckTests" name="scan is case-insensitive and tolerates whitespace around the hash" />
    </UnitTest>
    <UnitTest name="FS.GG.SDD.Validation.Tests.CoverageGapTests.a clean full-surface plan reports no coverage gaps" storage="/tmp/fsgg-sdd-942-b0peiy/tests/fs.gg.sdd.validation.tests/bin/debug/net10.0/fs.gg.sdd.validation.tests.dll" id="f7d32619-7806-1cb2-6f7f-7905a35beca2">
      <Execution id="62cda0c8-978d-4008-a3ab-7d214d8bcda9" />
      <TestMethod codeBase="/tmp/fsgg-sdd-942-B0PEiy/tests/FS.GG.SDD.Validation.Tests/bin/Debug/net10.0/FS.GG.SDD.Validation.Tests.dll" adapterTypeName="executor://xunit/VsTestRunner3/netcore/" className="FS.GG.SDD.Validation.Tests.CoverageGapTests" name="a clean full-surface plan reports no coverage gaps" />
    </UnitTest>
    <UnitTest name="FS.GG.SDD.Validation.Tests.ValidationMarkdownTests.an all-pass report renders a passed verdict and enumerates no cell" storage="/tmp/fsgg-sdd-942-b0peiy/tests/fs.gg.sdd.validation.tests/bin/debug/net10.0/fs.gg.sdd.validation.tests.dll" id="290337ac-1a68-cbba-15c1-2afe9d649915">
      <Execution id="12f8bd6b-30a2-4791-a8c6-dc799dcb78a1" />
      <TestMethod codeBase="/tmp/fsgg-sdd-942-B0PEiy/tests/FS.GG.SDD.Validation.Tests/bin/Debug/net10.0/FS.GG.SDD.Validation.Tests.dll" adapterTypeName="executor://xunit/VsTestRunner3/netcore/" className="FS.GG.SDD.Validation.Tests.ValidationMarkdownTests" name="an all-pass report renders a passed verdict and enumerates no cell" />
    </UnitTest>
    <UnitTest name="FS.GG.SDD.Validation.Tests.CoverageGapTests.a declared contract absent from the real catalog is a detectable failure" storage="/tmp/fsgg-sdd-942-b0peiy/tests/fs.gg.sdd.validation.tests/bin/debug/net10.0/fs.gg.sdd.validation.tests.dll" id="751abe0d-a808-5a62-065c-4d81c97ae640">
      <Execution id="73fb0c5e-0c4c-4927-be00-3a4736a0eb1e" />
      <TestMethod codeBase="/tmp/fsgg-sdd-942-B0PEiy/tests/FS.GG.SDD.Validation.Tests/bin/Debug/net10.0/FS.GG.SDD.Validation.Tests.dll" adapterTypeName="executor://xunit/VsTestRunner3/netcore/" className="FS.GG.SDD.Validation.Tests.CoverageGapTests" name="a declared contract absent from the real catalog is a detectable failure" />
    </UnitTest>
    <UnitTest name="FS.GG.SDD.Validation.Tests.BugGuardCheckTests.mixed corpus: only markers whose issue is OPEN produce warnings, deterministically ordered" storage="/tmp/fsgg-sdd-942-b0peiy/tests/fs.gg.sdd.validation.tests/bin/debug/net10.0/fs.gg.sdd.validation.tests.dll" id="081e69cc-1871-7b4d-7aa4-bd2a2a8df2ca">
      <Execution id="fcef5b62-fd25-4861-8df0-733d6b459698" />
      <TestMethod codeBase="/tmp/fsgg-sdd-942-B0PEiy/tests/FS.GG.SDD.Validation.Tests/bin/Debug/net10.0/FS.GG.SDD.Validation.Tests.dll" adapterTypeName="executor://xunit/VsTestRunner3/netcore/" className="FS.GG.SDD.Validation.Tests.BugGuardCheckTests" name="mixed corpus: only markers whose issue is OPEN produce warnings, deterministically ordered" />
    </UnitTest>
    <UnitTest name="FS.GG.SDD.Validation.Tests.LifecycleMatrixTests.every command x projection x state appears as a cell with a status" storage="/tmp/fsgg-sdd-942-b0peiy/tests/fs.gg.sdd.validation.tests/bin/debug/net10.0/fs.gg.sdd.validation.tests.dll" id="f2d06985-d3fc-b42b-ae89-d8e55777984c">
      <Execution id="fe350ce1-1eef-4712-a5c5-d6540dab0aa7" />
      <TestMethod codeBase="/tmp/fsgg-sdd-942-B0PEiy/tests/FS.GG.SDD.Validation.Tests/bin/Debug/net10.0/FS.GG.SDD.Validation.Tests.dll" adapterTypeName="executor://xunit/VsTestRunner3/netcore/" className="FS.GG.SDD.Validation.Tests.LifecycleMatrixTests" name="every command x projection x state appears as a cell with a status" />
    </UnitTest>
    <UnitTest name="FS.GG.SDD.Validation.Tests.ValidationMarkdownTests.renderMarkdown omits envelope metadata and does not surface sensed data" storage="/tmp/fsgg-sdd-942-b0peiy/tests/fs.gg.sdd.validation.tests/bin/debug/net10.0/fs.gg.sdd.validation.tests.dll" id="4696b03f-0459-1b5a-395c-155920594de5">
      <Execution id="5247a502-d156-4485-b65d-ac949f2ef157" />
      <TestMethod codeBase="/tmp/fsgg-sdd-942-B0PEiy/tests/FS.GG.SDD.Validation.Tests/bin/Debug/net10.0/FS.GG.SDD.Validation.Tests.dll" adapterTypeName="executor://xunit/VsTestRunner3/netcore/" className="FS.GG.SDD.Validation.Tests.ValidationMarkdownTests" name="renderMarkdown omits envelope metadata and does not surface sensed data" />
    </UnitTest>
    <UnitTest name="FS.GG.SDD.Validation.Tests.LifecycleMatrixTests.a clean run has no failing lifecycle cell" storage="/tmp/fsgg-sdd-942-b0peiy/tests/fs.gg.sdd.validation.tests/bin/debug/net10.0/fs.gg.sdd.validation.tests.dll" id="de81e502-8415-27b4-3200-fc4ffe17cb8a">
      <Execution id="91066b91-1306-421d-96dd-e0b20d96755c" />
      <TestMethod codeBase="/tmp/fsgg-sdd-942-B0PEiy/tests/FS.GG.SDD.Validation.Tests/bin/Debug/net10.0/FS.GG.SDD.Validation.Tests.dll" adapterTypeName="executor://xunit/VsTestRunner3/netcore/" className="FS.GG.SDD.Validation.Tests.LifecycleMatrixTests" name="a clean run has no failing lifecycle cell" />
    </UnitTest>
    <UnitTest name="FS.GG.SDD.Validation.Tests.ValidationMarkdownTests.renderMarkdown summarizes passing cells and invents no foreign fact" storage="/tmp/fsgg-sdd-942-b0peiy/tests/fs.gg.sdd.validation.tests/bin/debug/net10.0/fs.gg.sdd.validation.tests.dll" id="43cc4cd2-d00d-e8b5-bb7c-526ec87c5529">
      <Execution id="6f6da000-91f0-4609-86c4-568857290272" />
      <TestMethod codeBase="/tmp/fsgg-sdd-942-B0PEiy/tests/FS.GG.SDD.Validation.Tests/bin/Debug/net10.0/FS.GG.SDD.Validation.Tests.dll" adapterTypeName="executor://xunit/VsTestRunner3/netcore/" className="FS.GG.SDD.Validation.Tests.ValidationMarkdownTests" name="renderMarkdown summarizes passing cells and invents no foreign fact" />
    </UnitTest>
    <UnitTest name="FS.GG.SDD.Validation.Tests.IsolationTests.run completes and emits a report with no Governance runtime present" storage="/tmp/fsgg-sdd-942-b0peiy/tests/fs.gg.sdd.validation.tests/bin/debug/net10.0/fs.gg.sdd.validation.tests.dll" id="13e633b3-21d9-7d29-2dc9-2f7547102331">
      <Execution id="899ec3bf-e5b2-4179-bb63-7200a0d62c55" />
      <TestMethod codeBase="/tmp/fsgg-sdd-942-B0PEiy/tests/FS.GG.SDD.Validation.Tests/bin/Debug/net10.0/FS.GG.SDD.Validation.Tests.dll" adapterTypeName="executor://xunit/VsTestRunner3/netcore/" className="FS.GG.SDD.Validation.Tests.IsolationTests" name="run completes and emits a report with no Governance runtime present" />
    </UnitTest>
    <UnitTest name="FS.GG.SDD.Validation.Tests.DeterminismMatrixTests.every output x environment is a cell and none fails on a clean run" storage="/tmp/fsgg-sdd-942-b0peiy/tests/fs.gg.sdd.validation.tests/bin/debug/net10.0/fs.gg.sdd.validation.tests.dll" id="dc82e0c7-fb55-d5a1-5f15-cfe37a89f23b">
      <Execution id="bfd7880a-6de3-46a5-a6a1-48d0f67c694e" />
      <TestMethod codeBase="/tmp/fsgg-sdd-942-B0PEiy/tests/FS.GG.SDD.Validation.Tests/bin/Debug/net10.0/FS.GG.SDD.Validation.Tests.dll" adapterTypeName="executor://xunit/VsTestRunner3/netcore/" className="FS.GG.SDD.Validation.Tests.DeterminismMatrixTests" name="every output x environment is a cell and none fails on a clean run" />
    </UnitTest>
    <UnitTest name="FS.GG.SDD.Validation.Tests.SurfaceBaselineTests.Public validation surface matches baseline" storage="/tmp/fsgg-sdd-942-b0peiy/tests/fs.gg.sdd.validation.tests/bin/debug/net10.0/fs.gg.sdd.validation.tests.dll" id="51862f7a-de78-cbce-84dc-335a4c38939e">
      <Execution id="87a73216-53e8-4035-8d46-43ad0a30b010" />
      <TestMethod codeBase="/tmp/fsgg-sdd-942-B0PEiy/tests/FS.GG.SDD.Validation.Tests/bin/Debug/net10.0/FS.GG.SDD.Validation.Tests.dll" adapterTypeName="executor://xunit/VsTestRunner3/netcore/" className="FS.GG.SDD.Validation.Tests.SurfaceBaselineTests" name="Public validation surface matches baseline" />
    </UnitTest>
    <UnitTest name="FS.GG.SDD.Validation.Tests.BugGuardCheckTests.a guards marker on an OPEN issue also fires" storage="/tmp/fsgg-sdd-942-b0peiy/tests/fs.gg.sdd.validation.tests/bin/debug/net10.0/fs.gg.sdd.validation.tests.dll" id="9cd7c00d-3d7f-18ad-33a2-7caa7a4eee0e">
      <Execution id="b63b344a-c8d1-432c-8225-1c2f5ed40f3f" />
      <TestMethod codeBase="/tmp/fsgg-sdd-942-B0PEiy/tests/FS.GG.SDD.Validation.Tests/bin/Debug/net10.0/FS.GG.SDD.Validation.Tests.dll" adapterTypeName="executor://xunit/VsTestRunner3/netcore/" className="FS.GG.SDD.Validation.Tests.BugGuardCheckTests" name="a guards marker on an OPEN issue also fires" />
    </UnitTest>
    <UnitTest name="FS.GG.SDD.Validation.Tests.CoverageGapTests.an uncovered real command is a coverageGap and the run does not pass" storage="/tmp/fsgg-sdd-942-b0peiy/tests/fs.gg.sdd.validation.tests/bin/debug/net10.0/fs.gg.sdd.validation.tests.dll" id="1f15dcaf-5362-3f4f-e4a5-40b01158806c">
      <Execution id="c0b729b0-c9e2-40f1-9d8a-535d65b124c7" />
      <TestMethod codeBase="/tmp/fsgg-sdd-942-B0PEiy/tests/FS.GG.SDD.Validation.Tests/bin/Debug/net10.0/FS.GG.SDD.Validation.Tests.dll" adapterTypeName="executor://xunit/VsTestRunner3/netcore/" className="FS.GG.SDD.Validation.Tests.CoverageGapTests" name="an uncovered real command is a coverageGap and the run does not pass" />
    </UnitTest>
    <UnitTest name="FS.GG.SDD.Validation.Tests.BugGuardCheckTests.scan finds pins-bug and guards markers with their kind, issue, and line" storage="/tmp/fsgg-sdd-942-b0peiy/tests/fs.gg.sdd.validation.tests/bin/debug/net10.0/fs.gg.sdd.validation.tests.dll" id="18f3d24c-0506-d91c-be74-59314662c94a">
      <Execution id="9073607c-b77d-4b32-8f7d-307dd04b49b2" />
      <TestMethod codeBase="/tmp/fsgg-sdd-942-B0PEiy/tests/FS.GG.SDD.Validation.Tests/bin/Debug/net10.0/FS.GG.SDD.Validation.Tests.dll" adapterTypeName="executor://xunit/VsTestRunner3/netcore/" className="FS.GG.SDD.Validation.Tests.BugGuardCheckTests" name="scan finds pins-bug and guards markers with their kind, issue, and line" />
    </UnitTest>
    <UnitTest name="FS.GG.SDD.Validation.Tests.ValidationMarkdownTests.renderMarkdown is byte-identical across runs" storage="/tmp/fsgg-sdd-942-b0peiy/tests/fs.gg.sdd.validation.tests/bin/debug/net10.0/fs.gg.sdd.validation.tests.dll" id="392a5921-f456-1610-1df4-1a2cbbffa1ad">
      <Execution id="5e198adc-a364-461f-b72a-e9b13c65cb51" />
      <TestMethod codeBase="/tmp/fsgg-sdd-942-B0PEiy/tests/FS.GG.SDD.Validation.Tests/bin/Debug/net10.0/FS.GG.SDD.Validation.Tests.dll" adapterTypeName="executor://xunit/VsTestRunner3/netcore/" className="FS.GG.SDD.Validation.Tests.ValidationMarkdownTests" name="renderMarkdown is byte-identical across runs" />
    </UnitTest>
    <UnitTest name="FS.GG.SDD.Validation.Tests.BugGuardCheckTests.the TD1 14 scenario: scan-then-check fires while open, silent after the fix lands" storage="/tmp/fsgg-sdd-942-b0peiy/tests/fs.gg.sdd.validation.tests/bin/debug/net10.0/fs.gg.sdd.validation.tests.dll" id="cf5de327-fa5c-4696-35c9-069b40741379">
      <Execution id="7a852622-bb20-4985-8af2-5e8528368a62" />
      <TestMethod codeBase="/tmp/fsgg-sdd-942-B0PEiy/tests/FS.GG.SDD.Validation.Tests/bin/Debug/net10.0/FS.GG.SDD.Validation.Tests.dll" adapterTypeName="executor://xunit/VsTestRunner3/netcore/" className="FS.GG.SDD.Validation.Tests.BugGuardCheckTests" name="the TD1 14 scenario: scan-then-check fires while open, silent after the fix lands" />
    </UnitTest>
  </TestDefinitions>
  <TestEntries>
    <TestEntry testId="86b32713-21d2-28de-6614-ab024299f548" executionId="a188a81b-2707-41fa-8aeb-b02b35e99a89" testListId="8c84fa94-04c1-424b-9868-57a2d4851a1d" />
    <TestEntry testId="290337ac-1a68-cbba-15c1-2afe9d649915" executionId="12f8bd6b-30a2-4791-a8c6-dc799dcb78a1" testListId="8c84fa94-04c1-424b-9868-57a2d4851a1d" />
    <TestEntry testId="392a5921-f456-1610-1df4-1a2cbbffa1ad" executionId="5e198adc-a364-461f-b72a-e9b13c65cb51" testListId="8c84fa94-04c1-424b-9868-57a2d4851a1d" />
    <TestEntry testId="751abe0d-a808-5a62-065c-4d81c97ae640" executionId="73fb0c5e-0c4c-4927-be00-3a4736a0eb1e" testListId="8c84fa94-04c1-424b-9868-57a2d4851a1d" />
    <TestEntry testId="f2d06985-d3fc-b42b-ae89-d8e55777984c" executionId="fe350ce1-1eef-4712-a5c5-d6540dab0aa7" testListId="8c84fa94-04c1-424b-9868-57a2d4851a1d" />
    <TestEntry testId="5d24aeb5-fddd-a807-8d5a-ab3b9716561a" executionId="aa80f0da-82ec-4b6a-aae0-b8c54e21b911" testListId="8c84fa94-04c1-424b-9868-57a2d4851a1d" />
    <TestEntry testId="42fb6aae-faa9-c42b-4cb0-e55ed898f1b5" executionId="c24af354-562c-44b1-a87b-98b5836b17f6" testListId="8c84fa94-04c1-424b-9868-57a2d4851a1d" />
    <TestEntry testId="e4141d06-505e-ef24-99dd-8734cf29d757" executionId="c4ba5414-e6f0-436e-8c90-eae91861591c" testListId="8c84fa94-04c1-424b-9868-57a2d4851a1d" />
    <TestEntry testId="76595657-cd2a-315e-09a0-ff2a66a8173c" executionId="1810008f-a9c3-480d-9ece-5a0a8064664b" testListId="8c84fa94-04c1-424b-9868-57a2d4851a1d" />
    <TestEntry testId="0c516ca5-488a-0813-ca11-da73430dde8c" executionId="e5ab2dae-69b5-4fda-8a6d-71640115365a" testListId="8c84fa94-04c1-424b-9868-57a2d4851a1d" />
    <TestEntry testId="4696b03f-0459-1b5a-395c-155920594de5" executionId="5247a502-d156-4485-b65d-ac949f2ef157" testListId="8c84fa94-04c1-424b-9868-57a2d4851a1d" />
    <TestEntry testId="18f3d24c-0506-d91c-be74-59314662c94a" executionId="9073607c-b77d-4b32-8f7d-307dd04b49b2" testListId="8c84fa94-04c1-424b-9868-57a2d4851a1d" />
    <TestEntry testId="bfa4332f-da8b-cf30-3cb0-284bc7cdb6e0" executionId="ef03b11a-9396-4941-905e-6e414c1d0d32" testListId="8c84fa94-04c1-424b-9868-57a2d4851a1d" />
    <TestEntry testId="332058a0-1750-afe3-690f-4f7ac7a3fdb5" executionId="969f8cf6-fe37-4d71-974b-e5b8a3dbf53d" testListId="8c84fa94-04c1-424b-9868-57a2d4851a1d" />
    <TestEntry testId="1daf5461-bea9-accd-ab80-ebd24f98bd44" executionId="f1d63d38-bcee-4777-ae18-f1c23fe57900" testListId="8c84fa94-04c1-424b-9868-57a2d4851a1d" />
    <TestEntry testId="29d6fd48-124d-9b94-b692-7254fb783bbc" executionId="723c2f6b-57d3-4f46-84be-14947ac3fd12" testListId="8c84fa94-04c1-424b-9868-57a2d4851a1d" />
    <TestEntry testId="33f37822-fa7b-1025-8917-1420289060e6" executionId="db680814-952e-41f4-9fee-2e53e8eef252" testListId="8c84fa94-04c1-424b-9868-57a2d4851a1d" />
    <TestEntry testId="0aa4c588-bbe4-bf9b-2480-4848fe066089" executionId="076d03a4-6764-4427-92bd-c3dcefc6f242" testListId="8c84fa94-04c1-424b-9868-57a2d4851a1d" />
    <TestEntry testId="efef7382-e3b8-5729-6bc9-c0fc1b0be26a" executionId="a7b7ecb1-fef1-4d9a-a997-3fe55b6c697e" testListId="8c84fa94-04c1-424b-9868-57a2d4851a1d" />
    <TestEntry testId="f3b21bfc-6445-373c-efb8-9507dbc597b5" executionId="50d2ed34-0f42-49fe-9fe6-526502997916" testListId="8c84fa94-04c1-424b-9868-57a2d4851a1d" />
    <TestEntry testId="cf5de327-fa5c-4696-35c9-069b40741379" executionId="7a852622-bb20-4985-8af2-5e8528368a62" testListId="8c84fa94-04c1-424b-9868-57a2d4851a1d" />
    <TestEntry testId="b8b2b68c-6b03-a46f-783b-204887247ab3" executionId="d30573a9-38fe-4ff0-8f5b-de6324c1cd39" testListId="8c84fa94-04c1-424b-9868-57a2d4851a1d" />
    <TestEntry testId="de81e502-8415-27b4-3200-fc4ffe17cb8a" executionId="91066b91-1306-421d-96dd-e0b20d96755c" testListId="8c84fa94-04c1-424b-9868-57a2d4851a1d" />
    <TestEntry testId="1f15dcaf-5362-3f4f-e4a5-40b01158806c" executionId="c0b729b0-c9e2-40f1-9d8a-535d65b124c7" testListId="8c84fa94-04c1-424b-9868-57a2d4851a1d" />
    <TestEntry testId="dc82e0c7-fb55-d5a1-5f15-cfe37a89f23b" executionId="bfd7880a-6de3-46a5-a6a1-48d0f67c694e" testListId="8c84fa94-04c1-424b-9868-57a2d4851a1d" />
    <TestEntry testId="3e9089a0-66cf-bf1d-a973-730b261c5097" executionId="53f1b9db-2d41-403c-83cd-ed9e82045a81" testListId="8c84fa94-04c1-424b-9868-57a2d4851a1d" />
    <TestEntry testId="13e633b3-21d9-7d29-2dc9-2f7547102331" executionId="899ec3bf-e5b2-4179-bb63-7200a0d62c55" testListId="8c84fa94-04c1-424b-9868-57a2d4851a1d" />
    <TestEntry testId="081e69cc-1871-7b4d-7aa4-bd2a2a8df2ca" executionId="fcef5b62-fd25-4861-8df0-733d6b459698" testListId="8c84fa94-04c1-424b-9868-57a2d4851a1d" />
    <TestEntry testId="106fe074-dbcb-efbf-2eb9-c59e8af1c766" executionId="22a4556e-5b86-4d23-a7e3-001122309d1a" testListId="8c84fa94-04c1-424b-9868-57a2d4851a1d" />
    <TestEntry testId="f7d32619-7806-1cb2-6f7f-7905a35beca2" executionId="62cda0c8-978d-4008-a3ab-7d214d8bcda9" testListId="8c84fa94-04c1-424b-9868-57a2d4851a1d" />
    <TestEntry testId="51862f7a-de78-cbce-84dc-335a4c38939e" executionId="87a73216-53e8-4035-8d46-43ad0a30b010" testListId="8c84fa94-04c1-424b-9868-57a2d4851a1d" />
    <TestEntry testId="43cc4cd2-d00d-e8b5-bb7c-526ec87c5529" executionId="6f6da000-91f0-4609-86c4-568857290272" testListId="8c84fa94-04c1-424b-9868-57a2d4851a1d" />
    <TestEntry testId="9cd7c00d-3d7f-18ad-33a2-7caa7a4eee0e" executionId="b63b344a-c8d1-432c-8225-1c2f5ed40f3f" testListId="8c84fa94-04c1-424b-9868-57a2d4851a1d" />
    <TestEntry testId="86cac0cb-820c-85bf-0a77-d172e719dfac" executionId="cd2c0583-7183-4c30-b975-b70468f57859" testListId="8c84fa94-04c1-424b-9868-57a2d4851a1d" />
    <TestEntry testId="905b87a3-fc4e-18d9-c227-f57fa31943ec" executionId="e8820e1c-0735-4d02-8fc2-2371df57836f" testListId="8c84fa94-04c1-424b-9868-57a2d4851a1d" />
  </TestEntries>
  <TestLists>
    <TestList name="Results Not in a List" id="8c84fa94-04c1-424b-9868-57a2d4851a1d" />
    <TestList name="All Loaded Results" id="19431567-8539-422a-85d7-44ee4e166bda" />
  </TestLists>
  <ResultSummary outcome="Completed">
    <Counters total="35" executed="35" passed="35" failed="0" error="0" timeout="0" aborted="0" inconclusive="0" passedButRunAborted="0" notRunnable="0" notExecuted="0" disconnected="0" warning="0" completed="0" inProgress="0" pending="0" />
    <Output>
      <StdOut>[xUnit.net 00:00:00.00] xUnit.net VSTest Adapter v3.1.5+1b188a7b0a (64-bit .NET 10.0.11)
[xUnit.net 00:00:00.05]   Discovering: FS.GG.SDD.Validation.Tests
[xUnit.net 00:00:00.07]   Discovered:  FS.GG.SDD.Validation.Tests
[xUnit.net 00:00:00.09]   Starting:    FS.GG.SDD.Validation.Tests
[xUnit.net 00:00:02.37]   Finished:    FS.GG.SDD.Validation.Tests
</StdOut>
    </Output>
  </ResultSummary>
</TestRun>