FS.GG.SDD.Validation.BugGuardCheck.check
FS.GG.SDD.Validation.BugGuardCheck.checkSources
FS.GG.SDD.Validation.BugGuardCheck.markerKindValue
FS.GG.SDD.Validation.BugGuardCheck.scanText
FS.GG.SDD.Validation.ValidationContracts.environmentClassValue
FS.GG.SDD.Validation.ValidationContracts.failure
FS.GG.SDD.Validation.ValidationContracts.parse
FS.GG.SDD.Validation.ValidationContracts.renderMarkdown
FS.GG.SDD.Validation.ValidationContracts.renderText
FS.GG.SDD.Validation.ValidationContracts.serialize
FS.GG.SDD.Validation.ValidationContracts.summarize
FS.GG.SDD.Validation.ValidationHarness.init
FS.GG.SDD.Validation.ValidationHarness.update
FS.GG.SDD.Validation.ValidationRunner.run
