FS.GG.SDD.Commands.CommandEffects.interpret
FS.GG.SDD.Commands.CommandEffects.interpretAll
FS.GG.SDD.Commands.CommandRendering.renderText
FS.GG.SDD.Commands.CommandReports.buildReport
FS.GG.SDD.Commands.CommandReports.commandDiagnostic
FS.GG.SDD.Commands.CommandReports.exitCodeForReport
FS.GG.SDD.Commands.CommandReports.malformedWorkId
FS.GG.SDD.Commands.CommandReports.missingWorkId
FS.GG.SDD.Commands.CommandReports.toolDefect
FS.GG.SDD.Commands.CommandReports.unknownCommand
FS.GG.SDD.Commands.CommandReports.unsafeOverwrite
FS.GG.SDD.Commands.CommandReports.unsupportedCommand
FS.GG.SDD.Commands.CommandSerialization.serializeReport
FS.GG.SDD.Commands.CommandTypes.artifactOperationValue
FS.GG.SDD.Commands.CommandTypes.commandName
FS.GG.SDD.Commands.CommandTypes.commandStage
FS.GG.SDD.Commands.CommandTypes.effectPath
FS.GG.SDD.Commands.CommandTypes.generatedViewCurrencyValue
FS.GG.SDD.Commands.CommandTypes.nextLifecycleCommand
FS.GG.SDD.Commands.CommandTypes.outcomeValue
FS.GG.SDD.Commands.CommandTypes.outputFormatValue
FS.GG.SDD.Commands.CommandTypes.overwritePolicyValue
FS.GG.SDD.Commands.CommandTypes.parseCommand
FS.GG.SDD.Commands.CommandTypes.writeKindValue
FS.GG.SDD.Commands.CommandWorkflow.init
FS.GG.SDD.Commands.CommandWorkflow.update
