FS.GG.SDD.Commands.CommandEffects.interpret
FS.GG.SDD.Commands.CommandEffects.interpretAll
FS.GG.SDD.Commands.CommandRendering.renderText
FS.GG.SDD.Commands.CommandReports.agentsBehaviorDivergence
FS.GG.SDD.Commands.CommandReports.agentsBlockedWorkModel
FS.GG.SDD.Commands.CommandReports.agentsInvalidGeneratedRoot
FS.GG.SDD.Commands.CommandReports.agentsMalformedGeneratedGuidance
FS.GG.SDD.Commands.CommandReports.agentsMalformedWorkModel
FS.GG.SDD.Commands.CommandReports.agentsMissingWorkModel
FS.GG.SDD.Commands.CommandReports.agentsNoTargets
FS.GG.SDD.Commands.CommandReports.agentsStaleGeneratedGuidance
FS.GG.SDD.Commands.CommandReports.agentsStaleWorkModel
FS.GG.SDD.Commands.CommandReports.agentsUnknownSourceReference
FS.GG.SDD.Commands.CommandReports.agentsUnsafeGeneratedViewRefresh
FS.GG.SDD.Commands.CommandReports.agentsWorkModelIdentityMismatch
FS.GG.SDD.Commands.CommandReports.analysisIdentityMismatch
FS.GG.SDD.Commands.CommandReports.analysisNotReady
FS.GG.SDD.Commands.CommandReports.blockedGeneratedViewRefresh
FS.GG.SDD.Commands.CommandReports.buildReport
FS.GG.SDD.Commands.CommandReports.charterIdentityMismatch
FS.GG.SDD.Commands.CommandReports.checklistIdentityMismatch
FS.GG.SDD.Commands.CommandReports.clarificationIdentityMismatch
FS.GG.SDD.Commands.CommandReports.commandDiagnostic
FS.GG.SDD.Commands.CommandReports.doneTaskMissingEvidence
FS.GG.SDD.Commands.CommandReports.duplicateChecklistId
FS.GG.SDD.Commands.CommandReports.duplicateClarificationId
FS.GG.SDD.Commands.CommandReports.duplicateEvidenceId
FS.GG.SDD.Commands.CommandReports.duplicatePlanId
FS.GG.SDD.Commands.CommandReports.duplicateSpecificationId
FS.GG.SDD.Commands.CommandReports.duplicateTaskId
FS.GG.SDD.Commands.CommandReports.duplicateWorkId
FS.GG.SDD.Commands.CommandReports.evidenceIdentityMismatch
FS.GG.SDD.Commands.CommandReports.exitCodeForReport
FS.GG.SDD.Commands.CommandReports.failedChecklistPrerequisite
FS.GG.SDD.Commands.CommandReports.failedPlanPrerequisite
FS.GG.SDD.Commands.CommandReports.failedRequirementsQuality
FS.GG.SDD.Commands.CommandReports.failedTasksPrerequisite
FS.GG.SDD.Commands.CommandReports.failedVerification
FS.GG.SDD.Commands.CommandReports.malformedAgentsConfig
FS.GG.SDD.Commands.CommandReports.malformedAnalysisView
FS.GG.SDD.Commands.CommandReports.malformedCharterFrontMatter
FS.GG.SDD.Commands.CommandReports.malformedChecklistFrontMatter
FS.GG.SDD.Commands.CommandReports.malformedClarificationFrontMatter
FS.GG.SDD.Commands.CommandReports.malformedEvidenceArtifact
FS.GG.SDD.Commands.CommandReports.malformedGeneratedView
FS.GG.SDD.Commands.CommandReports.malformedPlanFrontMatter
FS.GG.SDD.Commands.CommandReports.malformedProjectConfig
FS.GG.SDD.Commands.CommandReports.malformedSddConfig
FS.GG.SDD.Commands.CommandReports.malformedShipView
FS.GG.SDD.Commands.CommandReports.malformedSpecificationFacts
FS.GG.SDD.Commands.CommandReports.malformedSpecificationFrontMatter
FS.GG.SDD.Commands.CommandReports.malformedTasksArtifact
FS.GG.SDD.Commands.CommandReports.malformedVerificationView
FS.GG.SDD.Commands.CommandReports.malformedWorkId
FS.GG.SDD.Commands.CommandReports.missingAgentsConfig
FS.GG.SDD.Commands.CommandReports.missingAnalysisPrerequisite
FS.GG.SDD.Commands.CommandReports.missingCharterPrerequisite
FS.GG.SDD.Commands.CommandReports.missingChecklistPrerequisite
FS.GG.SDD.Commands.CommandReports.missingClarificationAnswer
FS.GG.SDD.Commands.CommandReports.missingClarificationPrerequisite
FS.GG.SDD.Commands.CommandReports.missingDeferralRationale
FS.GG.SDD.Commands.CommandReports.missingDisposition
FS.GG.SDD.Commands.CommandReports.missingEvidencePrerequisite
FS.GG.SDD.Commands.CommandReports.missingPlanPrerequisite
FS.GG.SDD.Commands.CommandReports.missingProjectConfig
FS.GG.SDD.Commands.CommandReports.missingRequiredEvidence
FS.GG.SDD.Commands.CommandReports.missingRequiredSkill
FS.GG.SDD.Commands.CommandReports.missingRequiredTest
FS.GG.SDD.Commands.CommandReports.missingSddConfig
FS.GG.SDD.Commands.CommandReports.missingSpecificationId
FS.GG.SDD.Commands.CommandReports.missingSpecificationIntent
FS.GG.SDD.Commands.CommandReports.missingSpecificationPrerequisite
FS.GG.SDD.Commands.CommandReports.missingTasksPrerequisite
FS.GG.SDD.Commands.CommandReports.missingVerificationPrerequisite
FS.GG.SDD.Commands.CommandReports.missingWorkId
FS.GG.SDD.Commands.CommandReports.outsideProject
FS.GG.SDD.Commands.CommandReports.planIdentityMismatch
FS.GG.SDD.Commands.CommandReports.refreshBlockedUpstreamView
FS.GG.SDD.Commands.CommandReports.refreshMalformedGeneratedView
FS.GG.SDD.Commands.CommandReports.refreshMalformedSource
FS.GG.SDD.Commands.CommandReports.refreshMissingSource
FS.GG.SDD.Commands.CommandReports.refreshStaleView
FS.GG.SDD.Commands.CommandReports.refreshUnrenderableSummary
FS.GG.SDD.Commands.CommandReports.shipIdentityMismatch
FS.GG.SDD.Commands.CommandReports.skippedTaskMissingRationale
FS.GG.SDD.Commands.CommandReports.specificationIdentityMismatch
FS.GG.SDD.Commands.CommandReports.staleChecklistResult
FS.GG.SDD.Commands.CommandReports.staleEvidence
FS.GG.SDD.Commands.CommandReports.staleEvidenceSource
FS.GG.SDD.Commands.CommandReports.stalePlanDecision
FS.GG.SDD.Commands.CommandReports.staleRequiredTest
FS.GG.SDD.Commands.CommandReports.staleTask
FS.GG.SDD.Commands.CommandReports.staleVerificationView
FS.GG.SDD.Commands.CommandReports.taskDependencyCycle
FS.GG.SDD.Commands.CommandReports.tasksIdentityMismatch
FS.GG.SDD.Commands.CommandReports.toolDefect
FS.GG.SDD.Commands.CommandReports.undisclosedSyntheticEvidence
FS.GG.SDD.Commands.CommandReports.unknownChecklistSourceReference
FS.GG.SDD.Commands.CommandReports.unknownClarificationReference
FS.GG.SDD.Commands.CommandReports.unknownCommand
FS.GG.SDD.Commands.CommandReports.unknownEvidenceReference
FS.GG.SDD.Commands.CommandReports.unknownPlanSourceReference
FS.GG.SDD.Commands.CommandReports.unknownSpecificationReference
FS.GG.SDD.Commands.CommandReports.unknownTaskDependency
FS.GG.SDD.Commands.CommandReports.unknownTaskSourceReference
FS.GG.SDD.Commands.CommandReports.unresolvedBlockingAmbiguity
FS.GG.SDD.Commands.CommandReports.unsafeChecklistResultChange
FS.GG.SDD.Commands.CommandReports.unsafeDecisionChange
FS.GG.SDD.Commands.CommandReports.unsafeEvidenceUpdate
FS.GG.SDD.Commands.CommandReports.unsafeOverwrite
FS.GG.SDD.Commands.CommandReports.unsafePlanDecisionChange
FS.GG.SDD.Commands.CommandReports.unsafeTaskStatusChange
FS.GG.SDD.Commands.CommandReports.unsupportedCommand
FS.GG.SDD.Commands.CommandReports.unsupportedEvidenceResultState
FS.GG.SDD.Commands.CommandReports.verificationNotReady
FS.GG.SDD.Commands.CommandReports.verifyIdentityMismatch
FS.GG.SDD.Commands.CommandSerialization.serializeReport
FS.GG.SDD.Commands.CommandTypes.artifactOperationValue
FS.GG.SDD.Commands.CommandTypes.commandName
FS.GG.SDD.Commands.CommandTypes.commandStage
FS.GG.SDD.Commands.CommandTypes.effectPath
FS.GG.SDD.Commands.CommandTypes.generatedViewCurrencyValue
FS.GG.SDD.Commands.CommandTypes.guidanceDispositionValue
FS.GG.SDD.Commands.CommandTypes.nextLifecycleCommand
FS.GG.SDD.Commands.CommandTypes.outcomeValue
FS.GG.SDD.Commands.CommandTypes.outputFormatValue
FS.GG.SDD.Commands.CommandTypes.overwritePolicyValue
FS.GG.SDD.Commands.CommandTypes.parseCommand
FS.GG.SDD.Commands.CommandTypes.refreshDispositionValue
FS.GG.SDD.Commands.CommandTypes.writeKindValue
FS.GG.SDD.Commands.CommandWorkflow.init
FS.GG.SDD.Commands.CommandWorkflow.update
