<?xml version="1.0" encoding="utf-8"?>
<TestRun id="af5fbd6b-71cf-4a8a-ad33-5ea820161b67" name="@60c9e64cc8e0 2026-08-11 17:48:57" xmlns="http://microsoft.com/schemas/VisualStudio/TeamTest/2010">
  <Times creation="2026-08-11T17:48:57.3193259+02:00" queuing="2026-08-11T17:48:57.3193259+02:00" start="2026-08-11T17:48:55.9884231+02:00" finish="2026-08-11T17:48:57.6422108+02:00" />
  <TestSettings name="default" id="f2450938-69a6-4c10-a9e8-8a86885b3bf6">
    <Deployment runDeploymentRoot="_60c9e64cc8e0_2026-08-11_17_48_57" />
  </TestSettings>
  <Results>
    <UnitTestResult executionId="a558d794-5a0e-4d3b-a3b5-c0c3d6ae831e" testId="88c1e1a9-7fc2-3cd3-bd76-c9bec7ba2bd2" testName="FS.GG.SDD.Commands.Tests.LifecycleSmokeTests.smoke generated readiness views record sources and generator identity in the report" computerName="60c9e64cc8e0" duration="00:00:00.0002685" startTime="2026-08-11T17:48:57.0082943+02:00" endTime="2026-08-11T17:48:57.0085709+02:00" testType="13cdc9d9-ddb5-4fa4-a97d-d965ccfc6d4b" outcome="Passed" testListId="8c84fa94-04c1-424b-9868-57a2d4851a1d" relativeResultsDirectory="a558d794-5a0e-4d3b-a3b5-c0c3d6ae831e" />
    <UnitTestResult executionId="47f5d314-2c2f-4249-8012-5fb9fe69ed03" testId="66ddad70-4128-261a-fe6e-fe50b1ff4161" testName="FS.GG.SDD.Commands.Tests.LifecycleSmokeTests.smoke yields byte-identical readiness across two runs over identical inputs" computerName="60c9e64cc8e0" duration="00:00:00.1899714" startTime="2026-08-11T17:48:57.1032560+02:00" endTime="2026-08-11T17:48:57.2931820+02:00" testType="13cdc9d9-ddb5-4fa4-a97d-d965ccfc6d4b" outcome="Passed" testListId="8c84fa94-04c1-424b-9868-57a2d4851a1d" relativeResultsDirectory="47f5d314-2c2f-4249-8012-5fb9fe69ed03" />
    <UnitTestResult executionId="b4fa2115-74aa-4df7-bc36-26fa33b31ce8" testId="f1ce6249-5704-166e-e4f0-39fd101897e9" testName="FS.GG.SDD.Commands.Tests.LifecycleSmokeTests.ship-ready replay keeps analysis evidence and the enriched work model at one fixed point" computerName="60c9e64cc8e0" duration="00:00:00.1819996" startTime="2026-08-11T17:48:57.4014168+02:00" endTime="2026-08-11T17:48:57.5832511+02:00" testType="13cdc9d9-ddb5-4fa4-a97d-d965ccfc6d4b" outcome="Passed" testListId="8c84fa94-04c1-424b-9868-57a2d4851a1d" relativeResultsDirectory="b4fa2115-74aa-4df7-bc36-26fa33b31ce8" />
    <UnitTestResult executionId="43424bf7-67b8-43d2-8521-511a45d27ebc" testId="98dc8240-405e-158b-0569-313a7824c44b" testName="FS.GG.SDD.Commands.Tests.LifecycleSmokeTests.smoke drives init through ship plus agents and refresh without blocking" computerName="60c9e64cc8e0" duration="00:00:00.1078753" startTime="2026-08-11T17:48:57.2984771+02:00" endTime="2026-08-11T17:48:57.4011440+02:00" testType="13cdc9d9-ddb5-4fa4-a97d-d965ccfc6d4b" outcome="Passed" testListId="8c84fa94-04c1-424b-9868-57a2d4851a1d" relativeResultsDirectory="43424bf7-67b8-43d2-8521-511a45d27ebc" />
    <UnitTestResult executionId="7581bd02-20e1-4fad-83d5-2641f9e60ed5" testId="52262144-5e26-9e75-629c-9ba1ba02f697" testName="FS.GG.SDD.Commands.Tests.LifecycleSmokeTests.smoke emits the documented next-action pointer per stage" computerName="60c9e64cc8e0" duration="00:00:00.0004539" startTime="2026-08-11T17:48:57.5835194+02:00" endTime="2026-08-11T17:48:57.5839570+02:00" testType="13cdc9d9-ddb5-4fa4-a97d-d965ccfc6d4b" outcome="Passed" testListId="8c84fa94-04c1-424b-9868-57a2d4851a1d" relativeResultsDirectory="7581bd02-20e1-4fad-83d5-2641f9e60ed5" />
    <UnitTestResult executionId="7025c7c5-b571-475d-ba26-d312c8e241b0" testId="c7b698da-bb30-b29c-5b74-60908706ed49" testName="FS.GG.SDD.Commands.Tests.LifecycleSmokeTests.smoke stays usable with present-but-incomplete Governance files" computerName="60c9e64cc8e0" duration="00:00:00.0939373" startTime="2026-08-11T17:48:57.0091644+02:00" endTime="2026-08-11T17:48:57.1031325+02:00" testType="13cdc9d9-ddb5-4fa4-a97d-d965ccfc6d4b" outcome="Passed" testListId="8c84fa94-04c1-424b-9868-57a2d4851a1d" relativeResultsDirectory="7025c7c5-b571-475d-ba26-d312c8e241b0" />
    <UnitTestResult executionId="646ef989-10a0-49b9-a3b3-628d797a08e0" testId="238b36e6-d622-d0ce-b5df-e635d39cfad6" testName="FS.GG.SDD.Commands.Tests.LifecycleSmokeTests.smoke refreshes or reports each generated readiness view" computerName="60c9e64cc8e0" duration="00:00:00.0002410" startTime="2026-08-11T17:48:57.0010948+02:00" endTime="2026-08-11T17:48:57.0011103+02:00" testType="13cdc9d9-ddb5-4fa4-a97d-d965ccfc6d4b" outcome="Passed" testListId="8c84fa94-04c1-424b-9868-57a2d4851a1d" relativeResultsDirectory="646ef989-10a0-49b9-a3b3-628d797a08e0" />
    <UnitTestResult executionId="41370b4f-a097-449f-bc38-d7773fb757d9" testId="463a2f4c-0e0c-1768-1502-a6d264a7f8de" testName="FS.GG.SDD.Commands.Tests.LifecycleSmokeTests.smoke writes each stage authored source" computerName="60c9e64cc8e0" duration="00:00:00.0002195" startTime="2026-08-11T17:48:57.5834207+02:00" endTime="2026-08-11T17:48:57.5834360+02:00" testType="13cdc9d9-ddb5-4fa4-a97d-d965ccfc6d4b" outcome="Passed" testListId="8c84fa94-04c1-424b-9868-57a2d4851a1d" relativeResultsDirectory="41370b4f-a097-449f-bc38-d7773fb757d9" />
    <UnitTestResult executionId="c2bc65ef-5930-45bd-94a2-d9d2bbfac279" testId="bb8fca66-6935-5f5f-ba4d-eb5bbdf1c736" testName="FS.GG.SDD.Commands.Tests.LifecycleSmokeTests.smoke depends only on the SDD projects with no Rendering or monorepo" computerName="60c9e64cc8e0" duration="00:00:00.0064801" startTime="2026-08-11T17:48:57.0017870+02:00" endTime="2026-08-11T17:48:57.0082408+02:00" testType="13cdc9d9-ddb5-4fa4-a97d-d965ccfc6d4b" outcome="Passed" testListId="8c84fa94-04c1-424b-9868-57a2d4851a1d" relativeResultsDirectory="c2bc65ef-5930-45bd-94a2-d9d2bbfac279" />
    <UnitTestResult executionId="20850bf0-4437-43e8-94c4-da0772caf05b" testId="49f0abed-87a4-ebe1-2614-5f297d3fbfa3" testName="FS.GG.SDD.Commands.Tests.LifecycleSmokeTests.smoke completes with no Governance files present or required" computerName="60c9e64cc8e0" duration="00:00:00.0007689" startTime="2026-08-11T17:48:57.5840561+02:00" endTime="2026-08-11T17:48:57.5847449+02:00" testType="13cdc9d9-ddb5-4fa4-a97d-d965ccfc6d4b" outcome="Passed" testListId="8c84fa94-04c1-424b-9868-57a2d4851a1d" relativeResultsDirectory="20850bf0-4437-43e8-94c4-da0772caf05b" />
    <UnitTestResult executionId="1db4ad5c-7e5d-4910-a9cc-03284db7ebc3" testId="4f9a0336-9864-0efd-96de-d02430237f83" testName="FS.GG.SDD.Commands.Tests.LifecycleSmokeTests.smoke readiness views parse and carry a generation manifest" computerName="60c9e64cc8e0" duration="00:00:00.0005163" startTime="2026-08-11T17:48:57.0086852+02:00" endTime="2026-08-11T17:48:57.0090878+02:00" testType="13cdc9d9-ddb5-4fa4-a97d-d965ccfc6d4b" outcome="Passed" testListId="8c84fa94-04c1-424b-9868-57a2d4851a1d" relativeResultsDirectory="1db4ad5c-7e5d-4910-a9cc-03284db7ebc3" />
    <UnitTestResult executionId="c50dc2c5-fe16-4379-bc21-b026ee1d7693" testId="465151b8-6557-ff77-ee4b-4f8fdba7d3cd" testName="FS.GG.SDD.Commands.Tests.LifecycleSmokeTests.analyze ignores only tool-owned evidence snapshots when calculating work-model currency" computerName="60c9e64cc8e0" duration="00:00:00.1306732" startTime="2026-08-11T17:48:56.8750319+02:00" endTime="2026-08-11T17:48:57.0004223+02:00" testType="13cdc9d9-ddb5-4fa4-a97d-d965ccfc6d4b" outcome="Passed" testListId="8c84fa94-04c1-424b-9868-57a2d4851a1d" relativeResultsDirectory="c50dc2c5-fe16-4379-bc21-b026ee1d7693" />
    <UnitTestResult executionId="ce1f3d62-ee3c-4cec-8069-b748bb04bc8b" testId="48da181b-136a-da00-7def-ddc691aa5a9f" testName="FS.GG.SDD.Commands.Tests.LifecycleSmokeTests.smoke confirms the canonical lifecycle order map" computerName="60c9e64cc8e0" duration="00:00:00.0011664" startTime="2026-08-11T17:48:57.0011795+02:00" endTime="2026-08-11T17:48:57.0017339+02:00" testType="13cdc9d9-ddb5-4fa4-a97d-d965ccfc6d4b" outcome="Passed" testListId="8c84fa94-04c1-424b-9868-57a2d4851a1d" relativeResultsDirectory="ce1f3d62-ee3c-4cec-8069-b748bb04bc8b" />
    <UnitTestResult executionId="d983625c-7b10-4540-9830-19e23f67d169" testId="a0c5379f-b056-cc7a-bb8e-78126899349e" testName="FS.GG.SDD.Commands.Tests.LifecycleSmokeTests.smoke summary is marked generated and records its sources" computerName="60c9e64cc8e0" duration="00:00:00.5118821" startTime="2026-08-11T17:48:56.3536736+02:00" endTime="2026-08-11T17:48:56.8695630+02:00" testType="13cdc9d9-ddb5-4fa4-a97d-d965ccfc6d4b" outcome="Passed" testListId="8c84fa94-04c1-424b-9868-57a2d4851a1d" relativeResultsDirectory="d983625c-7b10-4540-9830-19e23f67d169" />
  </Results>
  <TestDefinitions>
    <UnitTest name="FS.GG.SDD.Commands.Tests.LifecycleSmokeTests.smoke stays usable with present-but-incomplete Governance files" storage="/home/developer/projects/fs.gg.sdd-item-857/tests/fs.gg.sdd.commands.tests/bin/release/net10.0/fs.gg.sdd.commands.tests.dll" id="c7b698da-bb30-b29c-5b74-60908706ed49">
      <Execution id="7025c7c5-b571-475d-ba26-d312c8e241b0" />
      <TestMethod codeBase="/home/developer/projects/FS.GG.SDD-item-857/tests/FS.GG.SDD.Commands.Tests/bin/Release/net10.0/FS.GG.SDD.Commands.Tests.dll" adapterTypeName="executor://xunit/VsTestRunner3/netcore/" className="FS.GG.SDD.Commands.Tests.LifecycleSmokeTests" name="smoke stays usable with present-but-incomplete Governance files" />
    </UnitTest>
    <UnitTest name="FS.GG.SDD.Commands.Tests.LifecycleSmokeTests.smoke depends only on the SDD projects with no Rendering or monorepo" storage="/home/developer/projects/fs.gg.sdd-item-857/tests/fs.gg.sdd.commands.tests/bin/release/net10.0/fs.gg.sdd.commands.tests.dll" id="bb8fca66-6935-5f5f-ba4d-eb5bbdf1c736">
      <Execution id="c2bc65ef-5930-45bd-94a2-d9d2bbfac279" />
      <TestMethod codeBase="/home/developer/projects/FS.GG.SDD-item-857/tests/FS.GG.SDD.Commands.Tests/bin/Release/net10.0/FS.GG.SDD.Commands.Tests.dll" adapterTypeName="executor://xunit/VsTestRunner3/netcore/" className="FS.GG.SDD.Commands.Tests.LifecycleSmokeTests" name="smoke depends only on the SDD projects with no Rendering or monorepo" />
    </UnitTest>
    <UnitTest name="FS.GG.SDD.Commands.Tests.LifecycleSmokeTests.smoke readiness views parse and carry a generation manifest" storage="/home/developer/projects/fs.gg.sdd-item-857/tests/fs.gg.sdd.commands.tests/bin/release/net10.0/fs.gg.sdd.commands.tests.dll" id="4f9a0336-9864-0efd-96de-d02430237f83">
      <Execution id="1db4ad5c-7e5d-4910-a9cc-03284db7ebc3" />
      <TestMethod codeBase="/home/developer/projects/FS.GG.SDD-item-857/tests/FS.GG.SDD.Commands.Tests/bin/Release/net10.0/FS.GG.SDD.Commands.Tests.dll" adapterTypeName="executor://xunit/VsTestRunner3/netcore/" className="FS.GG.SDD.Commands.Tests.LifecycleSmokeTests" name="smoke readiness views parse and carry a generation manifest" />
    </UnitTest>
    <UnitTest name="FS.GG.SDD.Commands.Tests.LifecycleSmokeTests.smoke refreshes or reports each generated readiness view" storage="/home/developer/projects/fs.gg.sdd-item-857/tests/fs.gg.sdd.commands.tests/bin/release/net10.0/fs.gg.sdd.commands.tests.dll" id="238b36e6-d622-d0ce-b5df-e635d39cfad6">
      <Execution id="646ef989-10a0-49b9-a3b3-628d797a08e0" />
      <TestMethod codeBase="/home/developer/projects/FS.GG.SDD-item-857/tests/FS.GG.SDD.Commands.Tests/bin/Release/net10.0/FS.GG.SDD.Commands.Tests.dll" adapterTypeName="executor://xunit/VsTestRunner3/netcore/" className="FS.GG.SDD.Commands.Tests.LifecycleSmokeTests" name="smoke refreshes or reports each generated readiness view" />
    </UnitTest>
    <UnitTest name="FS.GG.SDD.Commands.Tests.LifecycleSmokeTests.ship-ready replay keeps analysis evidence and the enriched work model at one fixed point" storage="/home/developer/projects/fs.gg.sdd-item-857/tests/fs.gg.sdd.commands.tests/bin/release/net10.0/fs.gg.sdd.commands.tests.dll" id="f1ce6249-5704-166e-e4f0-39fd101897e9">
      <Execution id="b4fa2115-74aa-4df7-bc36-26fa33b31ce8" />
      <TestMethod codeBase="/home/developer/projects/FS.GG.SDD-item-857/tests/FS.GG.SDD.Commands.Tests/bin/Release/net10.0/FS.GG.SDD.Commands.Tests.dll" adapterTypeName="executor://xunit/VsTestRunner3/netcore/" className="FS.GG.SDD.Commands.Tests.LifecycleSmokeTests" name="ship-ready replay keeps analysis evidence and the enriched work model at one fixed point" />
    </UnitTest>
    <UnitTest name="FS.GG.SDD.Commands.Tests.LifecycleSmokeTests.smoke yields byte-identical readiness across two runs over identical inputs" storage="/home/developer/projects/fs.gg.sdd-item-857/tests/fs.gg.sdd.commands.tests/bin/release/net10.0/fs.gg.sdd.commands.tests.dll" id="66ddad70-4128-261a-fe6e-fe50b1ff4161">
      <Execution id="47f5d314-2c2f-4249-8012-5fb9fe69ed03" />
      <TestMethod codeBase="/home/developer/projects/FS.GG.SDD-item-857/tests/FS.GG.SDD.Commands.Tests/bin/Release/net10.0/FS.GG.SDD.Commands.Tests.dll" adapterTypeName="executor://xunit/VsTestRunner3/netcore/" className="FS.GG.SDD.Commands.Tests.LifecycleSmokeTests" name="smoke yields byte-identical readiness across two runs over identical inputs" />
    </UnitTest>
    <UnitTest name="FS.GG.SDD.Commands.Tests.LifecycleSmokeTests.smoke completes with no Governance files present or required" storage="/home/developer/projects/fs.gg.sdd-item-857/tests/fs.gg.sdd.commands.tests/bin/release/net10.0/fs.gg.sdd.commands.tests.dll" id="49f0abed-87a4-ebe1-2614-5f297d3fbfa3">
      <Execution id="20850bf0-4437-43e8-94c4-da0772caf05b" />
      <TestMethod codeBase="/home/developer/projects/FS.GG.SDD-item-857/tests/FS.GG.SDD.Commands.Tests/bin/Release/net10.0/FS.GG.SDD.Commands.Tests.dll" adapterTypeName="executor://xunit/VsTestRunner3/netcore/" className="FS.GG.SDD.Commands.Tests.LifecycleSmokeTests" name="smoke completes with no Governance files present or required" />
    </UnitTest>
    <UnitTest name="FS.GG.SDD.Commands.Tests.LifecycleSmokeTests.smoke confirms the canonical lifecycle order map" storage="/home/developer/projects/fs.gg.sdd-item-857/tests/fs.gg.sdd.commands.tests/bin/release/net10.0/fs.gg.sdd.commands.tests.dll" id="48da181b-136a-da00-7def-ddc691aa5a9f">
      <Execution id="ce1f3d62-ee3c-4cec-8069-b748bb04bc8b" />
      <TestMethod codeBase="/home/developer/projects/FS.GG.SDD-item-857/tests/FS.GG.SDD.Commands.Tests/bin/Release/net10.0/FS.GG.SDD.Commands.Tests.dll" adapterTypeName="executor://xunit/VsTestRunner3/netcore/" className="FS.GG.SDD.Commands.Tests.LifecycleSmokeTests" name="smoke confirms the canonical lifecycle order map" />
    </UnitTest>
    <UnitTest name="FS.GG.SDD.Commands.Tests.LifecycleSmokeTests.smoke emits the documented next-action pointer per stage" storage="/home/developer/projects/fs.gg.sdd-item-857/tests/fs.gg.sdd.commands.tests/bin/release/net10.0/fs.gg.sdd.commands.tests.dll" id="52262144-5e26-9e75-629c-9ba1ba02f697">
      <Execution id="7581bd02-20e1-4fad-83d5-2641f9e60ed5" />
      <TestMethod codeBase="/home/developer/projects/FS.GG.SDD-item-857/tests/FS.GG.SDD.Commands.Tests/bin/Release/net10.0/FS.GG.SDD.Commands.Tests.dll" adapterTypeName="executor://xunit/VsTestRunner3/netcore/" className="FS.GG.SDD.Commands.Tests.LifecycleSmokeTests" name="smoke emits the documented next-action pointer per stage" />
    </UnitTest>
    <UnitTest name="FS.GG.SDD.Commands.Tests.LifecycleSmokeTests.analyze ignores only tool-owned evidence snapshots when calculating work-model currency" storage="/home/developer/projects/fs.gg.sdd-item-857/tests/fs.gg.sdd.commands.tests/bin/release/net10.0/fs.gg.sdd.commands.tests.dll" id="465151b8-6557-ff77-ee4b-4f8fdba7d3cd">
      <Execution id="c50dc2c5-fe16-4379-bc21-b026ee1d7693" />
      <TestMethod codeBase="/home/developer/projects/FS.GG.SDD-item-857/tests/FS.GG.SDD.Commands.Tests/bin/Release/net10.0/FS.GG.SDD.Commands.Tests.dll" adapterTypeName="executor://xunit/VsTestRunner3/netcore/" className="FS.GG.SDD.Commands.Tests.LifecycleSmokeTests" name="analyze ignores only tool-owned evidence snapshots when calculating work-model currency" />
    </UnitTest>
    <UnitTest name="FS.GG.SDD.Commands.Tests.LifecycleSmokeTests.smoke generated readiness views record sources and generator identity in the report" storage="/home/developer/projects/fs.gg.sdd-item-857/tests/fs.gg.sdd.commands.tests/bin/release/net10.0/fs.gg.sdd.commands.tests.dll" id="88c1e1a9-7fc2-3cd3-bd76-c9bec7ba2bd2">
      <Execution id="a558d794-5a0e-4d3b-a3b5-c0c3d6ae831e" />
      <TestMethod codeBase="/home/developer/projects/FS.GG.SDD-item-857/tests/FS.GG.SDD.Commands.Tests/bin/Release/net10.0/FS.GG.SDD.Commands.Tests.dll" adapterTypeName="executor://xunit/VsTestRunner3/netcore/" className="FS.GG.SDD.Commands.Tests.LifecycleSmokeTests" name="smoke generated readiness views record sources and generator identity in the report" />
    </UnitTest>
    <UnitTest name="FS.GG.SDD.Commands.Tests.LifecycleSmokeTests.smoke drives init through ship plus agents and refresh without blocking" storage="/home/developer/projects/fs.gg.sdd-item-857/tests/fs.gg.sdd.commands.tests/bin/release/net10.0/fs.gg.sdd.commands.tests.dll" id="98dc8240-405e-158b-0569-313a7824c44b">
      <Execution id="43424bf7-67b8-43d2-8521-511a45d27ebc" />
      <TestMethod codeBase="/home/developer/projects/FS.GG.SDD-item-857/tests/FS.GG.SDD.Commands.Tests/bin/Release/net10.0/FS.GG.SDD.Commands.Tests.dll" adapterTypeName="executor://xunit/VsTestRunner3/netcore/" className="FS.GG.SDD.Commands.Tests.LifecycleSmokeTests" name="smoke drives init through ship plus agents and refresh without blocking" />
    </UnitTest>
    <UnitTest name="FS.GG.SDD.Commands.Tests.LifecycleSmokeTests.smoke writes each stage authored source" storage="/home/developer/projects/fs.gg.sdd-item-857/tests/fs.gg.sdd.commands.tests/bin/release/net10.0/fs.gg.sdd.commands.tests.dll" id="463a2f4c-0e0c-1768-1502-a6d264a7f8de">
      <Execution id="41370b4f-a097-449f-bc38-d7773fb757d9" />
      <TestMethod codeBase="/home/developer/projects/FS.GG.SDD-item-857/tests/FS.GG.SDD.Commands.Tests/bin/Release/net10.0/FS.GG.SDD.Commands.Tests.dll" adapterTypeName="executor://xunit/VsTestRunner3/netcore/" className="FS.GG.SDD.Commands.Tests.LifecycleSmokeTests" name="smoke writes each stage authored source" />
    </UnitTest>
    <UnitTest name="FS.GG.SDD.Commands.Tests.LifecycleSmokeTests.smoke summary is marked generated and records its sources" storage="/home/developer/projects/fs.gg.sdd-item-857/tests/fs.gg.sdd.commands.tests/bin/release/net10.0/fs.gg.sdd.commands.tests.dll" id="a0c5379f-b056-cc7a-bb8e-78126899349e">
      <Execution id="d983625c-7b10-4540-9830-19e23f67d169" />
      <TestMethod codeBase="/home/developer/projects/FS.GG.SDD-item-857/tests/FS.GG.SDD.Commands.Tests/bin/Release/net10.0/FS.GG.SDD.Commands.Tests.dll" adapterTypeName="executor://xunit/VsTestRunner3/netcore/" className="FS.GG.SDD.Commands.Tests.LifecycleSmokeTests" name="smoke summary is marked generated and records its sources" />
    </UnitTest>
  </TestDefinitions>
  <TestEntries>
    <TestEntry testId="88c1e1a9-7fc2-3cd3-bd76-c9bec7ba2bd2" executionId="a558d794-5a0e-4d3b-a3b5-c0c3d6ae831e" testListId="8c84fa94-04c1-424b-9868-57a2d4851a1d" />
    <TestEntry testId="66ddad70-4128-261a-fe6e-fe50b1ff4161" executionId="47f5d314-2c2f-4249-8012-5fb9fe69ed03" testListId="8c84fa94-04c1-424b-9868-57a2d4851a1d" />
    <TestEntry testId="f1ce6249-5704-166e-e4f0-39fd101897e9" executionId="b4fa2115-74aa-4df7-bc36-26fa33b31ce8" testListId="8c84fa94-04c1-424b-9868-57a2d4851a1d" />
    <TestEntry testId="98dc8240-405e-158b-0569-313a7824c44b" executionId="43424bf7-67b8-43d2-8521-511a45d27ebc" testListId="8c84fa94-04c1-424b-9868-57a2d4851a1d" />
    <TestEntry testId="52262144-5e26-9e75-629c-9ba1ba02f697" executionId="7581bd02-20e1-4fad-83d5-2641f9e60ed5" testListId="8c84fa94-04c1-424b-9868-57a2d4851a1d" />
    <TestEntry testId="c7b698da-bb30-b29c-5b74-60908706ed49" executionId="7025c7c5-b571-475d-ba26-d312c8e241b0" testListId="8c84fa94-04c1-424b-9868-57a2d4851a1d" />
    <TestEntry testId="238b36e6-d622-d0ce-b5df-e635d39cfad6" executionId="646ef989-10a0-49b9-a3b3-628d797a08e0" testListId="8c84fa94-04c1-424b-9868-57a2d4851a1d" />
    <TestEntry testId="463a2f4c-0e0c-1768-1502-a6d264a7f8de" executionId="41370b4f-a097-449f-bc38-d7773fb757d9" testListId="8c84fa94-04c1-424b-9868-57a2d4851a1d" />
    <TestEntry testId="bb8fca66-6935-5f5f-ba4d-eb5bbdf1c736" executionId="c2bc65ef-5930-45bd-94a2-d9d2bbfac279" testListId="8c84fa94-04c1-424b-9868-57a2d4851a1d" />
    <TestEntry testId="49f0abed-87a4-ebe1-2614-5f297d3fbfa3" executionId="20850bf0-4437-43e8-94c4-da0772caf05b" testListId="8c84fa94-04c1-424b-9868-57a2d4851a1d" />
    <TestEntry testId="4f9a0336-9864-0efd-96de-d02430237f83" executionId="1db4ad5c-7e5d-4910-a9cc-03284db7ebc3" testListId="8c84fa94-04c1-424b-9868-57a2d4851a1d" />
    <TestEntry testId="465151b8-6557-ff77-ee4b-4f8fdba7d3cd" executionId="c50dc2c5-fe16-4379-bc21-b026ee1d7693" testListId="8c84fa94-04c1-424b-9868-57a2d4851a1d" />
    <TestEntry testId="48da181b-136a-da00-7def-ddc691aa5a9f" executionId="ce1f3d62-ee3c-4cec-8069-b748bb04bc8b" testListId="8c84fa94-04c1-424b-9868-57a2d4851a1d" />
    <TestEntry testId="a0c5379f-b056-cc7a-bb8e-78126899349e" executionId="d983625c-7b10-4540-9830-19e23f67d169" testListId="8c84fa94-04c1-424b-9868-57a2d4851a1d" />
  </TestEntries>
  <TestLists>
    <TestList name="Results Not in a List" id="8c84fa94-04c1-424b-9868-57a2d4851a1d" />
    <TestList name="All Loaded Results" id="19431567-8539-422a-85d7-44ee4e166bda" />
  </TestLists>
  <ResultSummary outcome="Completed">
    <Counters total="14" executed="14" passed="14" failed="0" error="0" timeout="0" aborted="0" inconclusive="0" passedButRunAborted="0" notRunnable="0" notExecuted="0" disconnected="0" warning="0" completed="0" inProgress="0" pending="0" />
    <Output>
      <StdOut>[xUnit.net 00:00:00.00] xUnit.net VSTest Adapter v3.1.5+1b188a7b0a (64-bit .NET 10.0.10)
[xUnit.net 00:00:00.07]   Discovering: FS.GG.SDD.Commands.Tests
[xUnit.net 00:00:00.15]   Discovered:  FS.GG.SDD.Commands.Tests
[xUnit.net 00:00:00.16]   Starting:    FS.GG.SDD.Commands.Tests
[xUnit.net 00:00:01.41]   Finished:    FS.GG.SDD.Commands.Tests
</StdOut>
    </Output>
  </ResultSummary>
</TestRun>