FS.GG.SDD.Artifacts.Analysis.parseAnalysisView
FS.GG.SDD.Artifacts.ArtifactRef.create
FS.GG.SDD.Artifacts.ArtifactRef.kindValue
FS.GG.SDD.Artifacts.ArtifactRef.optionalGovernanceBoundary
FS.GG.SDD.Artifacts.ArtifactRef.ownerValue
FS.GG.SDD.Artifacts.ArtifactRef.path
FS.GG.SDD.Artifacts.Checklist.checklistStandardSections
FS.GG.SDD.Artifacts.Checklist.parseChecklistFacts
FS.GG.SDD.Artifacts.Clarification.clarificationStandardSections
FS.GG.SDD.Artifacts.Clarification.parseClarificationFacts
FS.GG.SDD.Artifacts.Config.parseAgentGuidanceConfig
FS.GG.SDD.Artifacts.Config.parseProjectConfig
FS.GG.SDD.Artifacts.Config.parseProviderRegistry
FS.GG.SDD.Artifacts.Config.parseSddLifecyclePolicy
FS.GG.SDD.Artifacts.Core.standardArtifactContracts
FS.GG.SDD.Artifacts.Diagnostics.create
FS.GG.SDD.Artifacts.Diagnostics.deprecatedSchemaVersion
FS.GG.SDD.Artifacts.Diagnostics.doctorDriftDetected
FS.GG.SDD.Artifacts.Diagnostics.duplicateIdentifier
FS.GG.SDD.Artifacts.Diagnostics.futureSchemaVersion
FS.GG.SDD.Artifacts.Diagnostics.hasBlocking
FS.GG.SDD.Artifacts.Diagnostics.malformedDigest
FS.GG.SDD.Artifacts.Diagnostics.malformedReference
FS.GG.SDD.Artifacts.Diagnostics.malformedSchemaVersion
FS.GG.SDD.Artifacts.Diagnostics.markToolDefect
FS.GG.SDD.Artifacts.Diagnostics.missingArtifact
FS.GG.SDD.Artifacts.Diagnostics.missingGeneratedWorkModel
FS.GG.SDD.Artifacts.Diagnostics.proseStructuredMismatch
FS.GG.SDD.Artifacts.Diagnostics.requirementNotTyped
FS.GG.SDD.Artifacts.Diagnostics.scaffoldCliBehindMinimum
FS.GG.SDD.Artifacts.Diagnostics.scaffoldMirrorFailed
FS.GG.SDD.Artifacts.Diagnostics.scaffoldProvenanceMalformed
FS.GG.SDD.Artifacts.Diagnostics.scaffoldProviderEmpty
FS.GG.SDD.Artifacts.Diagnostics.scaffoldProviderFailed
FS.GG.SDD.Artifacts.Diagnostics.scaffoldProviderMinimumMalformed
FS.GG.SDD.Artifacts.Diagnostics.scaffoldProviderMissing
FS.GG.SDD.Artifacts.Diagnostics.scaffoldProviderParamMissing
FS.GG.SDD.Artifacts.Diagnostics.scaffoldProviderUnavailable
FS.GG.SDD.Artifacts.Diagnostics.scaffoldProviderUnknown
FS.GG.SDD.Artifacts.Diagnostics.scaffoldProviderVersionUnsupported
FS.GG.SDD.Artifacts.Diagnostics.scaffoldProviderWroteSddTree
FS.GG.SDD.Artifacts.Diagnostics.scaffoldRepoInitSkippedExistingRepository
FS.GG.SDD.Artifacts.Diagnostics.scaffoldRepoInitSkippedGitUnavailable
FS.GG.SDD.Artifacts.Diagnostics.scaffoldScriptsNotMadeExecutable
FS.GG.SDD.Artifacts.Diagnostics.scaffoldTargetCollision
FS.GG.SDD.Artifacts.Diagnostics.severityRank
FS.GG.SDD.Artifacts.Diagnostics.severityValue
FS.GG.SDD.Artifacts.Diagnostics.signalsStaleView
FS.GG.SDD.Artifacts.Diagnostics.sort
FS.GG.SDD.Artifacts.Diagnostics.staleGeneratedView
FS.GG.SDD.Artifacts.Diagnostics.unknownReference
FS.GG.SDD.Artifacts.Diagnostics.unsupportedSchemaVersion
FS.GG.SDD.Artifacts.Diagnostics.upgradeNonInteractiveNoYes
FS.GG.SDD.Artifacts.Diagnostics.upgradeResidualDrift
FS.GG.SDD.Artifacts.Diagnostics.upgradeSelfUpdateFailed
FS.GG.SDD.Artifacts.Diagnostics.upgradeStepFailed
FS.GG.SDD.Artifacts.Diagnostics.workModelInconsistent
FS.GG.SDD.Artifacts.Evidence.parseEvidence
FS.GG.SDD.Artifacts.Evidence.parseEvidenceArtifact
FS.GG.SDD.Artifacts.GenerationManifest.createSummaryManifest
FS.GG.SDD.Artifacts.GenerationManifest.createWorkModelManifest
FS.GG.SDD.Artifacts.GenerationManifest.currencyStatusValue
FS.GG.SDD.Artifacts.GenerationManifest.expectedGovernanceHandoffOutputPath
FS.GG.SDD.Artifacts.GenerationManifest.expectedSummaryOutputPath
FS.GG.SDD.Artifacts.GenerationManifest.expectedWorkModelOutputPath
FS.GG.SDD.Artifacts.GenerationManifest.isStale
FS.GG.SDD.Artifacts.GenerationManifest.parseWorkModelMetadata
FS.GG.SDD.Artifacts.GenerationManifest.viewKindValue
FS.GG.SDD.Artifacts.GovernanceHandoff.declaredEvidenceStateValue
FS.GG.SDD.Artifacts.GovernanceHandoff.fromWorkModel
FS.GG.SDD.Artifacts.GovernanceHandoff.isStaleEvidenceResult
FS.GG.SDD.Artifacts.GovernanceHandoff.mapEvidenceState
FS.GG.SDD.Artifacts.GovernanceHandoff.sourceIdentity
FS.GG.SDD.Artifacts.GovernanceHandoff.toJson
FS.GG.SDD.Artifacts.Guidance.parseGeneratedAgentGuidance
FS.GG.SDD.Artifacts.Identifiers.acceptanceScenarioIdValue
FS.GG.SDD.Artifacts.Identifiers.allStages
FS.GG.SDD.Artifacts.Identifiers.ambiguityIdValue
FS.GG.SDD.Artifacts.Identifiers.checklistItemIdValue
FS.GG.SDD.Artifacts.Identifiers.checklistResultIdValue
FS.GG.SDD.Artifacts.Identifiers.clarificationQuestionIdValue
FS.GG.SDD.Artifacts.Identifiers.createAcceptanceScenarioId
FS.GG.SDD.Artifacts.Identifiers.createAmbiguityId
FS.GG.SDD.Artifacts.Identifiers.createChecklistItemId
FS.GG.SDD.Artifacts.Identifiers.createChecklistResultId
FS.GG.SDD.Artifacts.Identifiers.createClarificationQuestionId
FS.GG.SDD.Artifacts.Identifiers.createDecisionId
FS.GG.SDD.Artifacts.Identifiers.createEvidenceId
FS.GG.SDD.Artifacts.Identifiers.createGeneratedViewImpactId
FS.GG.SDD.Artifacts.Identifiers.createPlanContractReferenceId
FS.GG.SDD.Artifacts.Identifiers.createPlanDecisionId
FS.GG.SDD.Artifacts.Identifiers.createPlanMigrationNoteId
FS.GG.SDD.Artifacts.Identifiers.createRequirementId
FS.GG.SDD.Artifacts.Identifiers.createScopeBoundaryId
FS.GG.SDD.Artifacts.Identifiers.createTaskId
FS.GG.SDD.Artifacts.Identifiers.createUserStoryId
FS.GG.SDD.Artifacts.Identifiers.createVerificationObligationId
FS.GG.SDD.Artifacts.Identifiers.createWorkId
FS.GG.SDD.Artifacts.Identifiers.decisionIdValue
FS.GG.SDD.Artifacts.Identifiers.evidenceIdValue
FS.GG.SDD.Artifacts.Identifiers.generatedViewImpactIdValue
FS.GG.SDD.Artifacts.Identifiers.parseStage
FS.GG.SDD.Artifacts.Identifiers.planContractReferenceIdValue
FS.GG.SDD.Artifacts.Identifiers.planDecisionIdValue
FS.GG.SDD.Artifacts.Identifiers.planMigrationNoteIdValue
FS.GG.SDD.Artifacts.Identifiers.requirementIdValue
FS.GG.SDD.Artifacts.Identifiers.scopeBoundaryIdValue
FS.GG.SDD.Artifacts.Identifiers.stageValue
FS.GG.SDD.Artifacts.Identifiers.taskIdValue
FS.GG.SDD.Artifacts.Identifiers.userStoryIdValue
FS.GG.SDD.Artifacts.Identifiers.verificationObligationIdValue
FS.GG.SDD.Artifacts.Identifiers.workIdValue
FS.GG.SDD.Artifacts.LifecycleRuleContracts.contractIds
FS.GG.SDD.Artifacts.LifecycleRuleContracts.initialContracts
FS.GG.SDD.Artifacts.LifecycleRuleContracts.sddOnlyCompatibility
FS.GG.SDD.Artifacts.Plan.parsePlanFacts
FS.GG.SDD.Artifacts.Plan.planStandardSections
FS.GG.SDD.Artifacts.RegistryDocument.load
FS.GG.SDD.Artifacts.ReleaseContract.bumpRule
FS.GG.SDD.Artifacts.ReleaseContract.changeClassValue
FS.GG.SDD.Artifacts.ReleaseContract.channelOfVersion
FS.GG.SDD.Artifacts.ReleaseContract.contractFormatValue
FS.GG.SDD.Artifacts.ReleaseContract.currentRelease
FS.GG.SDD.Artifacts.ReleaseContract.evaluate
FS.GG.SDD.Artifacts.ReleaseContract.inventoryKindValue
FS.GG.SDD.Artifacts.ReleaseContract.migrationNoteRequired
FS.GG.SDD.Artifacts.ReleaseContract.parse
FS.GG.SDD.Artifacts.ReleaseContract.releaseChannelValue
FS.GG.SDD.Artifacts.ReleaseContract.serialize
FS.GG.SDD.Artifacts.ReleaseContract.stabilityClassValue
FS.GG.SDD.Artifacts.RequirementModel.parseDecisions
FS.GG.SDD.Artifacts.RequirementModel.parseRequirements
FS.GG.SDD.Artifacts.ScaffoldProvenance.serialize
FS.GG.SDD.Artifacts.ScaffoldProvenance.tryParse
FS.GG.SDD.Artifacts.SchemaVersion.classifyRaw
FS.GG.SDD.Artifacts.SchemaVersion.create
FS.GG.SDD.Artifacts.SchemaVersion.createGeneratorVersion
FS.GG.SDD.Artifacts.SchemaVersion.createOutputDigest
FS.GG.SDD.Artifacts.SchemaVersion.createSourceDigest
FS.GG.SDD.Artifacts.SchemaVersion.currentGeneratorVersion
FS.GG.SDD.Artifacts.SchemaVersion.isBlocking
FS.GG.SDD.Artifacts.SchemaVersion.isCurrent
FS.GG.SDD.Artifacts.SchemaVersion.isDeprecated
FS.GG.SDD.Artifacts.SchemaVersion.isSupported
FS.GG.SDD.Artifacts.SchemaVersion.outputSha256Text
FS.GG.SDD.Artifacts.SchemaVersion.parse
FS.GG.SDD.Artifacts.SchemaVersion.sha256Text
FS.GG.SDD.Artifacts.SchemaVersion.statusValue
FS.GG.SDD.Artifacts.Serialization.checkGeneratedWorkModelCurrency
FS.GG.SDD.Artifacts.Serialization.diagnosticIds
FS.GG.SDD.Artifacts.Serialization.generateWorkModel
FS.GG.SDD.Artifacts.Serialization.normalizeSnapshotsToWorkModel
FS.GG.SDD.Artifacts.Serialization.serializeWorkModel
FS.GG.SDD.Artifacts.Ship.parseShipView
FS.GG.SDD.Artifacts.SkillManifestJson.serialize
FS.GG.SDD.Artifacts.Specification.parseSpecificationFacts
FS.GG.SDD.Artifacts.Specification.specificationStandardSections
FS.GG.SDD.Artifacts.Task.parseTaskFacts
FS.GG.SDD.Artifacts.Task.parseTasks
FS.GG.SDD.Artifacts.Verify.parseVerificationView
FS.GG.SDD.Artifacts.WorkItem.loadWorkItemFromSnapshots
FS.GG.SDD.Artifacts.WorkItemMetadata.parseWorkItemMetadata
FS.GG.SDD.Artifacts.WorkModel.behaviorModelDigest
FS.GG.SDD.Artifacts.WorkModel.blockingDiagnostics
FS.GG.SDD.Artifacts.WorkModel.deriveGuidanceModel
FS.GG.SDD.Artifacts.WorkModel.fromParsedWorkItem
FS.GG.SDD.Artifacts.WorkModel.governanceBoundaryEntries
FS.GG.SDD.Artifacts.WorkModel.parseWorkModel
