<?xml version="1.0" encoding="utf-8"?>
<TestRun id="99d5ffab-c05f-4c43-a217-dc78f3a4db34" name="@780ae460ce3c 2026-08-30 11:46:39" xmlns="http://microsoft.com/schemas/VisualStudio/TeamTest/2010">
  <Times creation="2026-08-30T11:46:39.0210164+02:00" queuing="2026-08-30T11:46:39.0210165+02:00" start="2026-08-30T11:46:37.3268507+02:00" finish="2026-08-30T11:47:10.6479161+02:00" />
  <TestSettings name="default" id="9dfc15f5-b2bb-4c0e-9816-7448fd47018d">
    <Deployment runDeploymentRoot="_780ae460ce3c_2026-08-30_11_46_39" />
  </TestSettings>
  <Results>
    <UnitTestResult executionId="611c900b-3626-4479-9478-3e19f4dd8c03" testId="ae3ea52b-ab3b-e014-c459-14ef02f2a942" testName="FS.GG.SDD.Acceptance.Tests.RegistryResolverTests.manual input path overrides dispatch and secret (precedence 1)" computerName="780ae460ce3c" duration="00:00:00.0034290" startTime="2026-08-30T11:47:06.1371857+02:00" endTime="2026-08-30T11:47:06.1406316+02:00" testType="13cdc9d9-ddb5-4fa4-a97d-d965ccfc6d4b" outcome="Passed" testListId="8c84fa94-04c1-424b-9868-57a2d4851a1d" relativeResultsDirectory="611c900b-3626-4479-9478-3e19f4dd8c03" />
    <UnitTestResult executionId="5b7da987-47ec-4551-9e83-c157a0f590ea" testId="c8f652f2-5b48-3b61-7c73-771b3df5c5e9" testName="FS.GG.SDD.Acceptance.Tests.CompositionAcceptanceTests.verdict resolution keys on the outcome+diagnostic pair" computerName="780ae460ce3c" duration="00:00:00.0005009" startTime="2026-08-30T11:46:41.2847454+02:00" endTime="2026-08-30T11:46:41.2851162+02:00" testType="13cdc9d9-ddb5-4fa4-a97d-d965ccfc6d4b" outcome="Passed" testListId="8c84fa94-04c1-424b-9868-57a2d4851a1d" relativeResultsDirectory="5b7da987-47ec-4551-9e83-c157a0f590ea" />
    <UnitTestResult executionId="d1c288cb-f214-481a-a731-7201b6672e3d" testId="b81a06fb-76a1-9559-e370-b43c6d90d2a9" testName="FS.GG.SDD.Acceptance.Tests.CompositionAcceptanceTests.env-unset registry skips with no document" computerName="780ae460ce3c" duration="00:00:00.0002831" startTime="2026-08-30T11:46:41.2615951+02:00" endTime="2026-08-30T11:46:41.2618013+02:00" testType="13cdc9d9-ddb5-4fa4-a97d-d965ccfc6d4b" outcome="Passed" testListId="8c84fa94-04c1-424b-9868-57a2d4851a1d" relativeResultsDirectory="d1c288cb-f214-481a-a731-7201b6672e3d" />
    <UnitTestResult executionId="2c2d07dc-0fb1-4f4b-973d-799247bfd177" testId="e6b850d7-61ba-eec3-3dfb-3b81545cda03" testName="FS.GG.SDD.Acceptance.Tests.ProbeResolutionTests.resolveBuildCommand declared invokes the declared command never dotnet" computerName="780ae460ce3c" duration="00:00:00.0001750" startTime="2026-08-30T11:46:55.3562843+02:00" endTime="2026-08-30T11:46:55.3563322+02:00" testType="13cdc9d9-ddb5-4fa4-a97d-d965ccfc6d4b" outcome="Passed" testListId="8c84fa94-04c1-424b-9868-57a2d4851a1d" relativeResultsDirectory="2c2d07dc-0fb1-4f4b-973d-799247bfd177" />
    <UnitTestResult executionId="f2ff2730-755a-45c1-a71d-779b61ca66b1" testId="e5d86937-5c11-622d-2b1f-c0074e41844a" testName="FS.GG.SDD.Acceptance.Tests.ProbeResolutionTests.blank declared executable resolves to the default(blank: &quot;&quot;)" computerName="780ae460ce3c" duration="00:00:00.0002441" startTime="2026-08-30T11:46:55.3567526+02:00" endTime="2026-08-30T11:46:55.3567769+02:00" testType="13cdc9d9-ddb5-4fa4-a97d-d965ccfc6d4b" outcome="Passed" testListId="8c84fa94-04c1-424b-9868-57a2d4851a1d" relativeResultsDirectory="f2ff2730-755a-45c1-a71d-779b61ca66b1" />
    <UnitTestResult executionId="917065d4-9573-4fe8-904c-aec0cae328b0" testId="27dcddae-0cb8-acd3-27fe-de294945351c" testName="FS.GG.SDD.Acceptance.Tests.ProbeResolutionTests.buildProbe declared executes the Synthetic command and reflects its exit" computerName="780ae460ce3c" duration="00:00:00.0006713" startTime="2026-08-30T11:47:06.1361684+02:00" endTime="2026-08-30T11:47:06.1367815+02:00" testType="13cdc9d9-ddb5-4fa4-a97d-d965ccfc6d4b" outcome="Passed" testListId="8c84fa94-04c1-424b-9868-57a2d4851a1d" relativeResultsDirectory="917065d4-9573-4fe8-904c-aec0cae328b0" />
    <UnitTestResult executionId="15d7c2b6-768b-41e1-969e-e0d29733b0b3" testId="855c01d1-cde7-ad8b-126a-052a5dea7412" testName="FS.GG.SDD.Acceptance.Tests.WorkBoardScaffoldAcceptanceTests.a fresh product scaffold carries the exact package-delivered padd-item body in both runtime roots" computerName="780ae460ce3c" duration="00:00:01.4701770" startTime="2026-08-30T11:47:09.1067519+02:00" endTime="2026-08-30T11:47:10.5769574+02:00" testType="13cdc9d9-ddb5-4fa4-a97d-d965ccfc6d4b" outcome="Passed" testListId="8c84fa94-04c1-424b-9868-57a2d4851a1d" relativeResultsDirectory="15d7c2b6-768b-41e1-969e-e0d29733b0b3" />
    <UnitTestResult executionId="20f28014-8edd-4055-b881-5f8c7752e76a" testId="93f44e30-3252-dbfb-baff-39798062b47b" testName="FS.GG.SDD.Acceptance.Tests.CompositionAcceptanceTests.providerFailed splits into skip and fail by diagnostic" computerName="780ae460ce3c" duration="00:00:00.0009510" startTime="2026-08-30T11:46:41.2564912+02:00" endTime="2026-08-30T11:46:41.2571394+02:00" testType="13cdc9d9-ddb5-4fa4-a97d-d965ccfc6d4b" outcome="Passed" testListId="8c84fa94-04c1-424b-9868-57a2d4851a1d" relativeResultsDirectory="20f28014-8edd-4055-b881-5f8c7752e76a" />
    <UnitTestResult executionId="7b19d14c-7623-4597-a00f-18befae5cdb8" testId="0e26ab4d-0e37-a0ca-ae03-7f1dc23b7444" testName="FS.GG.SDD.Acceptance.Tests.WorkBoardScaffoldAcceptanceTests.the shipped work-board skill documents its host loop and immediate status reporting" computerName="780ae460ce3c" duration="00:00:00.0004294" startTime="2026-08-30T11:47:06.1708288+02:00" endTime="2026-08-30T11:47:06.1712616+02:00" testType="13cdc9d9-ddb5-4fa4-a97d-d965ccfc6d4b" outcome="Passed" testListId="8c84fa94-04c1-424b-9868-57a2d4851a1d" relativeResultsDirectory="7b19d14c-7623-4597-a00f-18befae5cdb8" />
    <UnitTestResult executionId="9625a329-e8d1-4058-be80-05eb02d1001a" testId="9673926a-2b94-e57a-4999-0c92e59407b5" testName="FS.GG.SDD.Acceptance.Tests.ProbeResolutionTests.resolveRunCommand declared is Some of the declared command at root" computerName="780ae460ce3c" duration="00:00:00.0002065" startTime="2026-08-30T11:47:06.1361186+02:00" endTime="2026-08-30T11:47:06.1361272+02:00" testType="13cdc9d9-ddb5-4fa4-a97d-d965ccfc6d4b" outcome="Passed" testListId="8c84fa94-04c1-424b-9868-57a2d4851a1d" relativeResultsDirectory="9625a329-e8d1-4058-be80-05eb02d1001a" />
    <UnitTestResult executionId="8a4f472d-a75d-41c7-9b98-ad713eade6f2" testId="be16c792-d85e-d4e5-424a-eb9e5c422ffc" testName="FS.GG.SDD.Acceptance.Tests.RegistryResolverTests.dispatch with empty content fails closed" computerName="780ae460ce3c" duration="00:00:00.0021965" startTime="2026-08-30T11:47:06.1584630+02:00" endTime="2026-08-30T11:47:06.1606290+02:00" testType="13cdc9d9-ddb5-4fa4-a97d-d965ccfc6d4b" outcome="Passed" testListId="8c84fa94-04c1-424b-9868-57a2d4851a1d" relativeResultsDirectory="8a4f472d-a75d-41c7-9b98-ad713eade6f2" />
    <UnitTestResult executionId="c195a257-f344-4c09-96fb-058236395cc5" testId="006c2aa8-f892-b1d2-072a-a9d577d66eef" testName="FS.GG.SDD.Acceptance.Tests.ProbeResolutionTests.discoverRunnableProject is deterministic ordinal-first" computerName="780ae460ce3c" duration="00:00:00.0008983" startTime="2026-08-30T11:46:55.3513222+02:00" endTime="2026-08-30T11:46:55.3520915+02:00" testType="13cdc9d9-ddb5-4fa4-a97d-d965ccfc6d4b" outcome="Passed" testListId="8c84fa94-04c1-424b-9868-57a2d4851a1d" relativeResultsDirectory="c195a257-f344-4c09-96fb-058236395cc5" />
    <UnitTestResult executionId="95759d03-bd60-4ebd-a5f6-ec88ff3e1a44" testId="a3671615-ce7b-fbcc-6f0d-a521907048ff" testName="FS.GG.SDD.Acceptance.Tests.WorkBoardScaffoldAcceptanceTests.a fresh product scaffold carries each routed work-board body byte-identically in both runtime roots(id: &quot;work-board-best&quot;)" computerName="780ae460ce3c" duration="00:00:01.4889313" startTime="2026-08-30T11:47:07.6176582+02:00" endTime="2026-08-30T11:47:09.1065409+02:00" testType="13cdc9d9-ddb5-4fa4-a97d-d965ccfc6d4b" outcome="Passed" testListId="8c84fa94-04c1-424b-9868-57a2d4851a1d" relativeResultsDirectory="95759d03-bd60-4ebd-a5f6-ec88ff3e1a44" />
    <UnitTestResult executionId="b66feca4-663e-49e4-af22-81664ab4af45" testId="7fea8b39-a13a-c04e-d76e-328ac2bde15c" testName="FS.GG.SDD.Acceptance.Tests.CompositionAcceptanceTests.result schema golden is byte-exact with the sensed block normalized" computerName="780ae460ce3c" duration="00:00:00.0021480" startTime="2026-08-30T11:46:37.6444130+02:00" endTime="2026-08-30T11:46:37.6444354+02:00" testType="13cdc9d9-ddb5-4fa4-a97d-d965ccfc6d4b" outcome="Passed" testListId="8c84fa94-04c1-424b-9868-57a2d4851a1d" relativeResultsDirectory="b66feca4-663e-49e4-af22-81664ab4af45" />
    <UnitTestResult executionId="3d7baa34-3cad-40cc-b9e4-c89c9750d65c" testId="0bf7357e-ca34-2cb5-e735-a799a03d392a" testName="FS.GG.SDD.Acceptance.Tests.CompositionAcceptanceTests.hyphenated scaffold name builds and tests green" computerName="780ae460ce3c" duration="00:00:00.0010000" startTime="2026-08-30T11:46:41.2619011+02:00" endTime="2026-08-30T11:46:41.2619144+02:00" testType="13cdc9d9-ddb5-4fa4-a97d-d965ccfc6d4b" outcome="NotExecuted" testListId="8c84fa94-04c1-424b-9868-57a2d4851a1d" relativeResultsDirectory="3d7baa34-3cad-40cc-b9e4-c89c9750d65c">
      <Output>
        <ErrorInfo>
          <Message>FSGG_SDD_ACCEPTANCE_REGISTRY is unset; the composition acceptance is opt-in and network-gated.</Message>
        </ErrorInfo>
      </Output>
    </UnitTestResult>
    <UnitTestResult executionId="4cb5a29d-d21a-417a-9c1f-95bb04714f0f" testId="cc6ddf7a-7804-c963-cddc-fb68a1fc61e2" testName="FS.GG.SDD.Acceptance.Tests.CompositionAcceptanceTests.real rendering composition is coherent end to end" computerName="780ae460ce3c" duration="00:00:00.0010000" startTime="2026-08-30T11:46:37.6461896+02:00" endTime="2026-08-30T11:46:37.6462051+02:00" testType="13cdc9d9-ddb5-4fa4-a97d-d965ccfc6d4b" outcome="NotExecuted" testListId="8c84fa94-04c1-424b-9868-57a2d4851a1d" relativeResultsDirectory="4cb5a29d-d21a-417a-9c1f-95bb04714f0f">
      <Output>
        <ErrorInfo>
          <Message>FSGG_SDD_ACCEPTANCE_REGISTRY is unset; the composition acceptance is opt-in and network-gated.</Message>
        </ErrorInfo>
      </Output>
    </UnitTestResult>
    <UnitTestResult executionId="67d3f0b6-d8e7-4594-b176-3ee9ac6f6633" testId="78af8ec1-beef-bfab-dab4-d2292e6aeabe" testName="FS.GG.SDD.Acceptance.Tests.ProbeResolutionTests.Synthetic non-zero exit yields a started non-zero ProbeResult" computerName="780ae460ce3c" duration="00:00:00.0011626" startTime="2026-08-30T11:46:55.3500887+02:00" endTime="2026-08-30T11:46:55.3511485+02:00" testType="13cdc9d9-ddb5-4fa4-a97d-d965ccfc6d4b" outcome="Passed" testListId="8c84fa94-04c1-424b-9868-57a2d4851a1d" relativeResultsDirectory="67d3f0b6-d8e7-4594-b176-3ee9ac6f6633" />
    <UnitTestResult executionId="178ec4b3-f848-4651-850f-ced3599e6546" testId="21972767-3be3-3523-c9e6-f654ba8a1beb" testName="FS.GG.SDD.Acceptance.Tests.ProbeResolutionTests.runProbe declared executes the Synthetic command and reflects its exit" computerName="780ae460ce3c" duration="00:00:00.0008236" startTime="2026-08-30T11:46:55.3522339+02:00" endTime="2026-08-30T11:46:55.3529662+02:00" testType="13cdc9d9-ddb5-4fa4-a97d-d965ccfc6d4b" outcome="Passed" testListId="8c84fa94-04c1-424b-9868-57a2d4851a1d" relativeResultsDirectory="178ec4b3-f848-4651-850f-ced3599e6546" />
    <UnitTestResult executionId="f0f25a14-5419-4a58-9bd4-fc4115b1bb90" testId="340d97b9-4e45-e2a5-afab-ca7d18d9cc5d" testName="FS.GG.SDD.Acceptance.Tests.RegistryResolverTests.default mode appends the registry path to GITHUB_ENV and the drift sha to the step summary" computerName="780ae460ce3c" duration="00:00:00.0069669" startTime="2026-08-30T11:47:06.1606824+02:00" endTime="2026-08-30T11:47:06.1676329+02:00" testType="13cdc9d9-ddb5-4fa4-a97d-d965ccfc6d4b" outcome="Passed" testListId="8c84fa94-04c1-424b-9868-57a2d4851a1d" relativeResultsDirectory="f0f25a14-5419-4a58-9bd4-fc4115b1bb90" />
    <UnitTestResult executionId="4f124543-b007-4925-bc0a-26666e7e15e2" testId="3f049ec7-c70a-d3c7-618e-77aadf7c04fd" testName="FS.GG.SDD.Acceptance.Tests.CompositionAcceptanceTests.omitted registry maps to a config-error fail" computerName="780ae460ce3c" duration="00:00:00.0227108" startTime="2026-08-30T11:46:41.2623586+02:00" endTime="2026-08-30T11:46:41.2846034+02:00" testType="13cdc9d9-ddb5-4fa4-a97d-d965ccfc6d4b" outcome="Passed" testListId="8c84fa94-04c1-424b-9868-57a2d4851a1d" relativeResultsDirectory="4f124543-b007-4925-bc0a-26666e7e15e2" />
    <UnitTestResult executionId="5c217d09-8b26-421b-92f2-a864ce716e6c" testId="ad2f4672-a91e-43cc-0123-25541dccce5b" testName="FS.GG.SDD.Acceptance.Tests.CompositionAcceptanceTests.two runs with the same inputs yield byte-identical bodies" computerName="780ae460ce3c" duration="00:00:00.0010000" startTime="2026-08-30T11:46:37.6460168+02:00" endTime="2026-08-30T11:46:37.6460386+02:00" testType="13cdc9d9-ddb5-4fa4-a97d-d965ccfc6d4b" outcome="NotExecuted" testListId="8c84fa94-04c1-424b-9868-57a2d4851a1d" relativeResultsDirectory="5c217d09-8b26-421b-92f2-a864ce716e6c">
      <Output>
        <ErrorInfo>
          <Message>FSGG_SDD_ACCEPTANCE_REGISTRY is unset; the composition acceptance is opt-in and network-gated.</Message>
        </ErrorInfo>
      </Output>
    </UnitTestResult>
    <UnitTestResult executionId="41b2cb01-e164-4b48-8296-caee865f3cb1" testId="ac98a8b5-0a26-6f72-ad12-f395f90c6377" testName="FS.GG.SDD.Acceptance.Tests.ScheduledAcceptanceWorkflowTests.scheduled lane always reaches the fail-closed registry resolver and provider facts" computerName="780ae460ce3c" duration="00:00:00.0005036" startTime="2026-08-30T11:47:06.1701446+02:00" endTime="2026-08-30T11:47:06.1706207+02:00" testType="13cdc9d9-ddb5-4fa4-a97d-d965ccfc6d4b" outcome="Passed" testListId="8c84fa94-04c1-424b-9868-57a2d4851a1d" relativeResultsDirectory="41b2cb01-e164-4b48-8296-caee865f3cb1" />
    <UnitTestResult executionId="c37e3ec6-4d39-43c9-ac31-528d621c03a2" testId="4ff64246-bb73-c864-04aa-74e724e50022" testName="FS.GG.SDD.Acceptance.Tests.CompositionAcceptanceTests.descriptor resolve-and-bind selects the declared build and run commands" computerName="780ae460ce3c" duration="00:00:00.0043103" startTime="2026-08-30T11:46:41.2572220+02:00" endTime="2026-08-30T11:46:41.2614946+02:00" testType="13cdc9d9-ddb5-4fa4-a97d-d965ccfc6d4b" outcome="Passed" testListId="8c84fa94-04c1-424b-9868-57a2d4851a1d" relativeResultsDirectory="c37e3ec6-4d39-43c9-ac31-528d621c03a2" />
    <UnitTestResult executionId="b030ad98-6477-4767-a88e-7c20da73af95" testId="89d970e3-5025-9b70-7d31-ccaa8c7687c7" testName="FS.GG.SDD.Acceptance.Tests.RegistryResolverTests.secret content is materialized when it is the only source (precedence 3)" computerName="780ae460ce3c" duration="00:00:00.0038307" startTime="2026-08-30T11:47:06.1471844+02:00" endTime="2026-08-30T11:47:06.1509993+02:00" testType="13cdc9d9-ddb5-4fa4-a97d-d965ccfc6d4b" outcome="Passed" testListId="8c84fa94-04c1-424b-9868-57a2d4851a1d" relativeResultsDirectory="b030ad98-6477-4767-a88e-7c20da73af95" />
    <UnitTestResult executionId="14d3fbcc-9c4d-4fbf-91aa-49d4794c59ad" testId="debb8f1e-13bb-f63f-a08b-093e0e685ee6" testName="FS.GG.SDD.Acceptance.Tests.WorkBoardScaffoldAcceptanceTests.the shipped padd-item skill targets only the configured board and fails without mutation when wiring is missing" computerName="780ae460ce3c" duration="00:00:00.0001458" startTime="2026-08-30T11:47:09.1066451+02:00" endTime="2026-08-30T11:47:09.1067001+02:00" testType="13cdc9d9-ddb5-4fa4-a97d-d965ccfc6d4b" outcome="Passed" testListId="8c84fa94-04c1-424b-9868-57a2d4851a1d" relativeResultsDirectory="14d3fbcc-9c4d-4fbf-91aa-49d4794c59ad" />
    <UnitTestResult executionId="f6eccaa5-4e70-4e33-9cba-500a685d9d8f" testId="8204f6a4-1cb3-a597-6b25-60e7d5afb36b" testName="FS.GG.SDD.Acceptance.Tests.ProbeResolutionTests.empty product discovers no project and run default is None" computerName="780ae460ce3c" duration="00:00:00.0010839" startTime="2026-08-30T11:46:55.3479105+02:00" endTime="2026-08-30T11:46:55.3487566+02:00" testType="13cdc9d9-ddb5-4fa4-a97d-d965ccfc6d4b" outcome="Passed" testListId="8c84fa94-04c1-424b-9868-57a2d4851a1d" relativeResultsDirectory="f6eccaa5-4e70-4e33-9cba-500a685d9d8f" />
    <UnitTestResult executionId="7f10c355-d99a-4f45-88a1-d4758e82ac5b" testId="a45be463-8313-f309-e1a8-abd8100e1dec" testName="FS.GG.SDD.Acceptance.Tests.ProbeResolutionTests.buildProbe honors the descriptor's declared command and starts no dotnet" computerName="780ae460ce3c" duration="00:00:00.0011571" startTime="2026-08-30T11:46:55.3489260+02:00" endTime="2026-08-30T11:46:55.3499423+02:00" testType="13cdc9d9-ddb5-4fa4-a97d-d965ccfc6d4b" outcome="Passed" testListId="8c84fa94-04c1-424b-9868-57a2d4851a1d" relativeResultsDirectory="7f10c355-d99a-4f45-88a1-d4758e82ac5b" />
    <UnitTestResult executionId="7f204552-f2fc-4c36-ba64-37b3a56f23eb" testId="ac367409-e3dc-e87e-85a3-4112df45a27b" testName="FS.GG.SDD.Acceptance.Tests.CompositionAcceptanceTests.unavailable provider resolves to skip-unavailable" computerName="780ae460ce3c" duration="00:00:00.0010000" startTime="2026-08-30T11:46:41.2622171+02:00" endTime="2026-08-30T11:46:41.2622298+02:00" testType="13cdc9d9-ddb5-4fa4-a97d-d965ccfc6d4b" outcome="NotExecuted" testListId="8c84fa94-04c1-424b-9868-57a2d4851a1d" relativeResultsDirectory="7f204552-f2fc-4c36-ba64-37b3a56f23eb">
      <Output>
        <ErrorInfo>
          <Message>FSGG_SDD_ACCEPTANCE_REGISTRY is unset; the composition acceptance is opt-in and network-gated.</Message>
        </ErrorInfo>
      </Output>
    </UnitTestResult>
    <UnitTestResult executionId="7e914f4c-da9a-49e9-8802-ffaddad383ea" testId="04136a42-e567-a294-7a17-cbf5fd8811d3" testName="FS.GG.SDD.Acceptance.Tests.CompositionAcceptanceTests.the hyphenated smoke request forwards the descriptor-resolved name key" computerName="780ae460ce3c" duration="00:00:03.6147827" startTime="2026-08-30T11:46:37.6463281+02:00" endTime="2026-08-30T11:46:41.2559311+02:00" testType="13cdc9d9-ddb5-4fa4-a97d-d965ccfc6d4b" outcome="Passed" testListId="8c84fa94-04c1-424b-9868-57a2d4851a1d" relativeResultsDirectory="7e914f4c-da9a-49e9-8802-ffaddad383ea" />
    <UnitTestResult executionId="3de6999e-c226-4297-87fd-939676c2f2d6" testId="aec8d945-1da8-42f5-a77a-83daa656267f" testName="FS.GG.SDD.Acceptance.Tests.RegistryResolverTests.dispatch source materializes content verbatim and the file sha matches the advertised" computerName="780ae460ce3c" duration="00:00:00.0064310" startTime="2026-08-30T11:47:06.1406918+02:00" endTime="2026-08-30T11:47:06.1471309+02:00" testType="13cdc9d9-ddb5-4fa4-a97d-d965ccfc6d4b" outcome="Passed" testListId="8c84fa94-04c1-424b-9868-57a2d4851a1d" relativeResultsDirectory="3de6999e-c226-4297-87fd-939676c2f2d6" />
    <UnitTestResult executionId="4e706e15-5dbc-4ef8-b60a-101d3ee1e041" testId="bdb2e49f-a09b-ddb9-fdfa-76803914ea66" testName="FS.GG.SDD.Acceptance.Tests.ProbeResolutionTests.Synthetic missing executable yields a could-not-start ProbeResult" computerName="780ae460ce3c" duration="00:00:00.0004674" startTime="2026-08-30T11:47:01.1329762+02:00" endTime="2026-08-30T11:47:01.1332337+02:00" testType="13cdc9d9-ddb5-4fa4-a97d-d965ccfc6d4b" outcome="Passed" testListId="8c84fa94-04c1-424b-9868-57a2d4851a1d" relativeResultsDirectory="4e706e15-5dbc-4ef8-b60a-101d3ee1e041" />
    <UnitTestResult executionId="cd2b3ffd-1fda-4964-9b65-c29bef87b29f" testId="3bd12610-6f5b-6d52-1006-7f991e63a5cb" testName="FS.GG.SDD.Acceptance.Tests.ProbeResolutionTests.default ProbeCommand tokens are the generic dotnet set only" computerName="780ae460ce3c" duration="00:00:00.0015206" startTime="2026-08-30T11:46:55.3540375+02:00" endTime="2026-08-30T11:46:55.3554574+02:00" testType="13cdc9d9-ddb5-4fa4-a97d-d965ccfc6d4b" outcome="Passed" testListId="8c84fa94-04c1-424b-9868-57a2d4851a1d" relativeResultsDirectory="cd2b3ffd-1fda-4964-9b65-c29bef87b29f" />
    <UnitTestResult executionId="6bae1f44-823d-45ac-b70f-0b1539d855d0" testId="e07ce153-e7f5-5dcb-59c7-ccc288c3d231" testName="FS.GG.SDD.Acceptance.Tests.ProbeResolutionTests.resolveBuildCommand None is dotnet build at root" computerName="780ae460ce3c" duration="00:00:00.0001328" startTime="2026-08-30T11:47:06.1368922+02:00" endTime="2026-08-30T11:47:06.1370018+02:00" testType="13cdc9d9-ddb5-4fa4-a97d-d965ccfc6d4b" outcome="Passed" testListId="8c84fa94-04c1-424b-9868-57a2d4851a1d" relativeResultsDirectory="6bae1f44-823d-45ac-b70f-0b1539d855d0" />
    <UnitTestResult executionId="e19a92a5-77d8-49ca-81d2-47f6718cb386" testId="2cbdaaf3-be3a-20cb-b6f3-da55748eaaca" testName="FS.GG.SDD.Acceptance.Tests.RegistryResolverTests.no source at all fails closed (unchanged from today)" computerName="780ae460ce3c" duration="00:00:00.0020671" startTime="2026-08-30T11:47:06.1678738+02:00" endTime="2026-08-30T11:47:06.1697404+02:00" testType="13cdc9d9-ddb5-4fa4-a97d-d965ccfc6d4b" outcome="Passed" testListId="8c84fa94-04c1-424b-9868-57a2d4851a1d" relativeResultsDirectory="e19a92a5-77d8-49ca-81d2-47f6718cb386" />
    <UnitTestResult executionId="5464e137-1921-4b23-b8a9-6ec6349d81b0" testId="e092d10d-77eb-6355-9500-66be19bae403" testName="FS.GG.SDD.Acceptance.Tests.CompositionAcceptanceTests.override-free composition records the provider's sdd lifecycle default" computerName="780ae460ce3c" duration="00:00:00.0010000" startTime="2026-08-30T11:46:37.6447642+02:00" endTime="2026-08-30T11:46:37.6449484+02:00" testType="13cdc9d9-ddb5-4fa4-a97d-d965ccfc6d4b" outcome="NotExecuted" testListId="8c84fa94-04c1-424b-9868-57a2d4851a1d" relativeResultsDirectory="5464e137-1921-4b23-b8a9-6ec6349d81b0">
      <Output>
        <ErrorInfo>
          <Message>FSGG_SDD_ACCEPTANCE_REGISTRY is unset; the composition acceptance is opt-in and network-gated.</Message>
        </ErrorInfo>
      </Output>
    </UnitTestResult>
    <UnitTestResult executionId="99516374-f77d-4aea-b868-61c5d9b304f6" testId="d2a7e1f3-6542-cc07-8201-f60f29efe833" testName="FS.GG.SDD.Acceptance.Tests.ProbeResolutionTests.resolveRunCommand None is dotnet run --project discovered at root" computerName="780ae460ce3c" duration="00:00:00.0003686" startTime="2026-08-30T11:46:56.1299852+02:00" endTime="2026-08-30T11:46:56.1302254+02:00" testType="13cdc9d9-ddb5-4fa4-a97d-d965ccfc6d4b" outcome="Passed" testListId="8c84fa94-04c1-424b-9868-57a2d4851a1d" relativeResultsDirectory="99516374-f77d-4aea-b868-61c5d9b304f6" />
    <UnitTestResult executionId="710c74f8-beef-4233-89a7-64772f04f271" testId="72d9c30f-4dd4-6681-e743-2a98042efe74" testName="FS.GG.SDD.Acceptance.Tests.ProbeResolutionTests.runProbe honors the descriptor's declared command and starts no dotnet" computerName="780ae460ce3c" duration="00:00:00.0006571" startTime="2026-08-30T11:46:55.3556085+02:00" endTime="2026-08-30T11:46:55.3561423+02:00" testType="13cdc9d9-ddb5-4fa4-a97d-d965ccfc6d4b" outcome="Passed" testListId="8c84fa94-04c1-424b-9868-57a2d4851a1d" relativeResultsDirectory="710c74f8-beef-4233-89a7-64772f04f271" />
    <UnitTestResult executionId="03127827-093b-45f4-9d2e-2ba8676e9fd7" testId="ba900ab2-bbd5-5c49-710e-bbd3c770dc1e" testName="FS.GG.SDD.Acceptance.Tests.CompositionAcceptanceTests.acceptance project carries no Governance reference" computerName="780ae460ce3c" duration="00:00:00.0003568" startTime="2026-08-30T11:46:41.2855800+02:00" endTime="2026-08-30T11:46:41.2856967+02:00" testType="13cdc9d9-ddb5-4fa4-a97d-d965ccfc6d4b" outcome="Passed" testListId="8c84fa94-04c1-424b-9868-57a2d4851a1d" relativeResultsDirectory="03127827-093b-45f4-9d2e-2ba8676e9fd7" />
    <UnitTestResult executionId="7a675e61-6a87-4460-91d3-b3a1c10479dc" testId="a2b3bd15-b9ad-5b68-a145-e9d475c37992" testName="FS.GG.SDD.Acceptance.Tests.WorkBoardScaffoldAcceptanceTests.a fresh product scaffold carries each routed work-board body byte-identically in both runtime roots(id: &quot;work-board-normal&quot;)" computerName="780ae460ce3c" duration="00:00:01.4462063" startTime="2026-08-30T11:47:06.1712957+02:00" endTime="2026-08-30T11:47:07.6175436+02:00" testType="13cdc9d9-ddb5-4fa4-a97d-d965ccfc6d4b" outcome="Passed" testListId="8c84fa94-04c1-424b-9868-57a2d4851a1d" relativeResultsDirectory="7a675e61-6a87-4460-91d3-b3a1c10479dc" />
    <UnitTestResult executionId="cccb3c40-2f4a-4077-9311-f09cabfa05d9" testId="48567f3d-fd39-1642-8d18-76a73d26d804" testName="FS.GG.SDD.Acceptance.Tests.ProbeResolutionTests.blank declared executable resolves to the default(blank: &quot;   &quot;)" computerName="780ae460ce3c" duration="00:00:00.0004214" startTime="2026-08-30T11:46:55.3569466+02:00" endTime="2026-08-30T11:46:55.3570550+02:00" testType="13cdc9d9-ddb5-4fa4-a97d-d965ccfc6d4b" outcome="Passed" testListId="8c84fa94-04c1-424b-9868-57a2d4851a1d" relativeResultsDirectory="cccb3c40-2f4a-4077-9311-f09cabfa05d9" />
    <UnitTestResult executionId="ad5e882a-a54c-4eec-965b-03470aaecd64" testId="44906f0b-1424-2632-ebf6-3504a3b26bae" testName="FS.GG.SDD.Acceptance.Tests.PolyglotLifecycleAcceptanceTests.one lifecycle imports real TRX and JUnit reports without a language taxonomy" computerName="780ae460ce3c" duration="00:00:14.0603073" startTime="2026-08-30T11:46:41.2873331+02:00" endTime="2026-08-30T11:46:55.3473741+02:00" testType="13cdc9d9-ddb5-4fa4-a97d-d965ccfc6d4b" outcome="Passed" testListId="8c84fa94-04c1-424b-9868-57a2d4851a1d" relativeResultsDirectory="ad5e882a-a54c-4eec-965b-03470aaecd64" />
    <UnitTestResult executionId="dd62da67-7e98-472e-9751-ab1b76bf44d4" testId="d5e6fdd1-4573-08b8-e199-c030479e6812" testName="FS.GG.SDD.Acceptance.Tests.ScheduledAcceptanceWorkflowTests.offline provider facts retain an explicit capability skip" computerName="780ae460ce3c" duration="00:00:00.0000746" startTime="2026-08-30T11:47:06.1706518+02:00" endTime="2026-08-30T11:47:06.1707153+02:00" testType="13cdc9d9-ddb5-4fa4-a97d-d965ccfc6d4b" outcome="Passed" testListId="8c84fa94-04c1-424b-9868-57a2d4851a1d" relativeResultsDirectory="dd62da67-7e98-472e-9751-ab1b76bf44d4" />
    <UnitTestResult executionId="57ce125b-9072-4361-80e7-c70d9c28e722" testId="afe7f316-de50-9fab-41ec-f2cb13ef69d6" testName="FS.GG.SDD.Acceptance.Tests.ProbeResolutionTests.descriptor with no declared build or run resolves to the dotnet defaults" computerName="780ae460ce3c" duration="00:00:00.0008638" startTime="2026-08-30T11:46:55.3531046+02:00" endTime="2026-08-30T11:46:55.3539016+02:00" testType="13cdc9d9-ddb5-4fa4-a97d-d965ccfc6d4b" outcome="Passed" testListId="8c84fa94-04c1-424b-9868-57a2d4851a1d" relativeResultsDirectory="57ce125b-9072-4361-80e7-c70d9c28e722" />
    <UnitTestResult executionId="9951c1ad-5257-4355-931f-43502854a058" testId="622329fe-6802-a47f-a835-9cc30ab115bc" testName="FS.GG.SDD.Acceptance.Tests.RegistryResolverTests.dispatch whose recomputed sha differs from the advertised fails closed" computerName="780ae460ce3c" duration="00:00:00.0073669" startTime="2026-08-30T11:47:06.1510486+02:00" endTime="2026-08-30T11:47:06.1584034+02:00" testType="13cdc9d9-ddb5-4fa4-a97d-d965ccfc6d4b" outcome="Passed" testListId="8c84fa94-04c1-424b-9868-57a2d4851a1d" relativeResultsDirectory="9951c1ad-5257-4355-931f-43502854a058" />
    <UnitTestResult executionId="d5c8bd5a-e1e5-4618-b060-0cbfc35a945d" testId="10129ba8-ea28-c463-c457-91ed71a91b24" testName="FS.GG.SDD.Acceptance.Tests.ProbeResolutionTests.runToCompletion is bounded when a grandchild still holds the pipes after the child exits" computerName="780ae460ce3c" duration="00:00:05.0025363" startTime="2026-08-30T11:47:01.1332787+02:00" endTime="2026-08-30T11:47:06.1358498+02:00" testType="13cdc9d9-ddb5-4fa4-a97d-d965ccfc6d4b" outcome="Passed" testListId="8c84fa94-04c1-424b-9868-57a2d4851a1d" relativeResultsDirectory="d5c8bd5a-e1e5-4618-b060-0cbfc35a945d" />
    <UnitTestResult executionId="393983c1-f55e-4e97-9f62-d0843c1d48a3" testId="039ba848-fd47-3417-a085-845c8b41e808" testName="FS.GG.SDD.Acceptance.Tests.ProbeResolutionTests.runProbe does not report a child that exited holding pipes as a healthy running app" computerName="780ae460ce3c" duration="00:00:05.0024322" startTime="2026-08-30T11:46:56.1302701+02:00" endTime="2026-08-30T11:47:01.1327394+02:00" testType="13cdc9d9-ddb5-4fa4-a97d-d965ccfc6d4b" outcome="Passed" testListId="8c84fa94-04c1-424b-9868-57a2d4851a1d" relativeResultsDirectory="393983c1-f55e-4e97-9f62-d0843c1d48a3" />
    <UnitTestResult executionId="5b3bf0b2-c4db-4e01-9ace-fa316f240b8e" testId="92a5a20c-c9a7-e604-fdbc-53ac85b4973f" testName="FS.GG.SDD.Acceptance.Tests.ProbeResolutionTests.Synthetic hanging command is killed at its bound with a timeout diagnostic" computerName="780ae460ce3c" duration="00:00:00.7726777" startTime="2026-08-30T11:46:55.3571609+02:00" endTime="2026-08-30T11:46:56.1298265+02:00" testType="13cdc9d9-ddb5-4fa4-a97d-d965ccfc6d4b" outcome="Passed" testListId="8c84fa94-04c1-424b-9868-57a2d4851a1d" relativeResultsDirectory="5b3bf0b2-c4db-4e01-9ace-fa316f240b8e" />
    <UnitTestResult executionId="ca9c58fd-61da-4771-8dd8-00a001e98e19" testId="ed935c2b-816e-35f0-b2c3-0d10cece218b" testName="FS.GG.SDD.Acceptance.Tests.CompositionAcceptanceTests.the skeleton-shape surface accounts for all seeded skill files" computerName="780ae460ce3c" duration="00:00:00.0073860" startTime="2026-08-30T11:46:37.6289824+02:00" endTime="2026-08-30T11:46:37.6387927+02:00" testType="13cdc9d9-ddb5-4fa4-a97d-d965ccfc6d4b" outcome="Passed" testListId="8c84fa94-04c1-424b-9868-57a2d4851a1d" relativeResultsDirectory="ca9c58fd-61da-4771-8dd8-00a001e98e19" />
    <UnitTestResult executionId="3151702c-b83a-4e20-b3f8-7cead389da9e" testId="d814d512-5082-e6ff-1687-56f26b4a951e" testName="FS.GG.SDD.Acceptance.Tests.CompositionAcceptanceTests.the override-free composition request carries no parameter" computerName="780ae460ce3c" duration="00:00:00.0002493" startTime="2026-08-30T11:46:41.2563646+02:00" endTime="2026-08-30T11:46:41.2563831+02:00" testType="13cdc9d9-ddb5-4fa4-a97d-d965ccfc6d4b" outcome="Passed" testListId="8c84fa94-04c1-424b-9868-57a2d4851a1d" relativeResultsDirectory="3151702c-b83a-4e20-b3f8-7cead389da9e" />
    <UnitTestResult executionId="1bec275e-d131-4f18-8127-f2f8fda3a293" testId="ca4c135d-17c6-ae7b-8375-4d1049251db5" testName="FS.GG.SDD.Acceptance.Tests.CompositionAcceptanceTests.the fixed composition request passes no explicit starter parameter" computerName="780ae460ce3c" duration="00:00:00.0001560" startTime="2026-08-30T11:46:41.2851872+02:00" endTime="2026-08-30T11:46:41.2853028+02:00" testType="13cdc9d9-ddb5-4fa4-a97d-d965ccfc6d4b" outcome="Passed" testListId="8c84fa94-04c1-424b-9868-57a2d4851a1d" relativeResultsDirectory="1bec275e-d131-4f18-8127-f2f8fda3a293" />
    <UnitTestResult executionId="fa4454bc-199a-4bda-890c-405aa584b82a" testId="2f16cfaf-42c5-61a6-aac0-a20a3a6256fa" testName="FS.GG.SDD.Acceptance.Tests.ScheduledAcceptanceWorkflowTests.default real-provider product root is a stable valid identifier shape" computerName="780ae460ce3c" duration="00:00:00.0002313" startTime="2026-08-30T11:47:06.1698957+02:00" endTime="2026-08-30T11:47:06.1700966+02:00" testType="13cdc9d9-ddb5-4fa4-a97d-d965ccfc6d4b" outcome="Passed" testListId="8c84fa94-04c1-424b-9868-57a2d4851a1d" relativeResultsDirectory="fa4454bc-199a-4bda-890c-405aa584b82a" />
  </Results>
  <TestDefinitions>
    <UnitTest name="FS.GG.SDD.Acceptance.Tests.ProbeResolutionTests.resolveBuildCommand None is dotnet build at root" storage="/tmp/fsgg-sdd-944-v39tis/tests/fs.gg.sdd.acceptance.tests/bin/debug/net10.0/fs.gg.sdd.acceptance.tests.dll" id="e07ce153-e7f5-5dcb-59c7-ccc288c3d231">
      <Execution id="6bae1f44-823d-45ac-b70f-0b1539d855d0" />
      <TestMethod codeBase="/tmp/fsgg-sdd-944-v39tIs/tests/FS.GG.SDD.Acceptance.Tests/bin/Debug/net10.0/FS.GG.SDD.Acceptance.Tests.dll" adapterTypeName="executor://xunit/VsTestRunner3/netcore/" className="FS.GG.SDD.Acceptance.Tests.ProbeResolutionTests" name="resolveBuildCommand None is dotnet build at root" />
    </UnitTest>
    <UnitTest name="FS.GG.SDD.Acceptance.Tests.CompositionAcceptanceTests.env-unset registry skips with no document" storage="/tmp/fsgg-sdd-944-v39tis/tests/fs.gg.sdd.acceptance.tests/bin/debug/net10.0/fs.gg.sdd.acceptance.tests.dll" id="b81a06fb-76a1-9559-e370-b43c6d90d2a9">
      <Execution id="d1c288cb-f214-481a-a731-7201b6672e3d" />
      <TestMethod codeBase="/tmp/fsgg-sdd-944-v39tIs/tests/FS.GG.SDD.Acceptance.Tests/bin/Debug/net10.0/FS.GG.SDD.Acceptance.Tests.dll" adapterTypeName="executor://xunit/VsTestRunner3/netcore/" className="FS.GG.SDD.Acceptance.Tests.CompositionAcceptanceTests" name="env-unset registry skips with no document" />
    </UnitTest>
    <UnitTest name="FS.GG.SDD.Acceptance.Tests.RegistryResolverTests.dispatch with empty content fails closed" storage="/tmp/fsgg-sdd-944-v39tis/tests/fs.gg.sdd.acceptance.tests/bin/debug/net10.0/fs.gg.sdd.acceptance.tests.dll" id="be16c792-d85e-d4e5-424a-eb9e5c422ffc">
      <Execution id="8a4f472d-a75d-41c7-9b98-ad713eade6f2" />
      <TestMethod codeBase="/tmp/fsgg-sdd-944-v39tIs/tests/FS.GG.SDD.Acceptance.Tests/bin/Debug/net10.0/FS.GG.SDD.Acceptance.Tests.dll" adapterTypeName="executor://xunit/VsTestRunner3/netcore/" className="FS.GG.SDD.Acceptance.Tests.RegistryResolverTests" name="dispatch with empty content fails closed" />
    </UnitTest>
    <UnitTest name="FS.GG.SDD.Acceptance.Tests.WorkBoardScaffoldAcceptanceTests.a fresh product scaffold carries the exact package-delivered padd-item body in both runtime roots" storage="/tmp/fsgg-sdd-944-v39tis/tests/fs.gg.sdd.acceptance.tests/bin/debug/net10.0/fs.gg.sdd.acceptance.tests.dll" id="855c01d1-cde7-ad8b-126a-052a5dea7412">
      <Execution id="15d7c2b6-768b-41e1-969e-e0d29733b0b3" />
      <TestMethod codeBase="/tmp/fsgg-sdd-944-v39tIs/tests/FS.GG.SDD.Acceptance.Tests/bin/Debug/net10.0/FS.GG.SDD.Acceptance.Tests.dll" adapterTypeName="executor://xunit/VsTestRunner3/netcore/" className="FS.GG.SDD.Acceptance.Tests.WorkBoardScaffoldAcceptanceTests" name="a fresh product scaffold carries the exact package-delivered padd-item body in both runtime roots" />
    </UnitTest>
    <UnitTest name="FS.GG.SDD.Acceptance.Tests.CompositionAcceptanceTests.unavailable provider resolves to skip-unavailable" storage="/tmp/fsgg-sdd-944-v39tis/tests/fs.gg.sdd.acceptance.tests/bin/debug/net10.0/fs.gg.sdd.acceptance.tests.dll" id="ac367409-e3dc-e87e-85a3-4112df45a27b">
      <Execution id="7f204552-f2fc-4c36-ba64-37b3a56f23eb" />
      <TestMethod codeBase="/tmp/fsgg-sdd-944-v39tIs/tests/FS.GG.SDD.Acceptance.Tests/bin/Debug/net10.0/FS.GG.SDD.Acceptance.Tests.dll" adapterTypeName="executor://xunit/VsTestRunner3/netcore/" className="FS.GG.SDD.Acceptance.Tests.CompositionAcceptanceTests" name="unavailable provider resolves to skip-unavailable" />
    </UnitTest>
    <UnitTest name="FS.GG.SDD.Acceptance.Tests.CompositionAcceptanceTests.the hyphenated smoke request forwards the descriptor-resolved name key" storage="/tmp/fsgg-sdd-944-v39tis/tests/fs.gg.sdd.acceptance.tests/bin/debug/net10.0/fs.gg.sdd.acceptance.tests.dll" id="04136a42-e567-a294-7a17-cbf5fd8811d3">
      <Execution id="7e914f4c-da9a-49e9-8802-ffaddad383ea" />
      <TestMethod codeBase="/tmp/fsgg-sdd-944-v39tIs/tests/FS.GG.SDD.Acceptance.Tests/bin/Debug/net10.0/FS.GG.SDD.Acceptance.Tests.dll" adapterTypeName="executor://xunit/VsTestRunner3/netcore/" className="FS.GG.SDD.Acceptance.Tests.CompositionAcceptanceTests" name="the hyphenated smoke request forwards the descriptor-resolved name key" />
    </UnitTest>
    <UnitTest name="FS.GG.SDD.Acceptance.Tests.ScheduledAcceptanceWorkflowTests.default real-provider product root is a stable valid identifier shape" storage="/tmp/fsgg-sdd-944-v39tis/tests/fs.gg.sdd.acceptance.tests/bin/debug/net10.0/fs.gg.sdd.acceptance.tests.dll" id="2f16cfaf-42c5-61a6-aac0-a20a3a6256fa">
      <Execution id="fa4454bc-199a-4bda-890c-405aa584b82a" />
      <TestMethod codeBase="/tmp/fsgg-sdd-944-v39tIs/tests/FS.GG.SDD.Acceptance.Tests/bin/Debug/net10.0/FS.GG.SDD.Acceptance.Tests.dll" adapterTypeName="executor://xunit/VsTestRunner3/netcore/" className="FS.GG.SDD.Acceptance.Tests.ScheduledAcceptanceWorkflowTests" name="default real-provider product root is a stable valid identifier shape" />
    </UnitTest>
    <UnitTest name="FS.GG.SDD.Acceptance.Tests.CompositionAcceptanceTests.override-free composition records the provider's sdd lifecycle default" storage="/tmp/fsgg-sdd-944-v39tis/tests/fs.gg.sdd.acceptance.tests/bin/debug/net10.0/fs.gg.sdd.acceptance.tests.dll" id="e092d10d-77eb-6355-9500-66be19bae403">
      <Execution id="5464e137-1921-4b23-b8a9-6ec6349d81b0" />
      <TestMethod codeBase="/tmp/fsgg-sdd-944-v39tIs/tests/FS.GG.SDD.Acceptance.Tests/bin/Debug/net10.0/FS.GG.SDD.Acceptance.Tests.dll" adapterTypeName="executor://xunit/VsTestRunner3/netcore/" className="FS.GG.SDD.Acceptance.Tests.CompositionAcceptanceTests" name="override-free composition records the provider's sdd lifecycle default" />
    </UnitTest>
    <UnitTest name="FS.GG.SDD.Acceptance.Tests.CompositionAcceptanceTests.the skeleton-shape surface accounts for all seeded skill files" storage="/tmp/fsgg-sdd-944-v39tis/tests/fs.gg.sdd.acceptance.tests/bin/debug/net10.0/fs.gg.sdd.acceptance.tests.dll" id="ed935c2b-816e-35f0-b2c3-0d10cece218b">
      <Execution id="ca9c58fd-61da-4771-8dd8-00a001e98e19" />
      <TestMethod codeBase="/tmp/fsgg-sdd-944-v39tIs/tests/FS.GG.SDD.Acceptance.Tests/bin/Debug/net10.0/FS.GG.SDD.Acceptance.Tests.dll" adapterTypeName="executor://xunit/VsTestRunner3/netcore/" className="FS.GG.SDD.Acceptance.Tests.CompositionAcceptanceTests" name="the skeleton-shape surface accounts for all seeded skill files" />
    </UnitTest>
    <UnitTest name="FS.GG.SDD.Acceptance.Tests.ProbeResolutionTests.Synthetic non-zero exit yields a started non-zero ProbeResult" storage="/tmp/fsgg-sdd-944-v39tis/tests/fs.gg.sdd.acceptance.tests/bin/debug/net10.0/fs.gg.sdd.acceptance.tests.dll" id="78af8ec1-beef-bfab-dab4-d2292e6aeabe">
      <Execution id="67d3f0b6-d8e7-4594-b176-3ee9ac6f6633" />
      <TestMethod codeBase="/tmp/fsgg-sdd-944-v39tIs/tests/FS.GG.SDD.Acceptance.Tests/bin/Debug/net10.0/FS.GG.SDD.Acceptance.Tests.dll" adapterTypeName="executor://xunit/VsTestRunner3/netcore/" className="FS.GG.SDD.Acceptance.Tests.ProbeResolutionTests" name="Synthetic non-zero exit yields a started non-zero ProbeResult" />
    </UnitTest>
    <UnitTest name="FS.GG.SDD.Acceptance.Tests.RegistryResolverTests.secret content is materialized when it is the only source (precedence 3)" storage="/tmp/fsgg-sdd-944-v39tis/tests/fs.gg.sdd.acceptance.tests/bin/debug/net10.0/fs.gg.sdd.acceptance.tests.dll" id="89d970e3-5025-9b70-7d31-ccaa8c7687c7">
      <Execution id="b030ad98-6477-4767-a88e-7c20da73af95" />
      <TestMethod codeBase="/tmp/fsgg-sdd-944-v39tIs/tests/FS.GG.SDD.Acceptance.Tests/bin/Debug/net10.0/FS.GG.SDD.Acceptance.Tests.dll" adapterTypeName="executor://xunit/VsTestRunner3/netcore/" className="FS.GG.SDD.Acceptance.Tests.RegistryResolverTests" name="secret content is materialized when it is the only source (precedence 3)" />
    </UnitTest>
    <UnitTest name="FS.GG.SDD.Acceptance.Tests.ProbeResolutionTests.runProbe honors the descriptor's declared command and starts no dotnet" storage="/tmp/fsgg-sdd-944-v39tis/tests/fs.gg.sdd.acceptance.tests/bin/debug/net10.0/fs.gg.sdd.acceptance.tests.dll" id="72d9c30f-4dd4-6681-e743-2a98042efe74">
      <Execution id="710c74f8-beef-4233-89a7-64772f04f271" />
      <TestMethod codeBase="/tmp/fsgg-sdd-944-v39tIs/tests/FS.GG.SDD.Acceptance.Tests/bin/Debug/net10.0/FS.GG.SDD.Acceptance.Tests.dll" adapterTypeName="executor://xunit/VsTestRunner3/netcore/" className="FS.GG.SDD.Acceptance.Tests.ProbeResolutionTests" name="runProbe honors the descriptor's declared command and starts no dotnet" />
    </UnitTest>
    <UnitTest name="FS.GG.SDD.Acceptance.Tests.CompositionAcceptanceTests.acceptance project carries no Governance reference" storage="/tmp/fsgg-sdd-944-v39tis/tests/fs.gg.sdd.acceptance.tests/bin/debug/net10.0/fs.gg.sdd.acceptance.tests.dll" id="ba900ab2-bbd5-5c49-710e-bbd3c770dc1e">
      <Execution id="03127827-093b-45f4-9d2e-2ba8676e9fd7" />
      <TestMethod codeBase="/tmp/fsgg-sdd-944-v39tIs/tests/FS.GG.SDD.Acceptance.Tests/bin/Debug/net10.0/FS.GG.SDD.Acceptance.Tests.dll" adapterTypeName="executor://xunit/VsTestRunner3/netcore/" className="FS.GG.SDD.Acceptance.Tests.CompositionAcceptanceTests" name="acceptance project carries no Governance reference" />
    </UnitTest>
    <UnitTest name="FS.GG.SDD.Acceptance.Tests.ProbeResolutionTests.default ProbeCommand tokens are the generic dotnet set only" storage="/tmp/fsgg-sdd-944-v39tis/tests/fs.gg.sdd.acceptance.tests/bin/debug/net10.0/fs.gg.sdd.acceptance.tests.dll" id="3bd12610-6f5b-6d52-1006-7f991e63a5cb">
      <Execution id="cd2b3ffd-1fda-4964-9b65-c29bef87b29f" />
      <TestMethod codeBase="/tmp/fsgg-sdd-944-v39tIs/tests/FS.GG.SDD.Acceptance.Tests/bin/Debug/net10.0/FS.GG.SDD.Acceptance.Tests.dll" adapterTypeName="executor://xunit/VsTestRunner3/netcore/" className="FS.GG.SDD.Acceptance.Tests.ProbeResolutionTests" name="default ProbeCommand tokens are the generic dotnet set only" />
    </UnitTest>
    <UnitTest name="FS.GG.SDD.Acceptance.Tests.RegistryResolverTests.default mode appends the registry path to GITHUB_ENV and the drift sha to the step summary" storage="/tmp/fsgg-sdd-944-v39tis/tests/fs.gg.sdd.acceptance.tests/bin/debug/net10.0/fs.gg.sdd.acceptance.tests.dll" id="340d97b9-4e45-e2a5-afab-ca7d18d9cc5d">
      <Execution id="f0f25a14-5419-4a58-9bd4-fc4115b1bb90" />
      <TestMethod codeBase="/tmp/fsgg-sdd-944-v39tIs/tests/FS.GG.SDD.Acceptance.Tests/bin/Debug/net10.0/FS.GG.SDD.Acceptance.Tests.dll" adapterTypeName="executor://xunit/VsTestRunner3/netcore/" className="FS.GG.SDD.Acceptance.Tests.RegistryResolverTests" name="default mode appends the registry path to GITHUB_ENV and the drift sha to the step summary" />
    </UnitTest>
    <UnitTest name="FS.GG.SDD.Acceptance.Tests.ProbeResolutionTests.resolveRunCommand None is dotnet run --project discovered at root" storage="/tmp/fsgg-sdd-944-v39tis/tests/fs.gg.sdd.acceptance.tests/bin/debug/net10.0/fs.gg.sdd.acceptance.tests.dll" id="d2a7e1f3-6542-cc07-8201-f60f29efe833">
      <Execution id="99516374-f77d-4aea-b868-61c5d9b304f6" />
      <TestMethod codeBase="/tmp/fsgg-sdd-944-v39tIs/tests/FS.GG.SDD.Acceptance.Tests/bin/Debug/net10.0/FS.GG.SDD.Acceptance.Tests.dll" adapterTypeName="executor://xunit/VsTestRunner3/netcore/" className="FS.GG.SDD.Acceptance.Tests.ProbeResolutionTests" name="resolveRunCommand None is dotnet run --project discovered at root" />
    </UnitTest>
    <UnitTest name="FS.GG.SDD.Acceptance.Tests.ProbeResolutionTests.discoverRunnableProject is deterministic ordinal-first" storage="/tmp/fsgg-sdd-944-v39tis/tests/fs.gg.sdd.acceptance.tests/bin/debug/net10.0/fs.gg.sdd.acceptance.tests.dll" id="006c2aa8-f892-b1d2-072a-a9d577d66eef">
      <Execution id="c195a257-f344-4c09-96fb-058236395cc5" />
      <TestMethod codeBase="/tmp/fsgg-sdd-944-v39tIs/tests/FS.GG.SDD.Acceptance.Tests/bin/Debug/net10.0/FS.GG.SDD.Acceptance.Tests.dll" adapterTypeName="executor://xunit/VsTestRunner3/netcore/" className="FS.GG.SDD.Acceptance.Tests.ProbeResolutionTests" name="discoverRunnableProject is deterministic ordinal-first" />
    </UnitTest>
    <UnitTest name="FS.GG.SDD.Acceptance.Tests.CompositionAcceptanceTests.hyphenated scaffold name builds and tests green" storage="/tmp/fsgg-sdd-944-v39tis/tests/fs.gg.sdd.acceptance.tests/bin/debug/net10.0/fs.gg.sdd.acceptance.tests.dll" id="0bf7357e-ca34-2cb5-e735-a799a03d392a">
      <Execution id="3d7baa34-3cad-40cc-b9e4-c89c9750d65c" />
      <TestMethod codeBase="/tmp/fsgg-sdd-944-v39tIs/tests/FS.GG.SDD.Acceptance.Tests/bin/Debug/net10.0/FS.GG.SDD.Acceptance.Tests.dll" adapterTypeName="executor://xunit/VsTestRunner3/netcore/" className="FS.GG.SDD.Acceptance.Tests.CompositionAcceptanceTests" name="hyphenated scaffold name builds and tests green" />
    </UnitTest>
    <UnitTest name="FS.GG.SDD.Acceptance.Tests.CompositionAcceptanceTests.providerFailed splits into skip and fail by diagnostic" storage="/tmp/fsgg-sdd-944-v39tis/tests/fs.gg.sdd.acceptance.tests/bin/debug/net10.0/fs.gg.sdd.acceptance.tests.dll" id="93f44e30-3252-dbfb-baff-39798062b47b">
      <Execution id="20f28014-8edd-4055-b881-5f8c7752e76a" />
      <TestMethod codeBase="/tmp/fsgg-sdd-944-v39tIs/tests/FS.GG.SDD.Acceptance.Tests/bin/Debug/net10.0/FS.GG.SDD.Acceptance.Tests.dll" adapterTypeName="executor://xunit/VsTestRunner3/netcore/" className="FS.GG.SDD.Acceptance.Tests.CompositionAcceptanceTests" name="providerFailed splits into skip and fail by diagnostic" />
    </UnitTest>
    <UnitTest name="FS.GG.SDD.Acceptance.Tests.CompositionAcceptanceTests.result schema golden is byte-exact with the sensed block normalized" storage="/tmp/fsgg-sdd-944-v39tis/tests/fs.gg.sdd.acceptance.tests/bin/debug/net10.0/fs.gg.sdd.acceptance.tests.dll" id="7fea8b39-a13a-c04e-d76e-328ac2bde15c">
      <Execution id="b66feca4-663e-49e4-af22-81664ab4af45" />
      <TestMethod codeBase="/tmp/fsgg-sdd-944-v39tIs/tests/FS.GG.SDD.Acceptance.Tests/bin/Debug/net10.0/FS.GG.SDD.Acceptance.Tests.dll" adapterTypeName="executor://xunit/VsTestRunner3/netcore/" className="FS.GG.SDD.Acceptance.Tests.CompositionAcceptanceTests" name="result schema golden is byte-exact with the sensed block normalized" />
    </UnitTest>
    <UnitTest name="FS.GG.SDD.Acceptance.Tests.WorkBoardScaffoldAcceptanceTests.the shipped padd-item skill targets only the configured board and fails without mutation when wiring is missing" storage="/tmp/fsgg-sdd-944-v39tis/tests/fs.gg.sdd.acceptance.tests/bin/debug/net10.0/fs.gg.sdd.acceptance.tests.dll" id="debb8f1e-13bb-f63f-a08b-093e0e685ee6">
      <Execution id="14d3fbcc-9c4d-4fbf-91aa-49d4794c59ad" />
      <TestMethod codeBase="/tmp/fsgg-sdd-944-v39tIs/tests/FS.GG.SDD.Acceptance.Tests/bin/Debug/net10.0/FS.GG.SDD.Acceptance.Tests.dll" adapterTypeName="executor://xunit/VsTestRunner3/netcore/" className="FS.GG.SDD.Acceptance.Tests.WorkBoardScaffoldAcceptanceTests" name="the shipped padd-item skill targets only the configured board and fails without mutation when wiring is missing" />
    </UnitTest>
    <UnitTest name="FS.GG.SDD.Acceptance.Tests.ProbeResolutionTests.buildProbe declared executes the Synthetic command and reflects its exit" storage="/tmp/fsgg-sdd-944-v39tis/tests/fs.gg.sdd.acceptance.tests/bin/debug/net10.0/fs.gg.sdd.acceptance.tests.dll" id="27dcddae-0cb8-acd3-27fe-de294945351c">
      <Execution id="917065d4-9573-4fe8-904c-aec0cae328b0" />
      <TestMethod codeBase="/tmp/fsgg-sdd-944-v39tIs/tests/FS.GG.SDD.Acceptance.Tests/bin/Debug/net10.0/FS.GG.SDD.Acceptance.Tests.dll" adapterTypeName="executor://xunit/VsTestRunner3/netcore/" className="FS.GG.SDD.Acceptance.Tests.ProbeResolutionTests" name="buildProbe declared executes the Synthetic command and reflects its exit" />
    </UnitTest>
    <UnitTest name="FS.GG.SDD.Acceptance.Tests.CompositionAcceptanceTests.omitted registry maps to a config-error fail" storage="/tmp/fsgg-sdd-944-v39tis/tests/fs.gg.sdd.acceptance.tests/bin/debug/net10.0/fs.gg.sdd.acceptance.tests.dll" id="3f049ec7-c70a-d3c7-618e-77aadf7c04fd">
      <Execution id="4f124543-b007-4925-bc0a-26666e7e15e2" />
      <TestMethod codeBase="/tmp/fsgg-sdd-944-v39tIs/tests/FS.GG.SDD.Acceptance.Tests/bin/Debug/net10.0/FS.GG.SDD.Acceptance.Tests.dll" adapterTypeName="executor://xunit/VsTestRunner3/netcore/" className="FS.GG.SDD.Acceptance.Tests.CompositionAcceptanceTests" name="omitted registry maps to a config-error fail" />
    </UnitTest>
    <UnitTest name="FS.GG.SDD.Acceptance.Tests.CompositionAcceptanceTests.verdict resolution keys on the outcome+diagnostic pair" storage="/tmp/fsgg-sdd-944-v39tis/tests/fs.gg.sdd.acceptance.tests/bin/debug/net10.0/fs.gg.sdd.acceptance.tests.dll" id="c8f652f2-5b48-3b61-7c73-771b3df5c5e9">
      <Execution id="5b7da987-47ec-4551-9e83-c157a0f590ea" />
      <TestMethod codeBase="/tmp/fsgg-sdd-944-v39tIs/tests/FS.GG.SDD.Acceptance.Tests/bin/Debug/net10.0/FS.GG.SDD.Acceptance.Tests.dll" adapterTypeName="executor://xunit/VsTestRunner3/netcore/" className="FS.GG.SDD.Acceptance.Tests.CompositionAcceptanceTests" name="verdict resolution keys on the outcome+diagnostic pair" />
    </UnitTest>
    <UnitTest name="FS.GG.SDD.Acceptance.Tests.RegistryResolverTests.dispatch source materializes content verbatim and the file sha matches the advertised" storage="/tmp/fsgg-sdd-944-v39tis/tests/fs.gg.sdd.acceptance.tests/bin/debug/net10.0/fs.gg.sdd.acceptance.tests.dll" id="aec8d945-1da8-42f5-a77a-83daa656267f">
      <Execution id="3de6999e-c226-4297-87fd-939676c2f2d6" />
      <TestMethod codeBase="/tmp/fsgg-sdd-944-v39tIs/tests/FS.GG.SDD.Acceptance.Tests/bin/Debug/net10.0/FS.GG.SDD.Acceptance.Tests.dll" adapterTypeName="executor://xunit/VsTestRunner3/netcore/" className="FS.GG.SDD.Acceptance.Tests.RegistryResolverTests" name="dispatch source materializes content verbatim and the file sha matches the advertised" />
    </UnitTest>
    <UnitTest name="FS.GG.SDD.Acceptance.Tests.ProbeResolutionTests.resolveRunCommand declared is Some of the declared command at root" storage="/tmp/fsgg-sdd-944-v39tis/tests/fs.gg.sdd.acceptance.tests/bin/debug/net10.0/fs.gg.sdd.acceptance.tests.dll" id="9673926a-2b94-e57a-4999-0c92e59407b5">
      <Execution id="9625a329-e8d1-4058-be80-05eb02d1001a" />
      <TestMethod codeBase="/tmp/fsgg-sdd-944-v39tIs/tests/FS.GG.SDD.Acceptance.Tests/bin/Debug/net10.0/FS.GG.SDD.Acceptance.Tests.dll" adapterTypeName="executor://xunit/VsTestRunner3/netcore/" className="FS.GG.SDD.Acceptance.Tests.ProbeResolutionTests" name="resolveRunCommand declared is Some of the declared command at root" />
    </UnitTest>
    <UnitTest name="FS.GG.SDD.Acceptance.Tests.CompositionAcceptanceTests.the fixed composition request passes no explicit starter parameter" storage="/tmp/fsgg-sdd-944-v39tis/tests/fs.gg.sdd.acceptance.tests/bin/debug/net10.0/fs.gg.sdd.acceptance.tests.dll" id="ca4c135d-17c6-ae7b-8375-4d1049251db5">
      <Execution id="1bec275e-d131-4f18-8127-f2f8fda3a293" />
      <TestMethod codeBase="/tmp/fsgg-sdd-944-v39tIs/tests/FS.GG.SDD.Acceptance.Tests/bin/Debug/net10.0/FS.GG.SDD.Acceptance.Tests.dll" adapterTypeName="executor://xunit/VsTestRunner3/netcore/" className="FS.GG.SDD.Acceptance.Tests.CompositionAcceptanceTests" name="the fixed composition request passes no explicit starter parameter" />
    </UnitTest>
    <UnitTest name="FS.GG.SDD.Acceptance.Tests.ProbeResolutionTests.runProbe does not report a child that exited holding pipes as a healthy running app" storage="/tmp/fsgg-sdd-944-v39tis/tests/fs.gg.sdd.acceptance.tests/bin/debug/net10.0/fs.gg.sdd.acceptance.tests.dll" id="039ba848-fd47-3417-a085-845c8b41e808">
      <Execution id="393983c1-f55e-4e97-9f62-d0843c1d48a3" />
      <TestMethod codeBase="/tmp/fsgg-sdd-944-v39tIs/tests/FS.GG.SDD.Acceptance.Tests/bin/Debug/net10.0/FS.GG.SDD.Acceptance.Tests.dll" adapterTypeName="executor://xunit/VsTestRunner3/netcore/" className="FS.GG.SDD.Acceptance.Tests.ProbeResolutionTests" name="runProbe does not report a child that exited holding pipes as a healthy running app" />
    </UnitTest>
    <UnitTest name="FS.GG.SDD.Acceptance.Tests.WorkBoardScaffoldAcceptanceTests.a fresh product scaffold carries each routed work-board body byte-identically in both runtime roots(id: &quot;work-board-best&quot;)" storage="/tmp/fsgg-sdd-944-v39tis/tests/fs.gg.sdd.acceptance.tests/bin/debug/net10.0/fs.gg.sdd.acceptance.tests.dll" id="a3671615-ce7b-fbcc-6f0d-a521907048ff">
      <Execution id="95759d03-bd60-4ebd-a5f6-ec88ff3e1a44" />
      <TestMethod codeBase="/tmp/fsgg-sdd-944-v39tIs/tests/FS.GG.SDD.Acceptance.Tests/bin/Debug/net10.0/FS.GG.SDD.Acceptance.Tests.dll" adapterTypeName="executor://xunit/VsTestRunner3/netcore/" className="FS.GG.SDD.Acceptance.Tests.WorkBoardScaffoldAcceptanceTests" name="a fresh product scaffold carries each routed work-board body byte-identically in both runtime roots" />
    </UnitTest>
    <UnitTest name="FS.GG.SDD.Acceptance.Tests.ProbeResolutionTests.Synthetic missing executable yields a could-not-start ProbeResult" storage="/tmp/fsgg-sdd-944-v39tis/tests/fs.gg.sdd.acceptance.tests/bin/debug/net10.0/fs.gg.sdd.acceptance.tests.dll" id="bdb2e49f-a09b-ddb9-fdfa-76803914ea66">
      <Execution id="4e706e15-5dbc-4ef8-b60a-101d3ee1e041" />
      <TestMethod codeBase="/tmp/fsgg-sdd-944-v39tIs/tests/FS.GG.SDD.Acceptance.Tests/bin/Debug/net10.0/FS.GG.SDD.Acceptance.Tests.dll" adapterTypeName="executor://xunit/VsTestRunner3/netcore/" className="FS.GG.SDD.Acceptance.Tests.ProbeResolutionTests" name="Synthetic missing executable yields a could-not-start ProbeResult" />
    </UnitTest>
    <UnitTest name="FS.GG.SDD.Acceptance.Tests.CompositionAcceptanceTests.the override-free composition request carries no parameter" storage="/tmp/fsgg-sdd-944-v39tis/tests/fs.gg.sdd.acceptance.tests/bin/debug/net10.0/fs.gg.sdd.acceptance.tests.dll" id="d814d512-5082-e6ff-1687-56f26b4a951e">
      <Execution id="3151702c-b83a-4e20-b3f8-7cead389da9e" />
      <TestMethod codeBase="/tmp/fsgg-sdd-944-v39tIs/tests/FS.GG.SDD.Acceptance.Tests/bin/Debug/net10.0/FS.GG.SDD.Acceptance.Tests.dll" adapterTypeName="executor://xunit/VsTestRunner3/netcore/" className="FS.GG.SDD.Acceptance.Tests.CompositionAcceptanceTests" name="the override-free composition request carries no parameter" />
    </UnitTest>
    <UnitTest name="FS.GG.SDD.Acceptance.Tests.ProbeResolutionTests.Synthetic hanging command is killed at its bound with a timeout diagnostic" storage="/tmp/fsgg-sdd-944-v39tis/tests/fs.gg.sdd.acceptance.tests/bin/debug/net10.0/fs.gg.sdd.acceptance.tests.dll" id="92a5a20c-c9a7-e604-fdbc-53ac85b4973f">
      <Execution id="5b3bf0b2-c4db-4e01-9ace-fa316f240b8e" />
      <TestMethod codeBase="/tmp/fsgg-sdd-944-v39tIs/tests/FS.GG.SDD.Acceptance.Tests/bin/Debug/net10.0/FS.GG.SDD.Acceptance.Tests.dll" adapterTypeName="executor://xunit/VsTestRunner3/netcore/" className="FS.GG.SDD.Acceptance.Tests.ProbeResolutionTests" name="Synthetic hanging command is killed at its bound with a timeout diagnostic" />
    </UnitTest>
    <UnitTest name="FS.GG.SDD.Acceptance.Tests.WorkBoardScaffoldAcceptanceTests.a fresh product scaffold carries each routed work-board body byte-identically in both runtime roots(id: &quot;work-board-normal&quot;)" storage="/tmp/fsgg-sdd-944-v39tis/tests/fs.gg.sdd.acceptance.tests/bin/debug/net10.0/fs.gg.sdd.acceptance.tests.dll" id="a2b3bd15-b9ad-5b68-a145-e9d475c37992">
      <Execution id="7a675e61-6a87-4460-91d3-b3a1c10479dc" />
      <TestMethod codeBase="/tmp/fsgg-sdd-944-v39tIs/tests/FS.GG.SDD.Acceptance.Tests/bin/Debug/net10.0/FS.GG.SDD.Acceptance.Tests.dll" adapterTypeName="executor://xunit/VsTestRunner3/netcore/" className="FS.GG.SDD.Acceptance.Tests.WorkBoardScaffoldAcceptanceTests" name="a fresh product scaffold carries each routed work-board body byte-identically in both runtime roots" />
    </UnitTest>
    <UnitTest name="FS.GG.SDD.Acceptance.Tests.WorkBoardScaffoldAcceptanceTests.the shipped work-board skill documents its host loop and immediate status reporting" storage="/tmp/fsgg-sdd-944-v39tis/tests/fs.gg.sdd.acceptance.tests/bin/debug/net10.0/fs.gg.sdd.acceptance.tests.dll" id="0e26ab4d-0e37-a0ca-ae03-7f1dc23b7444">
      <Execution id="7b19d14c-7623-4597-a00f-18befae5cdb8" />
      <TestMethod codeBase="/tmp/fsgg-sdd-944-v39tIs/tests/FS.GG.SDD.Acceptance.Tests/bin/Debug/net10.0/FS.GG.SDD.Acceptance.Tests.dll" adapterTypeName="executor://xunit/VsTestRunner3/netcore/" className="FS.GG.SDD.Acceptance.Tests.WorkBoardScaffoldAcceptanceTests" name="the shipped work-board skill documents its host loop and immediate status reporting" />
    </UnitTest>
    <UnitTest name="FS.GG.SDD.Acceptance.Tests.ProbeResolutionTests.runProbe declared executes the Synthetic command and reflects its exit" storage="/tmp/fsgg-sdd-944-v39tis/tests/fs.gg.sdd.acceptance.tests/bin/debug/net10.0/fs.gg.sdd.acceptance.tests.dll" id="21972767-3be3-3523-c9e6-f654ba8a1beb">
      <Execution id="178ec4b3-f848-4651-850f-ced3599e6546" />
      <TestMethod codeBase="/tmp/fsgg-sdd-944-v39tIs/tests/FS.GG.SDD.Acceptance.Tests/bin/Debug/net10.0/FS.GG.SDD.Acceptance.Tests.dll" adapterTypeName="executor://xunit/VsTestRunner3/netcore/" className="FS.GG.SDD.Acceptance.Tests.ProbeResolutionTests" name="runProbe declared executes the Synthetic command and reflects its exit" />
    </UnitTest>
    <UnitTest name="FS.GG.SDD.Acceptance.Tests.ProbeResolutionTests.empty product discovers no project and run default is None" storage="/tmp/fsgg-sdd-944-v39tis/tests/fs.gg.sdd.acceptance.tests/bin/debug/net10.0/fs.gg.sdd.acceptance.tests.dll" id="8204f6a4-1cb3-a597-6b25-60e7d5afb36b">
      <Execution id="f6eccaa5-4e70-4e33-9cba-500a685d9d8f" />
      <TestMethod codeBase="/tmp/fsgg-sdd-944-v39tIs/tests/FS.GG.SDD.Acceptance.Tests/bin/Debug/net10.0/FS.GG.SDD.Acceptance.Tests.dll" adapterTypeName="executor://xunit/VsTestRunner3/netcore/" className="FS.GG.SDD.Acceptance.Tests.ProbeResolutionTests" name="empty product discovers no project and run default is None" />
    </UnitTest>
    <UnitTest name="FS.GG.SDD.Acceptance.Tests.ScheduledAcceptanceWorkflowTests.scheduled lane always reaches the fail-closed registry resolver and provider facts" storage="/tmp/fsgg-sdd-944-v39tis/tests/fs.gg.sdd.acceptance.tests/bin/debug/net10.0/fs.gg.sdd.acceptance.tests.dll" id="ac98a8b5-0a26-6f72-ad12-f395f90c6377">
      <Execution id="41b2cb01-e164-4b48-8296-caee865f3cb1" />
      <TestMethod codeBase="/tmp/fsgg-sdd-944-v39tIs/tests/FS.GG.SDD.Acceptance.Tests/bin/Debug/net10.0/FS.GG.SDD.Acceptance.Tests.dll" adapterTypeName="executor://xunit/VsTestRunner3/netcore/" className="FS.GG.SDD.Acceptance.Tests.ScheduledAcceptanceWorkflowTests" name="scheduled lane always reaches the fail-closed registry resolver and provider facts" />
    </UnitTest>
    <UnitTest name="FS.GG.SDD.Acceptance.Tests.ProbeResolutionTests.blank declared executable resolves to the default(blank: &quot;&quot;)" storage="/tmp/fsgg-sdd-944-v39tis/tests/fs.gg.sdd.acceptance.tests/bin/debug/net10.0/fs.gg.sdd.acceptance.tests.dll" id="e5d86937-5c11-622d-2b1f-c0074e41844a">
      <Execution id="f2ff2730-755a-45c1-a71d-779b61ca66b1" />
      <TestMethod codeBase="/tmp/fsgg-sdd-944-v39tIs/tests/FS.GG.SDD.Acceptance.Tests/bin/Debug/net10.0/FS.GG.SDD.Acceptance.Tests.dll" adapterTypeName="executor://xunit/VsTestRunner3/netcore/" className="FS.GG.SDD.Acceptance.Tests.ProbeResolutionTests" name="blank declared executable resolves to the default" />
    </UnitTest>
    <UnitTest name="FS.GG.SDD.Acceptance.Tests.RegistryResolverTests.manual input path overrides dispatch and secret (precedence 1)" storage="/tmp/fsgg-sdd-944-v39tis/tests/fs.gg.sdd.acceptance.tests/bin/debug/net10.0/fs.gg.sdd.acceptance.tests.dll" id="ae3ea52b-ab3b-e014-c459-14ef02f2a942">
      <Execution id="611c900b-3626-4479-9478-3e19f4dd8c03" />
      <TestMethod codeBase="/tmp/fsgg-sdd-944-v39tIs/tests/FS.GG.SDD.Acceptance.Tests/bin/Debug/net10.0/FS.GG.SDD.Acceptance.Tests.dll" adapterTypeName="executor://xunit/VsTestRunner3/netcore/" className="FS.GG.SDD.Acceptance.Tests.RegistryResolverTests" name="manual input path overrides dispatch and secret (precedence 1)" />
    </UnitTest>
    <UnitTest name="FS.GG.SDD.Acceptance.Tests.ProbeResolutionTests.resolveBuildCommand declared invokes the declared command never dotnet" storage="/tmp/fsgg-sdd-944-v39tis/tests/fs.gg.sdd.acceptance.tests/bin/debug/net10.0/fs.gg.sdd.acceptance.tests.dll" id="e6b850d7-61ba-eec3-3dfb-3b81545cda03">
      <Execution id="2c2d07dc-0fb1-4f4b-973d-799247bfd177" />
      <TestMethod codeBase="/tmp/fsgg-sdd-944-v39tIs/tests/FS.GG.SDD.Acceptance.Tests/bin/Debug/net10.0/FS.GG.SDD.Acceptance.Tests.dll" adapterTypeName="executor://xunit/VsTestRunner3/netcore/" className="FS.GG.SDD.Acceptance.Tests.ProbeResolutionTests" name="resolveBuildCommand declared invokes the declared command never dotnet" />
    </UnitTest>
    <UnitTest name="FS.GG.SDD.Acceptance.Tests.ProbeResolutionTests.blank declared executable resolves to the default(blank: &quot;   &quot;)" storage="/tmp/fsgg-sdd-944-v39tis/tests/fs.gg.sdd.acceptance.tests/bin/debug/net10.0/fs.gg.sdd.acceptance.tests.dll" id="48567f3d-fd39-1642-8d18-76a73d26d804">
      <Execution id="cccb3c40-2f4a-4077-9311-f09cabfa05d9" />
      <TestMethod codeBase="/tmp/fsgg-sdd-944-v39tIs/tests/FS.GG.SDD.Acceptance.Tests/bin/Debug/net10.0/FS.GG.SDD.Acceptance.Tests.dll" adapterTypeName="executor://xunit/VsTestRunner3/netcore/" className="FS.GG.SDD.Acceptance.Tests.ProbeResolutionTests" name="blank declared executable resolves to the default" />
    </UnitTest>
    <UnitTest name="FS.GG.SDD.Acceptance.Tests.ProbeResolutionTests.runToCompletion is bounded when a grandchild still holds the pipes after the child exits" storage="/tmp/fsgg-sdd-944-v39tis/tests/fs.gg.sdd.acceptance.tests/bin/debug/net10.0/fs.gg.sdd.acceptance.tests.dll" id="10129ba8-ea28-c463-c457-91ed71a91b24">
      <Execution id="d5c8bd5a-e1e5-4618-b060-0cbfc35a945d" />
      <TestMethod codeBase="/tmp/fsgg-sdd-944-v39tIs/tests/FS.GG.SDD.Acceptance.Tests/bin/Debug/net10.0/FS.GG.SDD.Acceptance.Tests.dll" adapterTypeName="executor://xunit/VsTestRunner3/netcore/" className="FS.GG.SDD.Acceptance.Tests.ProbeResolutionTests" name="runToCompletion is bounded when a grandchild still holds the pipes after the child exits" />
    </UnitTest>
    <UnitTest name="FS.GG.SDD.Acceptance.Tests.RegistryResolverTests.dispatch whose recomputed sha differs from the advertised fails closed" storage="/tmp/fsgg-sdd-944-v39tis/tests/fs.gg.sdd.acceptance.tests/bin/debug/net10.0/fs.gg.sdd.acceptance.tests.dll" id="622329fe-6802-a47f-a835-9cc30ab115bc">
      <Execution id="9951c1ad-5257-4355-931f-43502854a058" />
      <TestMethod codeBase="/tmp/fsgg-sdd-944-v39tIs/tests/FS.GG.SDD.Acceptance.Tests/bin/Debug/net10.0/FS.GG.SDD.Acceptance.Tests.dll" adapterTypeName="executor://xunit/VsTestRunner3/netcore/" className="FS.GG.SDD.Acceptance.Tests.RegistryResolverTests" name="dispatch whose recomputed sha differs from the advertised fails closed" />
    </UnitTest>
    <UnitTest name="FS.GG.SDD.Acceptance.Tests.PolyglotLifecycleAcceptanceTests.one lifecycle imports real TRX and JUnit reports without a language taxonomy" storage="/tmp/fsgg-sdd-944-v39tis/tests/fs.gg.sdd.acceptance.tests/bin/debug/net10.0/fs.gg.sdd.acceptance.tests.dll" id="44906f0b-1424-2632-ebf6-3504a3b26bae">
      <Execution id="ad5e882a-a54c-4eec-965b-03470aaecd64" />
      <TestMethod codeBase="/tmp/fsgg-sdd-944-v39tIs/tests/FS.GG.SDD.Acceptance.Tests/bin/Debug/net10.0/FS.GG.SDD.Acceptance.Tests.dll" adapterTypeName="executor://xunit/VsTestRunner3/netcore/" className="FS.GG.SDD.Acceptance.Tests.PolyglotLifecycleAcceptanceTests" name="one lifecycle imports real TRX and JUnit reports without a language taxonomy" />
    </UnitTest>
    <UnitTest name="FS.GG.SDD.Acceptance.Tests.CompositionAcceptanceTests.two runs with the same inputs yield byte-identical bodies" storage="/tmp/fsgg-sdd-944-v39tis/tests/fs.gg.sdd.acceptance.tests/bin/debug/net10.0/fs.gg.sdd.acceptance.tests.dll" id="ad2f4672-a91e-43cc-0123-25541dccce5b">
      <Execution id="5c217d09-8b26-421b-92f2-a864ce716e6c" />
      <TestMethod codeBase="/tmp/fsgg-sdd-944-v39tIs/tests/FS.GG.SDD.Acceptance.Tests/bin/Debug/net10.0/FS.GG.SDD.Acceptance.Tests.dll" adapterTypeName="executor://xunit/VsTestRunner3/netcore/" className="FS.GG.SDD.Acceptance.Tests.CompositionAcceptanceTests" name="two runs with the same inputs yield byte-identical bodies" />
    </UnitTest>
    <UnitTest name="FS.GG.SDD.Acceptance.Tests.RegistryResolverTests.no source at all fails closed (unchanged from today)" storage="/tmp/fsgg-sdd-944-v39tis/tests/fs.gg.sdd.acceptance.tests/bin/debug/net10.0/fs.gg.sdd.acceptance.tests.dll" id="2cbdaaf3-be3a-20cb-b6f3-da55748eaaca">
      <Execution id="e19a92a5-77d8-49ca-81d2-47f6718cb386" />
      <TestMethod codeBase="/tmp/fsgg-sdd-944-v39tIs/tests/FS.GG.SDD.Acceptance.Tests/bin/Debug/net10.0/FS.GG.SDD.Acceptance.Tests.dll" adapterTypeName="executor://xunit/VsTestRunner3/netcore/" className="FS.GG.SDD.Acceptance.Tests.RegistryResolverTests" name="no source at all fails closed (unchanged from today)" />
    </UnitTest>
    <UnitTest name="FS.GG.SDD.Acceptance.Tests.CompositionAcceptanceTests.descriptor resolve-and-bind selects the declared build and run commands" storage="/tmp/fsgg-sdd-944-v39tis/tests/fs.gg.sdd.acceptance.tests/bin/debug/net10.0/fs.gg.sdd.acceptance.tests.dll" id="4ff64246-bb73-c864-04aa-74e724e50022">
      <Execution id="c37e3ec6-4d39-43c9-ac31-528d621c03a2" />
      <TestMethod codeBase="/tmp/fsgg-sdd-944-v39tIs/tests/FS.GG.SDD.Acceptance.Tests/bin/Debug/net10.0/FS.GG.SDD.Acceptance.Tests.dll" adapterTypeName="executor://xunit/VsTestRunner3/netcore/" className="FS.GG.SDD.Acceptance.Tests.CompositionAcceptanceTests" name="descriptor resolve-and-bind selects the declared build and run commands" />
    </UnitTest>
    <UnitTest name="FS.GG.SDD.Acceptance.Tests.CompositionAcceptanceTests.real rendering composition is coherent end to end" storage="/tmp/fsgg-sdd-944-v39tis/tests/fs.gg.sdd.acceptance.tests/bin/debug/net10.0/fs.gg.sdd.acceptance.tests.dll" id="cc6ddf7a-7804-c963-cddc-fb68a1fc61e2">
      <Execution id="4cb5a29d-d21a-417a-9c1f-95bb04714f0f" />
      <TestMethod codeBase="/tmp/fsgg-sdd-944-v39tIs/tests/FS.GG.SDD.Acceptance.Tests/bin/Debug/net10.0/FS.GG.SDD.Acceptance.Tests.dll" adapterTypeName="executor://xunit/VsTestRunner3/netcore/" className="FS.GG.SDD.Acceptance.Tests.CompositionAcceptanceTests" name="real rendering composition is coherent end to end" />
    </UnitTest>
    <UnitTest name="FS.GG.SDD.Acceptance.Tests.ProbeResolutionTests.descriptor with no declared build or run resolves to the dotnet defaults" storage="/tmp/fsgg-sdd-944-v39tis/tests/fs.gg.sdd.acceptance.tests/bin/debug/net10.0/fs.gg.sdd.acceptance.tests.dll" id="afe7f316-de50-9fab-41ec-f2cb13ef69d6">
      <Execution id="57ce125b-9072-4361-80e7-c70d9c28e722" />
      <TestMethod codeBase="/tmp/fsgg-sdd-944-v39tIs/tests/FS.GG.SDD.Acceptance.Tests/bin/Debug/net10.0/FS.GG.SDD.Acceptance.Tests.dll" adapterTypeName="executor://xunit/VsTestRunner3/netcore/" className="FS.GG.SDD.Acceptance.Tests.ProbeResolutionTests" name="descriptor with no declared build or run resolves to the dotnet defaults" />
    </UnitTest>
    <UnitTest name="FS.GG.SDD.Acceptance.Tests.ScheduledAcceptanceWorkflowTests.offline provider facts retain an explicit capability skip" storage="/tmp/fsgg-sdd-944-v39tis/tests/fs.gg.sdd.acceptance.tests/bin/debug/net10.0/fs.gg.sdd.acceptance.tests.dll" id="d5e6fdd1-4573-08b8-e199-c030479e6812">
      <Execution id="dd62da67-7e98-472e-9751-ab1b76bf44d4" />
      <TestMethod codeBase="/tmp/fsgg-sdd-944-v39tIs/tests/FS.GG.SDD.Acceptance.Tests/bin/Debug/net10.0/FS.GG.SDD.Acceptance.Tests.dll" adapterTypeName="executor://xunit/VsTestRunner3/netcore/" className="FS.GG.SDD.Acceptance.Tests.ScheduledAcceptanceWorkflowTests" name="offline provider facts retain an explicit capability skip" />
    </UnitTest>
    <UnitTest name="FS.GG.SDD.Acceptance.Tests.ProbeResolutionTests.buildProbe honors the descriptor's declared command and starts no dotnet" storage="/tmp/fsgg-sdd-944-v39tis/tests/fs.gg.sdd.acceptance.tests/bin/debug/net10.0/fs.gg.sdd.acceptance.tests.dll" id="a45be463-8313-f309-e1a8-abd8100e1dec">
      <Execution id="7f10c355-d99a-4f45-88a1-d4758e82ac5b" />
      <TestMethod codeBase="/tmp/fsgg-sdd-944-v39tIs/tests/FS.GG.SDD.Acceptance.Tests/bin/Debug/net10.0/FS.GG.SDD.Acceptance.Tests.dll" adapterTypeName="executor://xunit/VsTestRunner3/netcore/" className="FS.GG.SDD.Acceptance.Tests.ProbeResolutionTests" name="buildProbe honors the descriptor's declared command and starts no dotnet" />
    </UnitTest>
  </TestDefinitions>
  <TestEntries>
    <TestEntry testId="ae3ea52b-ab3b-e014-c459-14ef02f2a942" executionId="611c900b-3626-4479-9478-3e19f4dd8c03" testListId="8c84fa94-04c1-424b-9868-57a2d4851a1d" />
    <TestEntry testId="c8f652f2-5b48-3b61-7c73-771b3df5c5e9" executionId="5b7da987-47ec-4551-9e83-c157a0f590ea" testListId="8c84fa94-04c1-424b-9868-57a2d4851a1d" />
    <TestEntry testId="b81a06fb-76a1-9559-e370-b43c6d90d2a9" executionId="d1c288cb-f214-481a-a731-7201b6672e3d" testListId="8c84fa94-04c1-424b-9868-57a2d4851a1d" />
    <TestEntry testId="e6b850d7-61ba-eec3-3dfb-3b81545cda03" executionId="2c2d07dc-0fb1-4f4b-973d-799247bfd177" testListId="8c84fa94-04c1-424b-9868-57a2d4851a1d" />
    <TestEntry testId="e5d86937-5c11-622d-2b1f-c0074e41844a" executionId="f2ff2730-755a-45c1-a71d-779b61ca66b1" testListId="8c84fa94-04c1-424b-9868-57a2d4851a1d" />
    <TestEntry testId="27dcddae-0cb8-acd3-27fe-de294945351c" executionId="917065d4-9573-4fe8-904c-aec0cae328b0" testListId="8c84fa94-04c1-424b-9868-57a2d4851a1d" />
    <TestEntry testId="855c01d1-cde7-ad8b-126a-052a5dea7412" executionId="15d7c2b6-768b-41e1-969e-e0d29733b0b3" testListId="8c84fa94-04c1-424b-9868-57a2d4851a1d" />
    <TestEntry testId="93f44e30-3252-dbfb-baff-39798062b47b" executionId="20f28014-8edd-4055-b881-5f8c7752e76a" testListId="8c84fa94-04c1-424b-9868-57a2d4851a1d" />
    <TestEntry testId="0e26ab4d-0e37-a0ca-ae03-7f1dc23b7444" executionId="7b19d14c-7623-4597-a00f-18befae5cdb8" testListId="8c84fa94-04c1-424b-9868-57a2d4851a1d" />
    <TestEntry testId="9673926a-2b94-e57a-4999-0c92e59407b5" executionId="9625a329-e8d1-4058-be80-05eb02d1001a" testListId="8c84fa94-04c1-424b-9868-57a2d4851a1d" />
    <TestEntry testId="be16c792-d85e-d4e5-424a-eb9e5c422ffc" executionId="8a4f472d-a75d-41c7-9b98-ad713eade6f2" testListId="8c84fa94-04c1-424b-9868-57a2d4851a1d" />
    <TestEntry testId="006c2aa8-f892-b1d2-072a-a9d577d66eef" executionId="c195a257-f344-4c09-96fb-058236395cc5" testListId="8c84fa94-04c1-424b-9868-57a2d4851a1d" />
    <TestEntry testId="a3671615-ce7b-fbcc-6f0d-a521907048ff" executionId="95759d03-bd60-4ebd-a5f6-ec88ff3e1a44" testListId="8c84fa94-04c1-424b-9868-57a2d4851a1d" />
    <TestEntry testId="7fea8b39-a13a-c04e-d76e-328ac2bde15c" executionId="b66feca4-663e-49e4-af22-81664ab4af45" testListId="8c84fa94-04c1-424b-9868-57a2d4851a1d" />
    <TestEntry testId="0bf7357e-ca34-2cb5-e735-a799a03d392a" executionId="3d7baa34-3cad-40cc-b9e4-c89c9750d65c" testListId="8c84fa94-04c1-424b-9868-57a2d4851a1d" />
    <TestEntry testId="cc6ddf7a-7804-c963-cddc-fb68a1fc61e2" executionId="4cb5a29d-d21a-417a-9c1f-95bb04714f0f" testListId="8c84fa94-04c1-424b-9868-57a2d4851a1d" />
    <TestEntry testId="78af8ec1-beef-bfab-dab4-d2292e6aeabe" executionId="67d3f0b6-d8e7-4594-b176-3ee9ac6f6633" testListId="8c84fa94-04c1-424b-9868-57a2d4851a1d" />
    <TestEntry testId="21972767-3be3-3523-c9e6-f654ba8a1beb" executionId="178ec4b3-f848-4651-850f-ced3599e6546" testListId="8c84fa94-04c1-424b-9868-57a2d4851a1d" />
    <TestEntry testId="340d97b9-4e45-e2a5-afab-ca7d18d9cc5d" executionId="f0f25a14-5419-4a58-9bd4-fc4115b1bb90" testListId="8c84fa94-04c1-424b-9868-57a2d4851a1d" />
    <TestEntry testId="3f049ec7-c70a-d3c7-618e-77aadf7c04fd" executionId="4f124543-b007-4925-bc0a-26666e7e15e2" testListId="8c84fa94-04c1-424b-9868-57a2d4851a1d" />
    <TestEntry testId="ad2f4672-a91e-43cc-0123-25541dccce5b" executionId="5c217d09-8b26-421b-92f2-a864ce716e6c" testListId="8c84fa94-04c1-424b-9868-57a2d4851a1d" />
    <TestEntry testId="ac98a8b5-0a26-6f72-ad12-f395f90c6377" executionId="41b2cb01-e164-4b48-8296-caee865f3cb1" testListId="8c84fa94-04c1-424b-9868-57a2d4851a1d" />
    <TestEntry testId="4ff64246-bb73-c864-04aa-74e724e50022" executionId="c37e3ec6-4d39-43c9-ac31-528d621c03a2" testListId="8c84fa94-04c1-424b-9868-57a2d4851a1d" />
    <TestEntry testId="89d970e3-5025-9b70-7d31-ccaa8c7687c7" executionId="b030ad98-6477-4767-a88e-7c20da73af95" testListId="8c84fa94-04c1-424b-9868-57a2d4851a1d" />
    <TestEntry testId="debb8f1e-13bb-f63f-a08b-093e0e685ee6" executionId="14d3fbcc-9c4d-4fbf-91aa-49d4794c59ad" testListId="8c84fa94-04c1-424b-9868-57a2d4851a1d" />
    <TestEntry testId="8204f6a4-1cb3-a597-6b25-60e7d5afb36b" executionId="f6eccaa5-4e70-4e33-9cba-500a685d9d8f" testListId="8c84fa94-04c1-424b-9868-57a2d4851a1d" />
    <TestEntry testId="a45be463-8313-f309-e1a8-abd8100e1dec" executionId="7f10c355-d99a-4f45-88a1-d4758e82ac5b" testListId="8c84fa94-04c1-424b-9868-57a2d4851a1d" />
    <TestEntry testId="ac367409-e3dc-e87e-85a3-4112df45a27b" executionId="7f204552-f2fc-4c36-ba64-37b3a56f23eb" testListId="8c84fa94-04c1-424b-9868-57a2d4851a1d" />
    <TestEntry testId="04136a42-e567-a294-7a17-cbf5fd8811d3" executionId="7e914f4c-da9a-49e9-8802-ffaddad383ea" testListId="8c84fa94-04c1-424b-9868-57a2d4851a1d" />
    <TestEntry testId="aec8d945-1da8-42f5-a77a-83daa656267f" executionId="3de6999e-c226-4297-87fd-939676c2f2d6" testListId="8c84fa94-04c1-424b-9868-57a2d4851a1d" />
    <TestEntry testId="bdb2e49f-a09b-ddb9-fdfa-76803914ea66" executionId="4e706e15-5dbc-4ef8-b60a-101d3ee1e041" testListId="8c84fa94-04c1-424b-9868-57a2d4851a1d" />
    <TestEntry testId="3bd12610-6f5b-6d52-1006-7f991e63a5cb" executionId="cd2b3ffd-1fda-4964-9b65-c29bef87b29f" testListId="8c84fa94-04c1-424b-9868-57a2d4851a1d" />
    <TestEntry testId="e07ce153-e7f5-5dcb-59c7-ccc288c3d231" executionId="6bae1f44-823d-45ac-b70f-0b1539d855d0" testListId="8c84fa94-04c1-424b-9868-57a2d4851a1d" />
    <TestEntry testId="2cbdaaf3-be3a-20cb-b6f3-da55748eaaca" executionId="e19a92a5-77d8-49ca-81d2-47f6718cb386" testListId="8c84fa94-04c1-424b-9868-57a2d4851a1d" />
    <TestEntry testId="e092d10d-77eb-6355-9500-66be19bae403" executionId="5464e137-1921-4b23-b8a9-6ec6349d81b0" testListId="8c84fa94-04c1-424b-9868-57a2d4851a1d" />
    <TestEntry testId="d2a7e1f3-6542-cc07-8201-f60f29efe833" executionId="99516374-f77d-4aea-b868-61c5d9b304f6" testListId="8c84fa94-04c1-424b-9868-57a2d4851a1d" />
    <TestEntry testId="72d9c30f-4dd4-6681-e743-2a98042efe74" executionId="710c74f8-beef-4233-89a7-64772f04f271" testListId="8c84fa94-04c1-424b-9868-57a2d4851a1d" />
    <TestEntry testId="ba900ab2-bbd5-5c49-710e-bbd3c770dc1e" executionId="03127827-093b-45f4-9d2e-2ba8676e9fd7" testListId="8c84fa94-04c1-424b-9868-57a2d4851a1d" />
    <TestEntry testId="a2b3bd15-b9ad-5b68-a145-e9d475c37992" executionId="7a675e61-6a87-4460-91d3-b3a1c10479dc" testListId="8c84fa94-04c1-424b-9868-57a2d4851a1d" />
    <TestEntry testId="48567f3d-fd39-1642-8d18-76a73d26d804" executionId="cccb3c40-2f4a-4077-9311-f09cabfa05d9" testListId="8c84fa94-04c1-424b-9868-57a2d4851a1d" />
    <TestEntry testId="44906f0b-1424-2632-ebf6-3504a3b26bae" executionId="ad5e882a-a54c-4eec-965b-03470aaecd64" testListId="8c84fa94-04c1-424b-9868-57a2d4851a1d" />
    <TestEntry testId="d5e6fdd1-4573-08b8-e199-c030479e6812" executionId="dd62da67-7e98-472e-9751-ab1b76bf44d4" testListId="8c84fa94-04c1-424b-9868-57a2d4851a1d" />
    <TestEntry testId="afe7f316-de50-9fab-41ec-f2cb13ef69d6" executionId="57ce125b-9072-4361-80e7-c70d9c28e722" testListId="8c84fa94-04c1-424b-9868-57a2d4851a1d" />
    <TestEntry testId="622329fe-6802-a47f-a835-9cc30ab115bc" executionId="9951c1ad-5257-4355-931f-43502854a058" testListId="8c84fa94-04c1-424b-9868-57a2d4851a1d" />
    <TestEntry testId="10129ba8-ea28-c463-c457-91ed71a91b24" executionId="d5c8bd5a-e1e5-4618-b060-0cbfc35a945d" testListId="8c84fa94-04c1-424b-9868-57a2d4851a1d" />
    <TestEntry testId="039ba848-fd47-3417-a085-845c8b41e808" executionId="393983c1-f55e-4e97-9f62-d0843c1d48a3" testListId="8c84fa94-04c1-424b-9868-57a2d4851a1d" />
    <TestEntry testId="92a5a20c-c9a7-e604-fdbc-53ac85b4973f" executionId="5b3bf0b2-c4db-4e01-9ace-fa316f240b8e" testListId="8c84fa94-04c1-424b-9868-57a2d4851a1d" />
    <TestEntry testId="ed935c2b-816e-35f0-b2c3-0d10cece218b" executionId="ca9c58fd-61da-4771-8dd8-00a001e98e19" testListId="8c84fa94-04c1-424b-9868-57a2d4851a1d" />
    <TestEntry testId="d814d512-5082-e6ff-1687-56f26b4a951e" executionId="3151702c-b83a-4e20-b3f8-7cead389da9e" testListId="8c84fa94-04c1-424b-9868-57a2d4851a1d" />
    <TestEntry testId="ca4c135d-17c6-ae7b-8375-4d1049251db5" executionId="1bec275e-d131-4f18-8127-f2f8fda3a293" testListId="8c84fa94-04c1-424b-9868-57a2d4851a1d" />
    <TestEntry testId="2f16cfaf-42c5-61a6-aac0-a20a3a6256fa" executionId="fa4454bc-199a-4bda-890c-405aa584b82a" testListId="8c84fa94-04c1-424b-9868-57a2d4851a1d" />
  </TestEntries>
  <TestLists>
    <TestList name="Results Not in a List" id="8c84fa94-04c1-424b-9868-57a2d4851a1d" />
    <TestList name="All Loaded Results" id="19431567-8539-422a-85d7-44ee4e166bda" />
  </TestLists>
  <ResultSummary outcome="Completed">
    <Counters total="51" executed="46" passed="46" failed="0" error="0" timeout="0" aborted="0" inconclusive="0" passedButRunAborted="0" notRunnable="0" notExecuted="0" disconnected="0" warning="0" completed="0" inProgress="0" pending="0" />
    <Output>
      <StdOut>[xUnit.net 00:00:00.00] xUnit.net VSTest Adapter v3.1.5+1b188a7b0a (64-bit .NET 10.0.11)
[xUnit.net 00:00:00.05]   Discovering: FS.GG.SDD.Acceptance.Tests
[xUnit.net 00:00:00.08]   Discovered:  FS.GG.SDD.Acceptance.Tests
[xUnit.net 00:00:00.10]   Starting:    FS.GG.SDD.Acceptance.Tests
[xUnit.net 00:00:00.13]       FSGG_SDD_ACCEPTANCE_REGISTRY is unset; the composition acceptance is opt-in and network-gated.
[xUnit.net 00:00:00.13]       FSGG_SDD_ACCEPTANCE_REGISTRY is unset; the composition acceptance is opt-in and network-gated.
[xUnit.net 00:00:00.13]       FSGG_SDD_ACCEPTANCE_REGISTRY is unset; the composition acceptance is opt-in and network-gated.
Test 'FS.GG.SDD.Acceptance.Tests.CompositionAcceptanceTests.override-free composition records the provider's sdd lifecycle default' was skipped in the test run.
Test 'FS.GG.SDD.Acceptance.Tests.CompositionAcceptanceTests.two runs with the same inputs yield byte-identical bodies' was skipped in the test run.
Test 'FS.GG.SDD.Acceptance.Tests.CompositionAcceptanceTests.real rendering composition is coherent end to end' was skipped in the test run.
[xUnit.net 00:00:03.75]       FSGG_SDD_ACCEPTANCE_REGISTRY is unset; the composition acceptance is opt-in and network-gated.
[xUnit.net 00:00:03.75]       FSGG_SDD_ACCEPTANCE_REGISTRY is unset; the composition acceptance is opt-in and network-gated.
Test 'FS.GG.SDD.Acceptance.Tests.CompositionAcceptanceTests.hyphenated scaffold name builds and tests green' was skipped in the test run.
Test 'FS.GG.SDD.Acceptance.Tests.CompositionAcceptanceTests.unavailable provider resolves to skip-unavailable' was skipped in the test run.
  VITE v7.1.0  ready in 84 ms
  ➜  Local:   http://127.0.0.1:51817/
[xUnit.net 00:00:33.06]   Finished:    FS.GG.SDD.Acceptance.Tests
</StdOut>
    </Output>
    <RunInfos>
      <RunInfo computerName="780ae460ce3c" outcome="Warning" timestamp="2026-08-30T11:46:37.6455669+02:00">
        <Text>[xUnit.net 00:00:00.13]     FS.GG.SDD.Acceptance.Tests.CompositionAcceptanceTests.override-free composition records the provider's sdd lifecycle default [SKIP]</Text>
      </RunInfo>
      <RunInfo computerName="780ae460ce3c" outcome="Warning" timestamp="2026-08-30T11:46:37.6461457+02:00">
        <Text>[xUnit.net 00:00:00.13]     FS.GG.SDD.Acceptance.Tests.CompositionAcceptanceTests.two runs with the same inputs yield byte-identical bodies [SKIP]</Text>
      </RunInfo>
      <RunInfo computerName="780ae460ce3c" outcome="Warning" timestamp="2026-08-30T11:46:37.6462479+02:00">
        <Text>[xUnit.net 00:00:00.13]     FS.GG.SDD.Acceptance.Tests.CompositionAcceptanceTests.real rendering composition is coherent end to end [SKIP]</Text>
      </RunInfo>
      <RunInfo computerName="780ae460ce3c" outcome="Warning" timestamp="2026-08-30T11:46:41.2620868+02:00">
        <Text>[xUnit.net 00:00:03.75]     FS.GG.SDD.Acceptance.Tests.CompositionAcceptanceTests.hyphenated scaffold name builds and tests green [SKIP]</Text>
      </RunInfo>
      <RunInfo computerName="780ae460ce3c" outcome="Warning" timestamp="2026-08-30T11:46:41.2623325+02:00">
        <Text>[xUnit.net 00:00:03.75]     FS.GG.SDD.Acceptance.Tests.CompositionAcceptanceTests.unavailable provider resolves to skip-unavailable [SKIP]</Text>
      </RunInfo>
    </RunInfos>
  </ResultSummary>
</TestRun>