<?xml version="1.0" encoding="utf-8"?>
<TestRun id="5b03db09-bd4a-4196-b093-d85569efc23a" name="@780ae460ce3c 2026-08-30 11:29:46" xmlns="http://microsoft.com/schemas/VisualStudio/TeamTest/2010">
  <Times creation="2026-08-30T11:29:46.9398873+02:00" queuing="2026-08-30T11:29:46.9398873+02:00" start="2026-08-30T11:29:32.8054404+02:00" finish="2026-08-30T11:30:02.4026785+02:00" />
  <TestSettings name="default" id="b4b589a5-5067-46f2-bfe5-07de4105af5f">
    <Deployment runDeploymentRoot="_780ae460ce3c_2026-08-30_11_29_46" />
  </TestSettings>
  <Results>
    <UnitTestResult executionId="c59688b2-88a2-4434-8458-588166cd523a" testId="93f44e30-3252-dbfb-baff-39798062b47b" testName="FS.GG.SDD.Acceptance.Tests.CompositionAcceptanceTests.providerFailed splits into skip and fail by diagnostic" computerName="780ae460ce3c" duration="00:00:00.0002853" startTime="2026-08-30T11:29:57.7422698+02:00" endTime="2026-08-30T11:29:57.7422778+02:00" testType="13cdc9d9-ddb5-4fa4-a97d-d965ccfc6d4b" outcome="Passed" testListId="8c84fa94-04c1-424b-9868-57a2d4851a1d" relativeResultsDirectory="c59688b2-88a2-4434-8458-588166cd523a" />
    <UnitTestResult executionId="8810f997-002a-4109-99c7-a1585947d8d2" testId="ba900ab2-bbd5-5c49-710e-bbd3c770dc1e" testName="FS.GG.SDD.Acceptance.Tests.CompositionAcceptanceTests.acceptance project carries no Governance reference" computerName="780ae460ce3c" duration="00:00:00.0003166" startTime="2026-08-30T11:29:57.7458778+02:00" endTime="2026-08-30T11:29:57.7460309+02:00" testType="13cdc9d9-ddb5-4fa4-a97d-d965ccfc6d4b" outcome="Passed" testListId="8c84fa94-04c1-424b-9868-57a2d4851a1d" relativeResultsDirectory="8810f997-002a-4109-99c7-a1585947d8d2" />
    <UnitTestResult executionId="8cc61e2c-c4e7-4984-9860-15902b0770cf" testId="d814d512-5082-e6ff-1687-56f26b4a951e" testName="FS.GG.SDD.Acceptance.Tests.CompositionAcceptanceTests.the override-free composition request carries no parameter" computerName="780ae460ce3c" duration="00:00:00.0002360" startTime="2026-08-30T11:29:57.7421952+02:00" endTime="2026-08-30T11:29:57.7422056+02:00" testType="13cdc9d9-ddb5-4fa4-a97d-d965ccfc6d4b" outcome="Passed" testListId="8c84fa94-04c1-424b-9868-57a2d4851a1d" relativeResultsDirectory="8cc61e2c-c4e7-4984-9860-15902b0770cf" />
    <UnitTestResult executionId="6d2ae1f2-28be-42f1-999b-ff6c48a8995d" testId="e6b850d7-61ba-eec3-3dfb-3b81545cda03" testName="FS.GG.SDD.Acceptance.Tests.ProbeResolutionTests.resolveBuildCommand declared invokes the declared command never dotnet" computerName="780ae460ce3c" duration="00:00:00.0009655" startTime="2026-08-30T11:29:46.9652160+02:00" endTime="2026-08-30T11:29:46.9660857+02:00" testType="13cdc9d9-ddb5-4fa4-a97d-d965ccfc6d4b" outcome="Passed" testListId="8c84fa94-04c1-424b-9868-57a2d4851a1d" relativeResultsDirectory="6d2ae1f2-28be-42f1-999b-ff6c48a8995d" />
    <UnitTestResult executionId="25827b9a-70d9-4870-bbf5-faa7d9e5adf6" testId="8204f6a4-1cb3-a597-6b25-60e7d5afb36b" testName="FS.GG.SDD.Acceptance.Tests.ProbeResolutionTests.empty product discovers no project and run default is None" computerName="780ae460ce3c" duration="00:00:00.0012131" startTime="2026-08-30T11:29:46.9578161+02:00" endTime="2026-08-30T11:29:46.9590614+02:00" testType="13cdc9d9-ddb5-4fa4-a97d-d965ccfc6d4b" outcome="Passed" testListId="8c84fa94-04c1-424b-9868-57a2d4851a1d" relativeResultsDirectory="25827b9a-70d9-4870-bbf5-faa7d9e5adf6" />
    <UnitTestResult executionId="e042a4d6-a789-4947-b737-d674894f3437" testId="340d97b9-4e45-e2a5-afab-ca7d18d9cc5d" testName="FS.GG.SDD.Acceptance.Tests.RegistryResolverTests.default mode appends the registry path to GITHUB_ENV and the drift sha to the step summary" computerName="780ae460ce3c" duration="00:00:00.0067388" startTime="2026-08-30T11:29:46.9489663+02:00" endTime="2026-08-30T11:29:46.9556648+02:00" testType="13cdc9d9-ddb5-4fa4-a97d-d965ccfc6d4b" outcome="Passed" testListId="8c84fa94-04c1-424b-9868-57a2d4851a1d" relativeResultsDirectory="e042a4d6-a789-4947-b737-d674894f3437" />
    <UnitTestResult executionId="5ac44b02-8038-492e-a528-d86714bf631c" testId="855c01d1-cde7-ad8b-126a-052a5dea7412" testName="FS.GG.SDD.Acceptance.Tests.WorkBoardScaffoldAcceptanceTests.a fresh product scaffold carries the exact package-delivered padd-item body in both runtime roots" computerName="780ae460ce3c" duration="00:00:01.4088703" startTime="2026-08-30T11:30:00.9317901+02:00" endTime="2026-08-30T11:30:02.3406108+02:00" testType="13cdc9d9-ddb5-4fa4-a97d-d965ccfc6d4b" outcome="Passed" testListId="8c84fa94-04c1-424b-9868-57a2d4851a1d" relativeResultsDirectory="5ac44b02-8038-492e-a528-d86714bf631c" />
    <UnitTestResult executionId="94fdbeff-8adc-4e06-9679-3ee64dc2e959" testId="3f049ec7-c70a-d3c7-618e-77aadf7c04fd" testName="FS.GG.SDD.Acceptance.Tests.CompositionAcceptanceTests.omitted registry maps to a config-error fail" computerName="780ae460ce3c" duration="00:00:00.0037161" startTime="2026-08-30T11:29:57.7425566+02:00" endTime="2026-08-30T11:29:57.7451717+02:00" testType="13cdc9d9-ddb5-4fa4-a97d-d965ccfc6d4b" outcome="Passed" testListId="8c84fa94-04c1-424b-9868-57a2d4851a1d" relativeResultsDirectory="94fdbeff-8adc-4e06-9679-3ee64dc2e959" />
    <UnitTestResult executionId="9f629123-1f8d-4068-a8c3-f0a4c3df9c78" testId="72d9c30f-4dd4-6681-e743-2a98042efe74" testName="FS.GG.SDD.Acceptance.Tests.ProbeResolutionTests.runProbe honors the descriptor's declared command and starts no dotnet" computerName="780ae460ce3c" duration="00:00:00.0008149" startTime="2026-08-30T11:29:46.9643371+02:00" endTime="2026-08-30T11:29:46.9651030+02:00" testType="13cdc9d9-ddb5-4fa4-a97d-d965ccfc6d4b" outcome="Passed" testListId="8c84fa94-04c1-424b-9868-57a2d4851a1d" relativeResultsDirectory="9f629123-1f8d-4068-a8c3-f0a4c3df9c78" />
    <UnitTestResult executionId="1fa8589f-57cc-4bfc-8819-6d2c647aafa8" testId="3bd12610-6f5b-6d52-1006-7f991e63a5cb" testName="FS.GG.SDD.Acceptance.Tests.ProbeResolutionTests.default ProbeCommand tokens are the generic dotnet set only" computerName="780ae460ce3c" duration="00:00:00.0013751" startTime="2026-08-30T11:29:46.9629891+02:00" endTime="2026-08-30T11:29:46.9642476+02:00" testType="13cdc9d9-ddb5-4fa4-a97d-d965ccfc6d4b" outcome="Passed" testListId="8c84fa94-04c1-424b-9868-57a2d4851a1d" relativeResultsDirectory="1fa8589f-57cc-4bfc-8819-6d2c647aafa8" />
    <UnitTestResult executionId="25d5a44f-aa23-4331-aad6-f852e7ec24b8" testId="b81a06fb-76a1-9559-e370-b43c6d90d2a9" testName="FS.GG.SDD.Acceptance.Tests.CompositionAcceptanceTests.env-unset registry skips with no document" computerName="780ae460ce3c" duration="00:00:00.0002235" startTime="2026-08-30T11:29:57.7423568+02:00" endTime="2026-08-30T11:29:57.7423614+02:00" testType="13cdc9d9-ddb5-4fa4-a97d-d965ccfc6d4b" outcome="Passed" testListId="8c84fa94-04c1-424b-9868-57a2d4851a1d" relativeResultsDirectory="25d5a44f-aa23-4331-aad6-f852e7ec24b8" />
    <UnitTestResult executionId="4b45991b-667c-46e0-8041-20429529c270" testId="4ff64246-bb73-c864-04aa-74e724e50022" testName="FS.GG.SDD.Acceptance.Tests.CompositionAcceptanceTests.descriptor resolve-and-bind selects the declared build and run commands" computerName="780ae460ce3c" duration="00:00:00.0011482" startTime="2026-08-30T11:29:57.7423165+02:00" endTime="2026-08-30T11:29:57.7423217+02:00" testType="13cdc9d9-ddb5-4fa4-a97d-d965ccfc6d4b" outcome="Passed" testListId="8c84fa94-04c1-424b-9868-57a2d4851a1d" relativeResultsDirectory="4b45991b-667c-46e0-8041-20429529c270" />
    <UnitTestResult executionId="6b0fa9d1-7745-4fb6-b8ac-ce4d59485db5" testId="27dcddae-0cb8-acd3-27fe-de294945351c" testName="FS.GG.SDD.Acceptance.Tests.ProbeResolutionTests.buildProbe declared executes the Synthetic command and reflects its exit" computerName="780ae460ce3c" duration="00:00:00.0008645" startTime="2026-08-30T11:29:57.7336573+02:00" endTime="2026-08-30T11:29:57.7344653+02:00" testType="13cdc9d9-ddb5-4fa4-a97d-d965ccfc6d4b" outcome="Passed" testListId="8c84fa94-04c1-424b-9868-57a2d4851a1d" relativeResultsDirectory="6b0fa9d1-7745-4fb6-b8ac-ce4d59485db5" />
    <UnitTestResult executionId="b180235e-5c99-4af8-9335-e460638b19ce" testId="44906f0b-1424-2632-ebf6-3504a3b26bae" testName="FS.GG.SDD.Acceptance.Tests.PolyglotLifecycleAcceptanceTests.one lifecycle imports real TRX and JUnit reports without a language taxonomy" computerName="780ae460ce3c" duration="00:00:13.8085731" startTime="2026-08-30T11:29:33.1096854+02:00" endTime="2026-08-30T11:29:46.9212116+02:00" testType="13cdc9d9-ddb5-4fa4-a97d-d965ccfc6d4b" outcome="Passed" testListId="8c84fa94-04c1-424b-9868-57a2d4851a1d" relativeResultsDirectory="b180235e-5c99-4af8-9335-e460638b19ce" />
    <UnitTestResult executionId="810224a6-04d8-4e3d-a9f0-9011f5afed7f" testId="c8f652f2-5b48-3b61-7c73-771b3df5c5e9" testName="FS.GG.SDD.Acceptance.Tests.CompositionAcceptanceTests.verdict resolution keys on the outcome+diagnostic pair" computerName="780ae460ce3c" duration="00:00:00.0002950" startTime="2026-08-30T11:29:57.7452374+02:00" endTime="2026-08-30T11:29:57.7454916+02:00" testType="13cdc9d9-ddb5-4fa4-a97d-d965ccfc6d4b" outcome="Passed" testListId="8c84fa94-04c1-424b-9868-57a2d4851a1d" relativeResultsDirectory="810224a6-04d8-4e3d-a9f0-9011f5afed7f" />
    <UnitTestResult executionId="92c1932b-562c-48ba-bc73-b8583c3e14d8" testId="0e26ab4d-0e37-a0ca-ae03-7f1dc23b7444" testName="FS.GG.SDD.Acceptance.Tests.WorkBoardScaffoldAcceptanceTests.the shipped work-board skill documents its host loop and immediate status reporting" computerName="780ae460ce3c" duration="00:00:00.0003066" startTime="2026-08-30T11:29:57.7470834+02:00" endTime="2026-08-30T11:29:57.7473947+02:00" testType="13cdc9d9-ddb5-4fa4-a97d-d965ccfc6d4b" outcome="Passed" testListId="8c84fa94-04c1-424b-9868-57a2d4851a1d" relativeResultsDirectory="92c1932b-562c-48ba-bc73-b8583c3e14d8" />
    <UnitTestResult executionId="616041e2-19b3-4c13-9b1e-bc142c6d3fbb" testId="78af8ec1-beef-bfab-dab4-d2292e6aeabe" testName="FS.GG.SDD.Acceptance.Tests.ProbeResolutionTests.Synthetic non-zero exit yields a started non-zero ProbeResult" computerName="780ae460ce3c" duration="00:00:00.0005809" startTime="2026-08-30T11:29:46.9605099+02:00" endTime="2026-08-30T11:29:46.9607370+02:00" testType="13cdc9d9-ddb5-4fa4-a97d-d965ccfc6d4b" outcome="Passed" testListId="8c84fa94-04c1-424b-9868-57a2d4851a1d" relativeResultsDirectory="616041e2-19b3-4c13-9b1e-bc142c6d3fbb" />
    <UnitTestResult executionId="5a77daa9-fb20-43a6-8a6e-bbd957454ecf" testId="e07ce153-e7f5-5dcb-59c7-ccc288c3d231" testName="FS.GG.SDD.Acceptance.Tests.ProbeResolutionTests.resolveBuildCommand None is dotnet build at root" computerName="780ae460ce3c" duration="00:00:00.0001252" startTime="2026-08-30T11:29:57.7345825+02:00" endTime="2026-08-30T11:29:57.7345907+02:00" testType="13cdc9d9-ddb5-4fa4-a97d-d965ccfc6d4b" outcome="Passed" testListId="8c84fa94-04c1-424b-9868-57a2d4851a1d" relativeResultsDirectory="5a77daa9-fb20-43a6-8a6e-bbd957454ecf" />
    <UnitTestResult executionId="6bab4c6e-dc28-4370-b992-f41a8c467069" testId="48567f3d-fd39-1642-8d18-76a73d26d804" testName="FS.GG.SDD.Acceptance.Tests.ProbeResolutionTests.blank declared executable resolves to the default(blank: &quot;   &quot;)" computerName="780ae460ce3c" duration="00:00:00.0002876" startTime="2026-08-30T11:29:46.9664540+02:00" endTime="2026-08-30T11:29:46.9667274+02:00" testType="13cdc9d9-ddb5-4fa4-a97d-d965ccfc6d4b" outcome="Passed" testListId="8c84fa94-04c1-424b-9868-57a2d4851a1d" relativeResultsDirectory="6bab4c6e-dc28-4370-b992-f41a8c467069" />
    <UnitTestResult executionId="236078c3-4e8c-4c94-9a81-ecab2d622010" testId="622329fe-6802-a47f-a835-9cc30ab115bc" testName="FS.GG.SDD.Acceptance.Tests.RegistryResolverTests.dispatch whose recomputed sha differs from the advertised fails closed" computerName="780ae460ce3c" duration="00:00:00.0084290" startTime="2026-08-30T11:29:46.9379836+02:00" endTime="2026-08-30T11:29:46.9463872+02:00" testType="13cdc9d9-ddb5-4fa4-a97d-d965ccfc6d4b" outcome="Passed" testListId="8c84fa94-04c1-424b-9868-57a2d4851a1d" relativeResultsDirectory="236078c3-4e8c-4c94-9a81-ecab2d622010" />
    <UnitTestResult executionId="297c7d1f-1875-4e87-b004-6805c126284e" testId="aec8d945-1da8-42f5-a77a-83daa656267f" testName="FS.GG.SDD.Acceptance.Tests.RegistryResolverTests.dispatch source materializes content verbatim and the file sha matches the advertised" computerName="780ae460ce3c" duration="00:00:00.0068903" startTime="2026-08-30T11:29:46.9297741+02:00" endTime="2026-08-30T11:29:46.9341290+02:00" testType="13cdc9d9-ddb5-4fa4-a97d-d965ccfc6d4b" outcome="Passed" testListId="8c84fa94-04c1-424b-9868-57a2d4851a1d" relativeResultsDirectory="297c7d1f-1875-4e87-b004-6805c126284e" />
    <UnitTestResult executionId="9aa94fd9-d461-4526-854d-f9f85a1daae1" testId="ae3ea52b-ab3b-e014-c459-14ef02f2a942" testName="FS.GG.SDD.Acceptance.Tests.RegistryResolverTests.manual input path overrides dispatch and secret (precedence 1)" computerName="780ae460ce3c" duration="00:00:00.0045606" startTime="2026-08-30T11:29:46.9293556+02:00" endTime="2026-08-30T11:29:46.9293971+02:00" testType="13cdc9d9-ddb5-4fa4-a97d-d965ccfc6d4b" outcome="Passed" testListId="8c84fa94-04c1-424b-9868-57a2d4851a1d" relativeResultsDirectory="9aa94fd9-d461-4526-854d-f9f85a1daae1" />
    <UnitTestResult executionId="1fa71d94-453c-46c5-bced-2bd874f5423f" testId="04136a42-e567-a294-7a17-cbf5fd8811d3" testName="FS.GG.SDD.Acceptance.Tests.CompositionAcceptanceTests.the hyphenated smoke request forwards the descriptor-resolved name key" computerName="780ae460ce3c" duration="00:00:00.0029697" startTime="2026-08-30T11:29:57.7380670+02:00" endTime="2026-08-30T11:29:57.7393612+02:00" testType="13cdc9d9-ddb5-4fa4-a97d-d965ccfc6d4b" outcome="Passed" testListId="8c84fa94-04c1-424b-9868-57a2d4851a1d" relativeResultsDirectory="1fa71d94-453c-46c5-bced-2bd874f5423f" />
    <UnitTestResult executionId="b480b192-7573-439c-8ac6-368f7fba71d1" testId="89d970e3-5025-9b70-7d31-ccaa8c7687c7" testName="FS.GG.SDD.Acceptance.Tests.RegistryResolverTests.secret content is materialized when it is the only source (precedence 3)" computerName="780ae460ce3c" duration="00:00:00.0036941" startTime="2026-08-30T11:29:46.9342876+02:00" endTime="2026-08-30T11:29:46.9378658+02:00" testType="13cdc9d9-ddb5-4fa4-a97d-d965ccfc6d4b" outcome="Passed" testListId="8c84fa94-04c1-424b-9868-57a2d4851a1d" relativeResultsDirectory="b480b192-7573-439c-8ac6-368f7fba71d1" />
    <UnitTestResult executionId="ceb97b80-4ef5-4179-87a8-afbc52126bbb" testId="e092d10d-77eb-6355-9500-66be19bae403" testName="FS.GG.SDD.Acceptance.Tests.CompositionAcceptanceTests.override-free composition records the provider's sdd lifecycle default" computerName="780ae460ce3c" duration="00:00:00.0010000" startTime="2026-08-30T11:29:57.7363201+02:00" endTime="2026-08-30T11:29:57.7365416+02:00" testType="13cdc9d9-ddb5-4fa4-a97d-d965ccfc6d4b" outcome="NotExecuted" testListId="8c84fa94-04c1-424b-9868-57a2d4851a1d" relativeResultsDirectory="ceb97b80-4ef5-4179-87a8-afbc52126bbb">
      <Output>
        <ErrorInfo>
          <Message>FSGG_SDD_ACCEPTANCE_REGISTRY is unset; the composition acceptance is opt-in and network-gated.</Message>
        </ErrorInfo>
      </Output>
    </UnitTestResult>
    <UnitTestResult executionId="8cfba5a0-b331-41ec-9752-2df91da60323" testId="a2b3bd15-b9ad-5b68-a145-e9d475c37992" testName="FS.GG.SDD.Acceptance.Tests.WorkBoardScaffoldAcceptanceTests.a fresh product scaffold carries each routed work-board body byte-identically in both runtime roots(id: &quot;work-board-normal&quot;)" computerName="780ae460ce3c" duration="00:00:01.4579170" startTime="2026-08-30T11:29:57.7474351+02:00" endTime="2026-08-30T11:29:59.2054425+02:00" testType="13cdc9d9-ddb5-4fa4-a97d-d965ccfc6d4b" outcome="Passed" testListId="8c84fa94-04c1-424b-9868-57a2d4851a1d" relativeResultsDirectory="8cfba5a0-b331-41ec-9752-2df91da60323" />
    <UnitTestResult executionId="00aaaa01-ca5e-44d8-8c9c-be19748625cc" testId="bdb2e49f-a09b-ddb9-fdfa-76803914ea66" testName="FS.GG.SDD.Acceptance.Tests.ProbeResolutionTests.Synthetic missing executable yields a could-not-start ProbeResult" computerName="780ae460ce3c" duration="00:00:00.0007198" startTime="2026-08-30T11:29:52.7298075+02:00" endTime="2026-08-30T11:29:52.7302251+02:00" testType="13cdc9d9-ddb5-4fa4-a97d-d965ccfc6d4b" outcome="Passed" testListId="8c84fa94-04c1-424b-9868-57a2d4851a1d" relativeResultsDirectory="00aaaa01-ca5e-44d8-8c9c-be19748625cc" />
    <UnitTestResult executionId="0a66d5fc-80a7-480e-9ebe-4814a3b51472" testId="2cbdaaf3-be3a-20cb-b6f3-da55748eaaca" testName="FS.GG.SDD.Acceptance.Tests.RegistryResolverTests.no source at all fails closed (unchanged from today)" computerName="780ae460ce3c" duration="00:00:00.0018880" startTime="2026-08-30T11:29:46.9557844+02:00" endTime="2026-08-30T11:29:46.9575636+02:00" testType="13cdc9d9-ddb5-4fa4-a97d-d965ccfc6d4b" outcome="Passed" testListId="8c84fa94-04c1-424b-9868-57a2d4851a1d" relativeResultsDirectory="0a66d5fc-80a7-480e-9ebe-4814a3b51472" />
    <UnitTestResult executionId="e236787f-6bd8-4c3e-8e64-8c1108f8ce14" testId="be16c792-d85e-d4e5-424a-eb9e5c422ffc" testName="FS.GG.SDD.Acceptance.Tests.RegistryResolverTests.dispatch with empty content fails closed" computerName="780ae460ce3c" duration="00:00:00.0024549" startTime="2026-08-30T11:29:46.9465415+02:00" endTime="2026-08-30T11:29:46.9488720+02:00" testType="13cdc9d9-ddb5-4fa4-a97d-d965ccfc6d4b" outcome="Passed" testListId="8c84fa94-04c1-424b-9868-57a2d4851a1d" relativeResultsDirectory="e236787f-6bd8-4c3e-8e64-8c1108f8ce14" />
    <UnitTestResult executionId="92ea7321-9aea-4970-91c3-d9dc9625648f" testId="9673926a-2b94-e57a-4999-0c92e59407b5" testName="FS.GG.SDD.Acceptance.Tests.ProbeResolutionTests.resolveRunCommand declared is Some of the declared command at root" computerName="780ae460ce3c" duration="00:00:00.0002406" startTime="2026-08-30T11:29:57.7335647+02:00" endTime="2026-08-30T11:29:57.7335815+02:00" testType="13cdc9d9-ddb5-4fa4-a97d-d965ccfc6d4b" outcome="Passed" testListId="8c84fa94-04c1-424b-9868-57a2d4851a1d" relativeResultsDirectory="92ea7321-9aea-4970-91c3-d9dc9625648f" />
    <UnitTestResult executionId="796d0979-21c0-456b-bd03-2414ade8bed3" testId="92a5a20c-c9a7-e604-fdbc-53ac85b4973f" testName="FS.GG.SDD.Acceptance.Tests.ProbeResolutionTests.Synthetic hanging command is killed at its bound with a timeout diagnostic" computerName="780ae460ce3c" duration="00:00:00.7593560" startTime="2026-08-30T11:29:46.9670208+02:00" endTime="2026-08-30T11:29:47.7262452+02:00" testType="13cdc9d9-ddb5-4fa4-a97d-d965ccfc6d4b" outcome="Passed" testListId="8c84fa94-04c1-424b-9868-57a2d4851a1d" relativeResultsDirectory="796d0979-21c0-456b-bd03-2414ade8bed3" />
    <UnitTestResult executionId="e253135d-bc58-44d6-b270-7c375e2c96f1" testId="afe7f316-de50-9fab-41ec-f2cb13ef69d6" testName="FS.GG.SDD.Acceptance.Tests.ProbeResolutionTests.descriptor with no declared build or run resolves to the dotnet defaults" computerName="780ae460ce3c" duration="00:00:00.0005790" startTime="2026-08-30T11:29:46.9623678+02:00" endTime="2026-08-30T11:29:46.9628506+02:00" testType="13cdc9d9-ddb5-4fa4-a97d-d965ccfc6d4b" outcome="Passed" testListId="8c84fa94-04c1-424b-9868-57a2d4851a1d" relativeResultsDirectory="e253135d-bc58-44d6-b270-7c375e2c96f1" />
    <UnitTestResult executionId="7eae7b14-f379-4060-974c-409cfe2070aa" testId="d2a7e1f3-6542-cc07-8201-f60f29efe833" testName="FS.GG.SDD.Acceptance.Tests.ProbeResolutionTests.resolveRunCommand None is dotnet run --project discovered at root" computerName="780ae460ce3c" duration="00:00:00.0002994" startTime="2026-08-30T11:29:47.7264610+02:00" endTime="2026-08-30T11:29:47.7265973+02:00" testType="13cdc9d9-ddb5-4fa4-a97d-d965ccfc6d4b" outcome="Passed" testListId="8c84fa94-04c1-424b-9868-57a2d4851a1d" relativeResultsDirectory="7eae7b14-f379-4060-974c-409cfe2070aa" />
    <UnitTestResult executionId="a5e764f0-325d-4234-a649-531768d423ce" testId="2f16cfaf-42c5-61a6-aac0-a20a3a6256fa" testName="FS.GG.SDD.Acceptance.Tests.ScheduledAcceptanceWorkflowTests.default real-provider product root is a stable valid identifier shape" computerName="780ae460ce3c" duration="00:00:00.0002098" startTime="2026-08-30T11:29:57.7461380+02:00" endTime="2026-08-30T11:29:57.7463493+02:00" testType="13cdc9d9-ddb5-4fa4-a97d-d965ccfc6d4b" outcome="Passed" testListId="8c84fa94-04c1-424b-9868-57a2d4851a1d" relativeResultsDirectory="a5e764f0-325d-4234-a649-531768d423ce" />
    <UnitTestResult executionId="ffaa9ddc-7e22-40e7-8e3f-8028d0bee2e5" testId="7fea8b39-a13a-c04e-d76e-328ac2bde15c" testName="FS.GG.SDD.Acceptance.Tests.CompositionAcceptanceTests.result schema golden is byte-exact with the sensed block normalized" computerName="780ae460ce3c" duration="00:00:00.0010083" startTime="2026-08-30T11:29:57.7352519+02:00" endTime="2026-08-30T11:29:57.7362518+02:00" testType="13cdc9d9-ddb5-4fa4-a97d-d965ccfc6d4b" outcome="Passed" testListId="8c84fa94-04c1-424b-9868-57a2d4851a1d" relativeResultsDirectory="ffaa9ddc-7e22-40e7-8e3f-8028d0bee2e5" />
    <UnitTestResult executionId="96cfeb46-e32d-4828-85ca-da50e2241e69" testId="ed935c2b-816e-35f0-b2c3-0d10cece218b" testName="FS.GG.SDD.Acceptance.Tests.CompositionAcceptanceTests.the skeleton-shape surface accounts for all seeded skill files" computerName="780ae460ce3c" duration="00:00:00.0003611" startTime="2026-08-30T11:29:57.7348428+02:00" endTime="2026-08-30T11:29:57.7352079+02:00" testType="13cdc9d9-ddb5-4fa4-a97d-d965ccfc6d4b" outcome="Passed" testListId="8c84fa94-04c1-424b-9868-57a2d4851a1d" relativeResultsDirectory="96cfeb46-e32d-4828-85ca-da50e2241e69" />
    <UnitTestResult executionId="dd516222-4cf4-4857-8ab3-e9e2262f6762" testId="10129ba8-ea28-c463-c457-91ed71a91b24" testName="FS.GG.SDD.Acceptance.Tests.ProbeResolutionTests.runToCompletion is bounded when a grandchild still holds the pipes after the child exits" computerName="780ae460ce3c" duration="00:00:05.0028651" startTime="2026-08-30T11:29:52.7303545+02:00" endTime="2026-08-30T11:29:57.7332019+02:00" testType="13cdc9d9-ddb5-4fa4-a97d-d965ccfc6d4b" outcome="Passed" testListId="8c84fa94-04c1-424b-9868-57a2d4851a1d" relativeResultsDirectory="dd516222-4cf4-4857-8ab3-e9e2262f6762" />
    <UnitTestResult executionId="9e79faf6-c147-4ec4-9f75-5407f4af1c1a" testId="cc6ddf7a-7804-c963-cddc-fb68a1fc61e2" testName="FS.GG.SDD.Acceptance.Tests.CompositionAcceptanceTests.real rendering composition is coherent end to end" computerName="780ae460ce3c" duration="00:00:00.0010000" startTime="2026-08-30T11:29:57.7379815+02:00" endTime="2026-08-30T11:29:57.7379880+02:00" testType="13cdc9d9-ddb5-4fa4-a97d-d965ccfc6d4b" outcome="NotExecuted" testListId="8c84fa94-04c1-424b-9868-57a2d4851a1d" relativeResultsDirectory="9e79faf6-c147-4ec4-9f75-5407f4af1c1a">
      <Output>
        <ErrorInfo>
          <Message>FSGG_SDD_ACCEPTANCE_REGISTRY is unset; the composition acceptance is opt-in and network-gated.</Message>
        </ErrorInfo>
      </Output>
    </UnitTestResult>
    <UnitTestResult executionId="41240ee7-70fc-44a1-b70c-4ee8b7261b1c" testId="039ba848-fd47-3417-a085-845c8b41e808" testName="FS.GG.SDD.Acceptance.Tests.ProbeResolutionTests.runProbe does not report a child that exited holding pipes as a healthy running app" computerName="780ae460ce3c" duration="00:00:05.0027585" startTime="2026-08-30T11:29:47.7267200+02:00" endTime="2026-08-30T11:29:52.7294527+02:00" testType="13cdc9d9-ddb5-4fa4-a97d-d965ccfc6d4b" outcome="Passed" testListId="8c84fa94-04c1-424b-9868-57a2d4851a1d" relativeResultsDirectory="41240ee7-70fc-44a1-b70c-4ee8b7261b1c" />
    <UnitTestResult executionId="458991f4-680a-49f3-bc76-649b5a394fce" testId="21972767-3be3-3523-c9e6-f654ba8a1beb" testName="FS.GG.SDD.Acceptance.Tests.ProbeResolutionTests.runProbe declared executes the Synthetic command and reflects its exit" computerName="780ae460ce3c" duration="00:00:00.0006844" startTime="2026-08-30T11:29:46.9615583+02:00" endTime="2026-08-30T11:29:46.9622354+02:00" testType="13cdc9d9-ddb5-4fa4-a97d-d965ccfc6d4b" outcome="Passed" testListId="8c84fa94-04c1-424b-9868-57a2d4851a1d" relativeResultsDirectory="458991f4-680a-49f3-bc76-649b5a394fce" />
    <UnitTestResult executionId="cbb38e27-3b0d-4ed7-95eb-20aae94ffcc6" testId="debb8f1e-13bb-f63f-a08b-093e0e685ee6" testName="FS.GG.SDD.Acceptance.Tests.WorkBoardScaffoldAcceptanceTests.the shipped padd-item skill targets only the configured board and fails without mutation when wiring is missing" computerName="780ae460ce3c" duration="00:00:00.0001784" startTime="2026-08-30T11:30:00.9317070+02:00" endTime="2026-08-30T11:30:00.9317182+02:00" testType="13cdc9d9-ddb5-4fa4-a97d-d965ccfc6d4b" outcome="Passed" testListId="8c84fa94-04c1-424b-9868-57a2d4851a1d" relativeResultsDirectory="cbb38e27-3b0d-4ed7-95eb-20aae94ffcc6" />
    <UnitTestResult executionId="1bf10d91-86a7-41b7-b8d1-27660c39ec4a" testId="ac98a8b5-0a26-6f72-ad12-f395f90c6377" testName="FS.GG.SDD.Acceptance.Tests.ScheduledAcceptanceWorkflowTests.scheduled lane always reaches the fail-closed registry resolver and provider facts" computerName="780ae460ce3c" duration="00:00:00.0005105" startTime="2026-08-30T11:29:57.7463923+02:00" endTime="2026-08-30T11:29:57.7468873+02:00" testType="13cdc9d9-ddb5-4fa4-a97d-d965ccfc6d4b" outcome="Passed" testListId="8c84fa94-04c1-424b-9868-57a2d4851a1d" relativeResultsDirectory="1bf10d91-86a7-41b7-b8d1-27660c39ec4a" />
    <UnitTestResult executionId="1027a2d6-7a59-4ccf-a155-db025fd7bb9e" testId="e5d86937-5c11-622d-2b1f-c0074e41844a" testName="FS.GG.SDD.Acceptance.Tests.ProbeResolutionTests.blank declared executable resolves to the default(blank: &quot;&quot;)" computerName="780ae460ce3c" duration="00:00:00.0002955" startTime="2026-08-30T11:29:46.9661553+02:00" endTime="2026-08-30T11:29:46.9664108+02:00" testType="13cdc9d9-ddb5-4fa4-a97d-d965ccfc6d4b" outcome="Passed" testListId="8c84fa94-04c1-424b-9868-57a2d4851a1d" relativeResultsDirectory="1027a2d6-7a59-4ccf-a155-db025fd7bb9e" />
    <UnitTestResult executionId="dfb2a0fc-e5e6-4190-b066-68a505624a85" testId="006c2aa8-f892-b1d2-072a-a9d577d66eef" testName="FS.GG.SDD.Acceptance.Tests.ProbeResolutionTests.discoverRunnableProject is deterministic ordinal-first" computerName="780ae460ce3c" duration="00:00:00.0007415" startTime="2026-08-30T11:29:46.9608287+02:00" endTime="2026-08-30T11:29:46.9614976+02:00" testType="13cdc9d9-ddb5-4fa4-a97d-d965ccfc6d4b" outcome="Passed" testListId="8c84fa94-04c1-424b-9868-57a2d4851a1d" relativeResultsDirectory="dfb2a0fc-e5e6-4190-b066-68a505624a85" />
    <UnitTestResult executionId="847d57b6-d654-4335-ab0a-2ff21553928f" testId="d5e6fdd1-4573-08b8-e199-c030479e6812" testName="FS.GG.SDD.Acceptance.Tests.ScheduledAcceptanceWorkflowTests.offline provider facts retain an explicit capability skip" computerName="780ae460ce3c" duration="00:00:00.0000652" startTime="2026-08-30T11:29:57.7469254+02:00" endTime="2026-08-30T11:29:57.7469839+02:00" testType="13cdc9d9-ddb5-4fa4-a97d-d965ccfc6d4b" outcome="Passed" testListId="8c84fa94-04c1-424b-9868-57a2d4851a1d" relativeResultsDirectory="847d57b6-d654-4335-ab0a-2ff21553928f" />
    <UnitTestResult executionId="4f38482c-05d3-44cd-830d-8797bef121a2" testId="a45be463-8313-f309-e1a8-abd8100e1dec" testName="FS.GG.SDD.Acceptance.Tests.ProbeResolutionTests.buildProbe honors the descriptor's declared command and starts no dotnet" computerName="780ae460ce3c" duration="00:00:00.0010627" startTime="2026-08-30T11:29:46.9591939+02:00" endTime="2026-08-30T11:29:46.9601338+02:00" testType="13cdc9d9-ddb5-4fa4-a97d-d965ccfc6d4b" outcome="Passed" testListId="8c84fa94-04c1-424b-9868-57a2d4851a1d" relativeResultsDirectory="4f38482c-05d3-44cd-830d-8797bef121a2" />
    <UnitTestResult executionId="4f701262-7fa8-441b-8730-7b76476d4d8d" testId="ca4c135d-17c6-ae7b-8375-4d1049251db5" testName="FS.GG.SDD.Acceptance.Tests.CompositionAcceptanceTests.the fixed composition request passes no explicit starter parameter" computerName="780ae460ce3c" duration="00:00:00.0001767" startTime="2026-08-30T11:29:57.7455542+02:00" endTime="2026-08-30T11:29:57.7456910+02:00" testType="13cdc9d9-ddb5-4fa4-a97d-d965ccfc6d4b" outcome="Passed" testListId="8c84fa94-04c1-424b-9868-57a2d4851a1d" relativeResultsDirectory="4f701262-7fa8-441b-8730-7b76476d4d8d" />
    <UnitTestResult executionId="00877aff-a3db-4678-b6e2-c9a9c3717896" testId="ad2f4672-a91e-43cc-0123-25541dccce5b" testName="FS.GG.SDD.Acceptance.Tests.CompositionAcceptanceTests.two runs with the same inputs yield byte-identical bodies" computerName="780ae460ce3c" duration="00:00:00.0010000" startTime="2026-08-30T11:29:57.7378465+02:00" endTime="2026-08-30T11:29:57.7378646+02:00" testType="13cdc9d9-ddb5-4fa4-a97d-d965ccfc6d4b" outcome="NotExecuted" testListId="8c84fa94-04c1-424b-9868-57a2d4851a1d" relativeResultsDirectory="00877aff-a3db-4678-b6e2-c9a9c3717896">
      <Output>
        <ErrorInfo>
          <Message>FSGG_SDD_ACCEPTANCE_REGISTRY is unset; the composition acceptance is opt-in and network-gated.</Message>
        </ErrorInfo>
      </Output>
    </UnitTestResult>
    <UnitTestResult executionId="19165ab8-ec67-47eb-ab07-9cd24e160802" testId="a3671615-ce7b-fbcc-6f0d-a521907048ff" testName="FS.GG.SDD.Acceptance.Tests.WorkBoardScaffoldAcceptanceTests.a fresh product scaffold carries each routed work-board body byte-identically in both runtime roots(id: &quot;work-board-best&quot;)" computerName="780ae460ce3c" duration="00:00:01.7260173" startTime="2026-08-30T11:29:59.2056095+02:00" endTime="2026-08-30T11:30:00.9314658+02:00" testType="13cdc9d9-ddb5-4fa4-a97d-d965ccfc6d4b" outcome="Passed" testListId="8c84fa94-04c1-424b-9868-57a2d4851a1d" relativeResultsDirectory="19165ab8-ec67-47eb-ab07-9cd24e160802" />
    <UnitTestResult executionId="915d63af-8dd1-46d2-b099-b2b988f7a526" testId="ac367409-e3dc-e87e-85a3-4112df45a27b" testName="FS.GG.SDD.Acceptance.Tests.CompositionAcceptanceTests.unavailable provider resolves to skip-unavailable" computerName="780ae460ce3c" duration="00:00:00.0010000" startTime="2026-08-30T11:29:57.7424828+02:00" endTime="2026-08-30T11:29:57.7424888+02:00" testType="13cdc9d9-ddb5-4fa4-a97d-d965ccfc6d4b" outcome="NotExecuted" testListId="8c84fa94-04c1-424b-9868-57a2d4851a1d" relativeResultsDirectory="915d63af-8dd1-46d2-b099-b2b988f7a526">
      <Output>
        <ErrorInfo>
          <Message>FSGG_SDD_ACCEPTANCE_REGISTRY is unset; the composition acceptance is opt-in and network-gated.</Message>
        </ErrorInfo>
      </Output>
    </UnitTestResult>
    <UnitTestResult executionId="d7caa455-8969-4fdb-8ea2-d9f6b64d6a29" testId="0bf7357e-ca34-2cb5-e735-a799a03d392a" testName="FS.GG.SDD.Acceptance.Tests.CompositionAcceptanceTests.hyphenated scaffold name builds and tests green" computerName="780ae460ce3c" duration="00:00:00.0010000" startTime="2026-08-30T11:29:57.7423955+02:00" endTime="2026-08-30T11:29:57.7424015+02:00" testType="13cdc9d9-ddb5-4fa4-a97d-d965ccfc6d4b" outcome="NotExecuted" testListId="8c84fa94-04c1-424b-9868-57a2d4851a1d" relativeResultsDirectory="d7caa455-8969-4fdb-8ea2-d9f6b64d6a29">
      <Output>
        <ErrorInfo>
          <Message>FSGG_SDD_ACCEPTANCE_REGISTRY is unset; the composition acceptance is opt-in and network-gated.</Message>
        </ErrorInfo>
      </Output>
    </UnitTestResult>
  </Results>
  <TestDefinitions>
    <UnitTest name="FS.GG.SDD.Acceptance.Tests.ProbeResolutionTests.resolveBuildCommand None is dotnet build at root" storage="/tmp/fsgg-sdd-944-v39tis/tests/fs.gg.sdd.acceptance.tests/bin/release/net10.0/fs.gg.sdd.acceptance.tests.dll" id="e07ce153-e7f5-5dcb-59c7-ccc288c3d231">
      <Execution id="5a77daa9-fb20-43a6-8a6e-bbd957454ecf" />
      <TestMethod codeBase="/tmp/fsgg-sdd-944-v39tIs/tests/FS.GG.SDD.Acceptance.Tests/bin/Release/net10.0/FS.GG.SDD.Acceptance.Tests.dll" adapterTypeName="executor://xunit/VsTestRunner3/netcore/" className="FS.GG.SDD.Acceptance.Tests.ProbeResolutionTests" name="resolveBuildCommand None is dotnet build at root" />
    </UnitTest>
    <UnitTest name="FS.GG.SDD.Acceptance.Tests.CompositionAcceptanceTests.env-unset registry skips with no document" storage="/tmp/fsgg-sdd-944-v39tis/tests/fs.gg.sdd.acceptance.tests/bin/release/net10.0/fs.gg.sdd.acceptance.tests.dll" id="b81a06fb-76a1-9559-e370-b43c6d90d2a9">
      <Execution id="25d5a44f-aa23-4331-aad6-f852e7ec24b8" />
      <TestMethod codeBase="/tmp/fsgg-sdd-944-v39tIs/tests/FS.GG.SDD.Acceptance.Tests/bin/Release/net10.0/FS.GG.SDD.Acceptance.Tests.dll" adapterTypeName="executor://xunit/VsTestRunner3/netcore/" className="FS.GG.SDD.Acceptance.Tests.CompositionAcceptanceTests" name="env-unset registry skips with no document" />
    </UnitTest>
    <UnitTest name="FS.GG.SDD.Acceptance.Tests.RegistryResolverTests.dispatch with empty content fails closed" storage="/tmp/fsgg-sdd-944-v39tis/tests/fs.gg.sdd.acceptance.tests/bin/release/net10.0/fs.gg.sdd.acceptance.tests.dll" id="be16c792-d85e-d4e5-424a-eb9e5c422ffc">
      <Execution id="e236787f-6bd8-4c3e-8e64-8c1108f8ce14" />
      <TestMethod codeBase="/tmp/fsgg-sdd-944-v39tIs/tests/FS.GG.SDD.Acceptance.Tests/bin/Release/net10.0/FS.GG.SDD.Acceptance.Tests.dll" adapterTypeName="executor://xunit/VsTestRunner3/netcore/" className="FS.GG.SDD.Acceptance.Tests.RegistryResolverTests" name="dispatch with empty content fails closed" />
    </UnitTest>
    <UnitTest name="FS.GG.SDD.Acceptance.Tests.WorkBoardScaffoldAcceptanceTests.a fresh product scaffold carries the exact package-delivered padd-item body in both runtime roots" storage="/tmp/fsgg-sdd-944-v39tis/tests/fs.gg.sdd.acceptance.tests/bin/release/net10.0/fs.gg.sdd.acceptance.tests.dll" id="855c01d1-cde7-ad8b-126a-052a5dea7412">
      <Execution id="5ac44b02-8038-492e-a528-d86714bf631c" />
      <TestMethod codeBase="/tmp/fsgg-sdd-944-v39tIs/tests/FS.GG.SDD.Acceptance.Tests/bin/Release/net10.0/FS.GG.SDD.Acceptance.Tests.dll" adapterTypeName="executor://xunit/VsTestRunner3/netcore/" className="FS.GG.SDD.Acceptance.Tests.WorkBoardScaffoldAcceptanceTests" name="a fresh product scaffold carries the exact package-delivered padd-item body in both runtime roots" />
    </UnitTest>
    <UnitTest name="FS.GG.SDD.Acceptance.Tests.CompositionAcceptanceTests.unavailable provider resolves to skip-unavailable" storage="/tmp/fsgg-sdd-944-v39tis/tests/fs.gg.sdd.acceptance.tests/bin/release/net10.0/fs.gg.sdd.acceptance.tests.dll" id="ac367409-e3dc-e87e-85a3-4112df45a27b">
      <Execution id="915d63af-8dd1-46d2-b099-b2b988f7a526" />
      <TestMethod codeBase="/tmp/fsgg-sdd-944-v39tIs/tests/FS.GG.SDD.Acceptance.Tests/bin/Release/net10.0/FS.GG.SDD.Acceptance.Tests.dll" adapterTypeName="executor://xunit/VsTestRunner3/netcore/" className="FS.GG.SDD.Acceptance.Tests.CompositionAcceptanceTests" name="unavailable provider resolves to skip-unavailable" />
    </UnitTest>
    <UnitTest name="FS.GG.SDD.Acceptance.Tests.CompositionAcceptanceTests.the hyphenated smoke request forwards the descriptor-resolved name key" storage="/tmp/fsgg-sdd-944-v39tis/tests/fs.gg.sdd.acceptance.tests/bin/release/net10.0/fs.gg.sdd.acceptance.tests.dll" id="04136a42-e567-a294-7a17-cbf5fd8811d3">
      <Execution id="1fa71d94-453c-46c5-bced-2bd874f5423f" />
      <TestMethod codeBase="/tmp/fsgg-sdd-944-v39tIs/tests/FS.GG.SDD.Acceptance.Tests/bin/Release/net10.0/FS.GG.SDD.Acceptance.Tests.dll" adapterTypeName="executor://xunit/VsTestRunner3/netcore/" className="FS.GG.SDD.Acceptance.Tests.CompositionAcceptanceTests" name="the hyphenated smoke request forwards the descriptor-resolved name key" />
    </UnitTest>
    <UnitTest name="FS.GG.SDD.Acceptance.Tests.ScheduledAcceptanceWorkflowTests.default real-provider product root is a stable valid identifier shape" storage="/tmp/fsgg-sdd-944-v39tis/tests/fs.gg.sdd.acceptance.tests/bin/release/net10.0/fs.gg.sdd.acceptance.tests.dll" id="2f16cfaf-42c5-61a6-aac0-a20a3a6256fa">
      <Execution id="a5e764f0-325d-4234-a649-531768d423ce" />
      <TestMethod codeBase="/tmp/fsgg-sdd-944-v39tIs/tests/FS.GG.SDD.Acceptance.Tests/bin/Release/net10.0/FS.GG.SDD.Acceptance.Tests.dll" adapterTypeName="executor://xunit/VsTestRunner3/netcore/" className="FS.GG.SDD.Acceptance.Tests.ScheduledAcceptanceWorkflowTests" name="default real-provider product root is a stable valid identifier shape" />
    </UnitTest>
    <UnitTest name="FS.GG.SDD.Acceptance.Tests.CompositionAcceptanceTests.override-free composition records the provider's sdd lifecycle default" storage="/tmp/fsgg-sdd-944-v39tis/tests/fs.gg.sdd.acceptance.tests/bin/release/net10.0/fs.gg.sdd.acceptance.tests.dll" id="e092d10d-77eb-6355-9500-66be19bae403">
      <Execution id="ceb97b80-4ef5-4179-87a8-afbc52126bbb" />
      <TestMethod codeBase="/tmp/fsgg-sdd-944-v39tIs/tests/FS.GG.SDD.Acceptance.Tests/bin/Release/net10.0/FS.GG.SDD.Acceptance.Tests.dll" adapterTypeName="executor://xunit/VsTestRunner3/netcore/" className="FS.GG.SDD.Acceptance.Tests.CompositionAcceptanceTests" name="override-free composition records the provider's sdd lifecycle default" />
    </UnitTest>
    <UnitTest name="FS.GG.SDD.Acceptance.Tests.CompositionAcceptanceTests.the skeleton-shape surface accounts for all seeded skill files" storage="/tmp/fsgg-sdd-944-v39tis/tests/fs.gg.sdd.acceptance.tests/bin/release/net10.0/fs.gg.sdd.acceptance.tests.dll" id="ed935c2b-816e-35f0-b2c3-0d10cece218b">
      <Execution id="96cfeb46-e32d-4828-85ca-da50e2241e69" />
      <TestMethod codeBase="/tmp/fsgg-sdd-944-v39tIs/tests/FS.GG.SDD.Acceptance.Tests/bin/Release/net10.0/FS.GG.SDD.Acceptance.Tests.dll" adapterTypeName="executor://xunit/VsTestRunner3/netcore/" className="FS.GG.SDD.Acceptance.Tests.CompositionAcceptanceTests" name="the skeleton-shape surface accounts for all seeded skill files" />
    </UnitTest>
    <UnitTest name="FS.GG.SDD.Acceptance.Tests.ProbeResolutionTests.Synthetic non-zero exit yields a started non-zero ProbeResult" storage="/tmp/fsgg-sdd-944-v39tis/tests/fs.gg.sdd.acceptance.tests/bin/release/net10.0/fs.gg.sdd.acceptance.tests.dll" id="78af8ec1-beef-bfab-dab4-d2292e6aeabe">
      <Execution id="616041e2-19b3-4c13-9b1e-bc142c6d3fbb" />
      <TestMethod codeBase="/tmp/fsgg-sdd-944-v39tIs/tests/FS.GG.SDD.Acceptance.Tests/bin/Release/net10.0/FS.GG.SDD.Acceptance.Tests.dll" adapterTypeName="executor://xunit/VsTestRunner3/netcore/" className="FS.GG.SDD.Acceptance.Tests.ProbeResolutionTests" name="Synthetic non-zero exit yields a started non-zero ProbeResult" />
    </UnitTest>
    <UnitTest name="FS.GG.SDD.Acceptance.Tests.RegistryResolverTests.secret content is materialized when it is the only source (precedence 3)" storage="/tmp/fsgg-sdd-944-v39tis/tests/fs.gg.sdd.acceptance.tests/bin/release/net10.0/fs.gg.sdd.acceptance.tests.dll" id="89d970e3-5025-9b70-7d31-ccaa8c7687c7">
      <Execution id="b480b192-7573-439c-8ac6-368f7fba71d1" />
      <TestMethod codeBase="/tmp/fsgg-sdd-944-v39tIs/tests/FS.GG.SDD.Acceptance.Tests/bin/Release/net10.0/FS.GG.SDD.Acceptance.Tests.dll" adapterTypeName="executor://xunit/VsTestRunner3/netcore/" className="FS.GG.SDD.Acceptance.Tests.RegistryResolverTests" name="secret content is materialized when it is the only source (precedence 3)" />
    </UnitTest>
    <UnitTest name="FS.GG.SDD.Acceptance.Tests.ProbeResolutionTests.runProbe honors the descriptor's declared command and starts no dotnet" storage="/tmp/fsgg-sdd-944-v39tis/tests/fs.gg.sdd.acceptance.tests/bin/release/net10.0/fs.gg.sdd.acceptance.tests.dll" id="72d9c30f-4dd4-6681-e743-2a98042efe74">
      <Execution id="9f629123-1f8d-4068-a8c3-f0a4c3df9c78" />
      <TestMethod codeBase="/tmp/fsgg-sdd-944-v39tIs/tests/FS.GG.SDD.Acceptance.Tests/bin/Release/net10.0/FS.GG.SDD.Acceptance.Tests.dll" adapterTypeName="executor://xunit/VsTestRunner3/netcore/" className="FS.GG.SDD.Acceptance.Tests.ProbeResolutionTests" name="runProbe honors the descriptor's declared command and starts no dotnet" />
    </UnitTest>
    <UnitTest name="FS.GG.SDD.Acceptance.Tests.CompositionAcceptanceTests.acceptance project carries no Governance reference" storage="/tmp/fsgg-sdd-944-v39tis/tests/fs.gg.sdd.acceptance.tests/bin/release/net10.0/fs.gg.sdd.acceptance.tests.dll" id="ba900ab2-bbd5-5c49-710e-bbd3c770dc1e">
      <Execution id="8810f997-002a-4109-99c7-a1585947d8d2" />
      <TestMethod codeBase="/tmp/fsgg-sdd-944-v39tIs/tests/FS.GG.SDD.Acceptance.Tests/bin/Release/net10.0/FS.GG.SDD.Acceptance.Tests.dll" adapterTypeName="executor://xunit/VsTestRunner3/netcore/" className="FS.GG.SDD.Acceptance.Tests.CompositionAcceptanceTests" name="acceptance project carries no Governance reference" />
    </UnitTest>
    <UnitTest name="FS.GG.SDD.Acceptance.Tests.ProbeResolutionTests.default ProbeCommand tokens are the generic dotnet set only" storage="/tmp/fsgg-sdd-944-v39tis/tests/fs.gg.sdd.acceptance.tests/bin/release/net10.0/fs.gg.sdd.acceptance.tests.dll" id="3bd12610-6f5b-6d52-1006-7f991e63a5cb">
      <Execution id="1fa8589f-57cc-4bfc-8819-6d2c647aafa8" />
      <TestMethod codeBase="/tmp/fsgg-sdd-944-v39tIs/tests/FS.GG.SDD.Acceptance.Tests/bin/Release/net10.0/FS.GG.SDD.Acceptance.Tests.dll" adapterTypeName="executor://xunit/VsTestRunner3/netcore/" className="FS.GG.SDD.Acceptance.Tests.ProbeResolutionTests" name="default ProbeCommand tokens are the generic dotnet set only" />
    </UnitTest>
    <UnitTest name="FS.GG.SDD.Acceptance.Tests.RegistryResolverTests.default mode appends the registry path to GITHUB_ENV and the drift sha to the step summary" storage="/tmp/fsgg-sdd-944-v39tis/tests/fs.gg.sdd.acceptance.tests/bin/release/net10.0/fs.gg.sdd.acceptance.tests.dll" id="340d97b9-4e45-e2a5-afab-ca7d18d9cc5d">
      <Execution id="e042a4d6-a789-4947-b737-d674894f3437" />
      <TestMethod codeBase="/tmp/fsgg-sdd-944-v39tIs/tests/FS.GG.SDD.Acceptance.Tests/bin/Release/net10.0/FS.GG.SDD.Acceptance.Tests.dll" adapterTypeName="executor://xunit/VsTestRunner3/netcore/" className="FS.GG.SDD.Acceptance.Tests.RegistryResolverTests" name="default mode appends the registry path to GITHUB_ENV and the drift sha to the step summary" />
    </UnitTest>
    <UnitTest name="FS.GG.SDD.Acceptance.Tests.ProbeResolutionTests.resolveRunCommand None is dotnet run --project discovered at root" storage="/tmp/fsgg-sdd-944-v39tis/tests/fs.gg.sdd.acceptance.tests/bin/release/net10.0/fs.gg.sdd.acceptance.tests.dll" id="d2a7e1f3-6542-cc07-8201-f60f29efe833">
      <Execution id="7eae7b14-f379-4060-974c-409cfe2070aa" />
      <TestMethod codeBase="/tmp/fsgg-sdd-944-v39tIs/tests/FS.GG.SDD.Acceptance.Tests/bin/Release/net10.0/FS.GG.SDD.Acceptance.Tests.dll" adapterTypeName="executor://xunit/VsTestRunner3/netcore/" className="FS.GG.SDD.Acceptance.Tests.ProbeResolutionTests" name="resolveRunCommand None is dotnet run --project discovered at root" />
    </UnitTest>
    <UnitTest name="FS.GG.SDD.Acceptance.Tests.ProbeResolutionTests.discoverRunnableProject is deterministic ordinal-first" storage="/tmp/fsgg-sdd-944-v39tis/tests/fs.gg.sdd.acceptance.tests/bin/release/net10.0/fs.gg.sdd.acceptance.tests.dll" id="006c2aa8-f892-b1d2-072a-a9d577d66eef">
      <Execution id="dfb2a0fc-e5e6-4190-b066-68a505624a85" />
      <TestMethod codeBase="/tmp/fsgg-sdd-944-v39tIs/tests/FS.GG.SDD.Acceptance.Tests/bin/Release/net10.0/FS.GG.SDD.Acceptance.Tests.dll" adapterTypeName="executor://xunit/VsTestRunner3/netcore/" className="FS.GG.SDD.Acceptance.Tests.ProbeResolutionTests" name="discoverRunnableProject is deterministic ordinal-first" />
    </UnitTest>
    <UnitTest name="FS.GG.SDD.Acceptance.Tests.CompositionAcceptanceTests.hyphenated scaffold name builds and tests green" storage="/tmp/fsgg-sdd-944-v39tis/tests/fs.gg.sdd.acceptance.tests/bin/release/net10.0/fs.gg.sdd.acceptance.tests.dll" id="0bf7357e-ca34-2cb5-e735-a799a03d392a">
      <Execution id="d7caa455-8969-4fdb-8ea2-d9f6b64d6a29" />
      <TestMethod codeBase="/tmp/fsgg-sdd-944-v39tIs/tests/FS.GG.SDD.Acceptance.Tests/bin/Release/net10.0/FS.GG.SDD.Acceptance.Tests.dll" adapterTypeName="executor://xunit/VsTestRunner3/netcore/" className="FS.GG.SDD.Acceptance.Tests.CompositionAcceptanceTests" name="hyphenated scaffold name builds and tests green" />
    </UnitTest>
    <UnitTest name="FS.GG.SDD.Acceptance.Tests.CompositionAcceptanceTests.providerFailed splits into skip and fail by diagnostic" storage="/tmp/fsgg-sdd-944-v39tis/tests/fs.gg.sdd.acceptance.tests/bin/release/net10.0/fs.gg.sdd.acceptance.tests.dll" id="93f44e30-3252-dbfb-baff-39798062b47b">
      <Execution id="c59688b2-88a2-4434-8458-588166cd523a" />
      <TestMethod codeBase="/tmp/fsgg-sdd-944-v39tIs/tests/FS.GG.SDD.Acceptance.Tests/bin/Release/net10.0/FS.GG.SDD.Acceptance.Tests.dll" adapterTypeName="executor://xunit/VsTestRunner3/netcore/" className="FS.GG.SDD.Acceptance.Tests.CompositionAcceptanceTests" name="providerFailed splits into skip and fail by diagnostic" />
    </UnitTest>
    <UnitTest name="FS.GG.SDD.Acceptance.Tests.CompositionAcceptanceTests.result schema golden is byte-exact with the sensed block normalized" storage="/tmp/fsgg-sdd-944-v39tis/tests/fs.gg.sdd.acceptance.tests/bin/release/net10.0/fs.gg.sdd.acceptance.tests.dll" id="7fea8b39-a13a-c04e-d76e-328ac2bde15c">
      <Execution id="ffaa9ddc-7e22-40e7-8e3f-8028d0bee2e5" />
      <TestMethod codeBase="/tmp/fsgg-sdd-944-v39tIs/tests/FS.GG.SDD.Acceptance.Tests/bin/Release/net10.0/FS.GG.SDD.Acceptance.Tests.dll" adapterTypeName="executor://xunit/VsTestRunner3/netcore/" className="FS.GG.SDD.Acceptance.Tests.CompositionAcceptanceTests" name="result schema golden is byte-exact with the sensed block normalized" />
    </UnitTest>
    <UnitTest name="FS.GG.SDD.Acceptance.Tests.WorkBoardScaffoldAcceptanceTests.the shipped padd-item skill targets only the configured board and fails without mutation when wiring is missing" storage="/tmp/fsgg-sdd-944-v39tis/tests/fs.gg.sdd.acceptance.tests/bin/release/net10.0/fs.gg.sdd.acceptance.tests.dll" id="debb8f1e-13bb-f63f-a08b-093e0e685ee6">
      <Execution id="cbb38e27-3b0d-4ed7-95eb-20aae94ffcc6" />
      <TestMethod codeBase="/tmp/fsgg-sdd-944-v39tIs/tests/FS.GG.SDD.Acceptance.Tests/bin/Release/net10.0/FS.GG.SDD.Acceptance.Tests.dll" adapterTypeName="executor://xunit/VsTestRunner3/netcore/" className="FS.GG.SDD.Acceptance.Tests.WorkBoardScaffoldAcceptanceTests" name="the shipped padd-item skill targets only the configured board and fails without mutation when wiring is missing" />
    </UnitTest>
    <UnitTest name="FS.GG.SDD.Acceptance.Tests.CompositionAcceptanceTests.omitted registry maps to a config-error fail" storage="/tmp/fsgg-sdd-944-v39tis/tests/fs.gg.sdd.acceptance.tests/bin/release/net10.0/fs.gg.sdd.acceptance.tests.dll" id="3f049ec7-c70a-d3c7-618e-77aadf7c04fd">
      <Execution id="94fdbeff-8adc-4e06-9679-3ee64dc2e959" />
      <TestMethod codeBase="/tmp/fsgg-sdd-944-v39tIs/tests/FS.GG.SDD.Acceptance.Tests/bin/Release/net10.0/FS.GG.SDD.Acceptance.Tests.dll" adapterTypeName="executor://xunit/VsTestRunner3/netcore/" className="FS.GG.SDD.Acceptance.Tests.CompositionAcceptanceTests" name="omitted registry maps to a config-error fail" />
    </UnitTest>
    <UnitTest name="FS.GG.SDD.Acceptance.Tests.ProbeResolutionTests.buildProbe declared executes the Synthetic command and reflects its exit" storage="/tmp/fsgg-sdd-944-v39tis/tests/fs.gg.sdd.acceptance.tests/bin/release/net10.0/fs.gg.sdd.acceptance.tests.dll" id="27dcddae-0cb8-acd3-27fe-de294945351c">
      <Execution id="6b0fa9d1-7745-4fb6-b8ac-ce4d59485db5" />
      <TestMethod codeBase="/tmp/fsgg-sdd-944-v39tIs/tests/FS.GG.SDD.Acceptance.Tests/bin/Release/net10.0/FS.GG.SDD.Acceptance.Tests.dll" adapterTypeName="executor://xunit/VsTestRunner3/netcore/" className="FS.GG.SDD.Acceptance.Tests.ProbeResolutionTests" name="buildProbe declared executes the Synthetic command and reflects its exit" />
    </UnitTest>
    <UnitTest name="FS.GG.SDD.Acceptance.Tests.CompositionAcceptanceTests.verdict resolution keys on the outcome+diagnostic pair" storage="/tmp/fsgg-sdd-944-v39tis/tests/fs.gg.sdd.acceptance.tests/bin/release/net10.0/fs.gg.sdd.acceptance.tests.dll" id="c8f652f2-5b48-3b61-7c73-771b3df5c5e9">
      <Execution id="810224a6-04d8-4e3d-a9f0-9011f5afed7f" />
      <TestMethod codeBase="/tmp/fsgg-sdd-944-v39tIs/tests/FS.GG.SDD.Acceptance.Tests/bin/Release/net10.0/FS.GG.SDD.Acceptance.Tests.dll" adapterTypeName="executor://xunit/VsTestRunner3/netcore/" className="FS.GG.SDD.Acceptance.Tests.CompositionAcceptanceTests" name="verdict resolution keys on the outcome+diagnostic pair" />
    </UnitTest>
    <UnitTest name="FS.GG.SDD.Acceptance.Tests.RegistryResolverTests.dispatch source materializes content verbatim and the file sha matches the advertised" storage="/tmp/fsgg-sdd-944-v39tis/tests/fs.gg.sdd.acceptance.tests/bin/release/net10.0/fs.gg.sdd.acceptance.tests.dll" id="aec8d945-1da8-42f5-a77a-83daa656267f">
      <Execution id="297c7d1f-1875-4e87-b004-6805c126284e" />
      <TestMethod codeBase="/tmp/fsgg-sdd-944-v39tIs/tests/FS.GG.SDD.Acceptance.Tests/bin/Release/net10.0/FS.GG.SDD.Acceptance.Tests.dll" adapterTypeName="executor://xunit/VsTestRunner3/netcore/" className="FS.GG.SDD.Acceptance.Tests.RegistryResolverTests" name="dispatch source materializes content verbatim and the file sha matches the advertised" />
    </UnitTest>
    <UnitTest name="FS.GG.SDD.Acceptance.Tests.ProbeResolutionTests.resolveRunCommand declared is Some of the declared command at root" storage="/tmp/fsgg-sdd-944-v39tis/tests/fs.gg.sdd.acceptance.tests/bin/release/net10.0/fs.gg.sdd.acceptance.tests.dll" id="9673926a-2b94-e57a-4999-0c92e59407b5">
      <Execution id="92ea7321-9aea-4970-91c3-d9dc9625648f" />
      <TestMethod codeBase="/tmp/fsgg-sdd-944-v39tIs/tests/FS.GG.SDD.Acceptance.Tests/bin/Release/net10.0/FS.GG.SDD.Acceptance.Tests.dll" adapterTypeName="executor://xunit/VsTestRunner3/netcore/" className="FS.GG.SDD.Acceptance.Tests.ProbeResolutionTests" name="resolveRunCommand declared is Some of the declared command at root" />
    </UnitTest>
    <UnitTest name="FS.GG.SDD.Acceptance.Tests.CompositionAcceptanceTests.the fixed composition request passes no explicit starter parameter" storage="/tmp/fsgg-sdd-944-v39tis/tests/fs.gg.sdd.acceptance.tests/bin/release/net10.0/fs.gg.sdd.acceptance.tests.dll" id="ca4c135d-17c6-ae7b-8375-4d1049251db5">
      <Execution id="4f701262-7fa8-441b-8730-7b76476d4d8d" />
      <TestMethod codeBase="/tmp/fsgg-sdd-944-v39tIs/tests/FS.GG.SDD.Acceptance.Tests/bin/Release/net10.0/FS.GG.SDD.Acceptance.Tests.dll" adapterTypeName="executor://xunit/VsTestRunner3/netcore/" className="FS.GG.SDD.Acceptance.Tests.CompositionAcceptanceTests" name="the fixed composition request passes no explicit starter parameter" />
    </UnitTest>
    <UnitTest name="FS.GG.SDD.Acceptance.Tests.ProbeResolutionTests.runProbe does not report a child that exited holding pipes as a healthy running app" storage="/tmp/fsgg-sdd-944-v39tis/tests/fs.gg.sdd.acceptance.tests/bin/release/net10.0/fs.gg.sdd.acceptance.tests.dll" id="039ba848-fd47-3417-a085-845c8b41e808">
      <Execution id="41240ee7-70fc-44a1-b70c-4ee8b7261b1c" />
      <TestMethod codeBase="/tmp/fsgg-sdd-944-v39tIs/tests/FS.GG.SDD.Acceptance.Tests/bin/Release/net10.0/FS.GG.SDD.Acceptance.Tests.dll" adapterTypeName="executor://xunit/VsTestRunner3/netcore/" className="FS.GG.SDD.Acceptance.Tests.ProbeResolutionTests" name="runProbe does not report a child that exited holding pipes as a healthy running app" />
    </UnitTest>
    <UnitTest name="FS.GG.SDD.Acceptance.Tests.WorkBoardScaffoldAcceptanceTests.a fresh product scaffold carries each routed work-board body byte-identically in both runtime roots(id: &quot;work-board-best&quot;)" storage="/tmp/fsgg-sdd-944-v39tis/tests/fs.gg.sdd.acceptance.tests/bin/release/net10.0/fs.gg.sdd.acceptance.tests.dll" id="a3671615-ce7b-fbcc-6f0d-a521907048ff">
      <Execution id="19165ab8-ec67-47eb-ab07-9cd24e160802" />
      <TestMethod codeBase="/tmp/fsgg-sdd-944-v39tIs/tests/FS.GG.SDD.Acceptance.Tests/bin/Release/net10.0/FS.GG.SDD.Acceptance.Tests.dll" adapterTypeName="executor://xunit/VsTestRunner3/netcore/" className="FS.GG.SDD.Acceptance.Tests.WorkBoardScaffoldAcceptanceTests" name="a fresh product scaffold carries each routed work-board body byte-identically in both runtime roots" />
    </UnitTest>
    <UnitTest name="FS.GG.SDD.Acceptance.Tests.ProbeResolutionTests.Synthetic missing executable yields a could-not-start ProbeResult" storage="/tmp/fsgg-sdd-944-v39tis/tests/fs.gg.sdd.acceptance.tests/bin/release/net10.0/fs.gg.sdd.acceptance.tests.dll" id="bdb2e49f-a09b-ddb9-fdfa-76803914ea66">
      <Execution id="00aaaa01-ca5e-44d8-8c9c-be19748625cc" />
      <TestMethod codeBase="/tmp/fsgg-sdd-944-v39tIs/tests/FS.GG.SDD.Acceptance.Tests/bin/Release/net10.0/FS.GG.SDD.Acceptance.Tests.dll" adapterTypeName="executor://xunit/VsTestRunner3/netcore/" className="FS.GG.SDD.Acceptance.Tests.ProbeResolutionTests" name="Synthetic missing executable yields a could-not-start ProbeResult" />
    </UnitTest>
    <UnitTest name="FS.GG.SDD.Acceptance.Tests.CompositionAcceptanceTests.the override-free composition request carries no parameter" storage="/tmp/fsgg-sdd-944-v39tis/tests/fs.gg.sdd.acceptance.tests/bin/release/net10.0/fs.gg.sdd.acceptance.tests.dll" id="d814d512-5082-e6ff-1687-56f26b4a951e">
      <Execution id="8cc61e2c-c4e7-4984-9860-15902b0770cf" />
      <TestMethod codeBase="/tmp/fsgg-sdd-944-v39tIs/tests/FS.GG.SDD.Acceptance.Tests/bin/Release/net10.0/FS.GG.SDD.Acceptance.Tests.dll" adapterTypeName="executor://xunit/VsTestRunner3/netcore/" className="FS.GG.SDD.Acceptance.Tests.CompositionAcceptanceTests" name="the override-free composition request carries no parameter" />
    </UnitTest>
    <UnitTest name="FS.GG.SDD.Acceptance.Tests.ProbeResolutionTests.Synthetic hanging command is killed at its bound with a timeout diagnostic" storage="/tmp/fsgg-sdd-944-v39tis/tests/fs.gg.sdd.acceptance.tests/bin/release/net10.0/fs.gg.sdd.acceptance.tests.dll" id="92a5a20c-c9a7-e604-fdbc-53ac85b4973f">
      <Execution id="796d0979-21c0-456b-bd03-2414ade8bed3" />
      <TestMethod codeBase="/tmp/fsgg-sdd-944-v39tIs/tests/FS.GG.SDD.Acceptance.Tests/bin/Release/net10.0/FS.GG.SDD.Acceptance.Tests.dll" adapterTypeName="executor://xunit/VsTestRunner3/netcore/" className="FS.GG.SDD.Acceptance.Tests.ProbeResolutionTests" name="Synthetic hanging command is killed at its bound with a timeout diagnostic" />
    </UnitTest>
    <UnitTest name="FS.GG.SDD.Acceptance.Tests.WorkBoardScaffoldAcceptanceTests.a fresh product scaffold carries each routed work-board body byte-identically in both runtime roots(id: &quot;work-board-normal&quot;)" storage="/tmp/fsgg-sdd-944-v39tis/tests/fs.gg.sdd.acceptance.tests/bin/release/net10.0/fs.gg.sdd.acceptance.tests.dll" id="a2b3bd15-b9ad-5b68-a145-e9d475c37992">
      <Execution id="8cfba5a0-b331-41ec-9752-2df91da60323" />
      <TestMethod codeBase="/tmp/fsgg-sdd-944-v39tIs/tests/FS.GG.SDD.Acceptance.Tests/bin/Release/net10.0/FS.GG.SDD.Acceptance.Tests.dll" adapterTypeName="executor://xunit/VsTestRunner3/netcore/" className="FS.GG.SDD.Acceptance.Tests.WorkBoardScaffoldAcceptanceTests" name="a fresh product scaffold carries each routed work-board body byte-identically in both runtime roots" />
    </UnitTest>
    <UnitTest name="FS.GG.SDD.Acceptance.Tests.WorkBoardScaffoldAcceptanceTests.the shipped work-board skill documents its host loop and immediate status reporting" storage="/tmp/fsgg-sdd-944-v39tis/tests/fs.gg.sdd.acceptance.tests/bin/release/net10.0/fs.gg.sdd.acceptance.tests.dll" id="0e26ab4d-0e37-a0ca-ae03-7f1dc23b7444">
      <Execution id="92c1932b-562c-48ba-bc73-b8583c3e14d8" />
      <TestMethod codeBase="/tmp/fsgg-sdd-944-v39tIs/tests/FS.GG.SDD.Acceptance.Tests/bin/Release/net10.0/FS.GG.SDD.Acceptance.Tests.dll" adapterTypeName="executor://xunit/VsTestRunner3/netcore/" className="FS.GG.SDD.Acceptance.Tests.WorkBoardScaffoldAcceptanceTests" name="the shipped work-board skill documents its host loop and immediate status reporting" />
    </UnitTest>
    <UnitTest name="FS.GG.SDD.Acceptance.Tests.ProbeResolutionTests.runProbe declared executes the Synthetic command and reflects its exit" storage="/tmp/fsgg-sdd-944-v39tis/tests/fs.gg.sdd.acceptance.tests/bin/release/net10.0/fs.gg.sdd.acceptance.tests.dll" id="21972767-3be3-3523-c9e6-f654ba8a1beb">
      <Execution id="458991f4-680a-49f3-bc76-649b5a394fce" />
      <TestMethod codeBase="/tmp/fsgg-sdd-944-v39tIs/tests/FS.GG.SDD.Acceptance.Tests/bin/Release/net10.0/FS.GG.SDD.Acceptance.Tests.dll" adapterTypeName="executor://xunit/VsTestRunner3/netcore/" className="FS.GG.SDD.Acceptance.Tests.ProbeResolutionTests" name="runProbe declared executes the Synthetic command and reflects its exit" />
    </UnitTest>
    <UnitTest name="FS.GG.SDD.Acceptance.Tests.ProbeResolutionTests.empty product discovers no project and run default is None" storage="/tmp/fsgg-sdd-944-v39tis/tests/fs.gg.sdd.acceptance.tests/bin/release/net10.0/fs.gg.sdd.acceptance.tests.dll" id="8204f6a4-1cb3-a597-6b25-60e7d5afb36b">
      <Execution id="25827b9a-70d9-4870-bbf5-faa7d9e5adf6" />
      <TestMethod codeBase="/tmp/fsgg-sdd-944-v39tIs/tests/FS.GG.SDD.Acceptance.Tests/bin/Release/net10.0/FS.GG.SDD.Acceptance.Tests.dll" adapterTypeName="executor://xunit/VsTestRunner3/netcore/" className="FS.GG.SDD.Acceptance.Tests.ProbeResolutionTests" name="empty product discovers no project and run default is None" />
    </UnitTest>
    <UnitTest name="FS.GG.SDD.Acceptance.Tests.ScheduledAcceptanceWorkflowTests.scheduled lane always reaches the fail-closed registry resolver and provider facts" storage="/tmp/fsgg-sdd-944-v39tis/tests/fs.gg.sdd.acceptance.tests/bin/release/net10.0/fs.gg.sdd.acceptance.tests.dll" id="ac98a8b5-0a26-6f72-ad12-f395f90c6377">
      <Execution id="1bf10d91-86a7-41b7-b8d1-27660c39ec4a" />
      <TestMethod codeBase="/tmp/fsgg-sdd-944-v39tIs/tests/FS.GG.SDD.Acceptance.Tests/bin/Release/net10.0/FS.GG.SDD.Acceptance.Tests.dll" adapterTypeName="executor://xunit/VsTestRunner3/netcore/" className="FS.GG.SDD.Acceptance.Tests.ScheduledAcceptanceWorkflowTests" name="scheduled lane always reaches the fail-closed registry resolver and provider facts" />
    </UnitTest>
    <UnitTest name="FS.GG.SDD.Acceptance.Tests.ProbeResolutionTests.blank declared executable resolves to the default(blank: &quot;&quot;)" storage="/tmp/fsgg-sdd-944-v39tis/tests/fs.gg.sdd.acceptance.tests/bin/release/net10.0/fs.gg.sdd.acceptance.tests.dll" id="e5d86937-5c11-622d-2b1f-c0074e41844a">
      <Execution id="1027a2d6-7a59-4ccf-a155-db025fd7bb9e" />
      <TestMethod codeBase="/tmp/fsgg-sdd-944-v39tIs/tests/FS.GG.SDD.Acceptance.Tests/bin/Release/net10.0/FS.GG.SDD.Acceptance.Tests.dll" adapterTypeName="executor://xunit/VsTestRunner3/netcore/" className="FS.GG.SDD.Acceptance.Tests.ProbeResolutionTests" name="blank declared executable resolves to the default" />
    </UnitTest>
    <UnitTest name="FS.GG.SDD.Acceptance.Tests.RegistryResolverTests.manual input path overrides dispatch and secret (precedence 1)" storage="/tmp/fsgg-sdd-944-v39tis/tests/fs.gg.sdd.acceptance.tests/bin/release/net10.0/fs.gg.sdd.acceptance.tests.dll" id="ae3ea52b-ab3b-e014-c459-14ef02f2a942">
      <Execution id="9aa94fd9-d461-4526-854d-f9f85a1daae1" />
      <TestMethod codeBase="/tmp/fsgg-sdd-944-v39tIs/tests/FS.GG.SDD.Acceptance.Tests/bin/Release/net10.0/FS.GG.SDD.Acceptance.Tests.dll" adapterTypeName="executor://xunit/VsTestRunner3/netcore/" className="FS.GG.SDD.Acceptance.Tests.RegistryResolverTests" name="manual input path overrides dispatch and secret (precedence 1)" />
    </UnitTest>
    <UnitTest name="FS.GG.SDD.Acceptance.Tests.ProbeResolutionTests.resolveBuildCommand declared invokes the declared command never dotnet" storage="/tmp/fsgg-sdd-944-v39tis/tests/fs.gg.sdd.acceptance.tests/bin/release/net10.0/fs.gg.sdd.acceptance.tests.dll" id="e6b850d7-61ba-eec3-3dfb-3b81545cda03">
      <Execution id="6d2ae1f2-28be-42f1-999b-ff6c48a8995d" />
      <TestMethod codeBase="/tmp/fsgg-sdd-944-v39tIs/tests/FS.GG.SDD.Acceptance.Tests/bin/Release/net10.0/FS.GG.SDD.Acceptance.Tests.dll" adapterTypeName="executor://xunit/VsTestRunner3/netcore/" className="FS.GG.SDD.Acceptance.Tests.ProbeResolutionTests" name="resolveBuildCommand declared invokes the declared command never dotnet" />
    </UnitTest>
    <UnitTest name="FS.GG.SDD.Acceptance.Tests.ProbeResolutionTests.blank declared executable resolves to the default(blank: &quot;   &quot;)" storage="/tmp/fsgg-sdd-944-v39tis/tests/fs.gg.sdd.acceptance.tests/bin/release/net10.0/fs.gg.sdd.acceptance.tests.dll" id="48567f3d-fd39-1642-8d18-76a73d26d804">
      <Execution id="6bab4c6e-dc28-4370-b992-f41a8c467069" />
      <TestMethod codeBase="/tmp/fsgg-sdd-944-v39tIs/tests/FS.GG.SDD.Acceptance.Tests/bin/Release/net10.0/FS.GG.SDD.Acceptance.Tests.dll" adapterTypeName="executor://xunit/VsTestRunner3/netcore/" className="FS.GG.SDD.Acceptance.Tests.ProbeResolutionTests" name="blank declared executable resolves to the default" />
    </UnitTest>
    <UnitTest name="FS.GG.SDD.Acceptance.Tests.ProbeResolutionTests.runToCompletion is bounded when a grandchild still holds the pipes after the child exits" storage="/tmp/fsgg-sdd-944-v39tis/tests/fs.gg.sdd.acceptance.tests/bin/release/net10.0/fs.gg.sdd.acceptance.tests.dll" id="10129ba8-ea28-c463-c457-91ed71a91b24">
      <Execution id="dd516222-4cf4-4857-8ab3-e9e2262f6762" />
      <TestMethod codeBase="/tmp/fsgg-sdd-944-v39tIs/tests/FS.GG.SDD.Acceptance.Tests/bin/Release/net10.0/FS.GG.SDD.Acceptance.Tests.dll" adapterTypeName="executor://xunit/VsTestRunner3/netcore/" className="FS.GG.SDD.Acceptance.Tests.ProbeResolutionTests" name="runToCompletion is bounded when a grandchild still holds the pipes after the child exits" />
    </UnitTest>
    <UnitTest name="FS.GG.SDD.Acceptance.Tests.RegistryResolverTests.dispatch whose recomputed sha differs from the advertised fails closed" storage="/tmp/fsgg-sdd-944-v39tis/tests/fs.gg.sdd.acceptance.tests/bin/release/net10.0/fs.gg.sdd.acceptance.tests.dll" id="622329fe-6802-a47f-a835-9cc30ab115bc">
      <Execution id="236078c3-4e8c-4c94-9a81-ecab2d622010" />
      <TestMethod codeBase="/tmp/fsgg-sdd-944-v39tIs/tests/FS.GG.SDD.Acceptance.Tests/bin/Release/net10.0/FS.GG.SDD.Acceptance.Tests.dll" adapterTypeName="executor://xunit/VsTestRunner3/netcore/" className="FS.GG.SDD.Acceptance.Tests.RegistryResolverTests" name="dispatch whose recomputed sha differs from the advertised fails closed" />
    </UnitTest>
    <UnitTest name="FS.GG.SDD.Acceptance.Tests.PolyglotLifecycleAcceptanceTests.one lifecycle imports real TRX and JUnit reports without a language taxonomy" storage="/tmp/fsgg-sdd-944-v39tis/tests/fs.gg.sdd.acceptance.tests/bin/release/net10.0/fs.gg.sdd.acceptance.tests.dll" id="44906f0b-1424-2632-ebf6-3504a3b26bae">
      <Execution id="b180235e-5c99-4af8-9335-e460638b19ce" />
      <TestMethod codeBase="/tmp/fsgg-sdd-944-v39tIs/tests/FS.GG.SDD.Acceptance.Tests/bin/Release/net10.0/FS.GG.SDD.Acceptance.Tests.dll" adapterTypeName="executor://xunit/VsTestRunner3/netcore/" className="FS.GG.SDD.Acceptance.Tests.PolyglotLifecycleAcceptanceTests" name="one lifecycle imports real TRX and JUnit reports without a language taxonomy" />
    </UnitTest>
    <UnitTest name="FS.GG.SDD.Acceptance.Tests.CompositionAcceptanceTests.two runs with the same inputs yield byte-identical bodies" storage="/tmp/fsgg-sdd-944-v39tis/tests/fs.gg.sdd.acceptance.tests/bin/release/net10.0/fs.gg.sdd.acceptance.tests.dll" id="ad2f4672-a91e-43cc-0123-25541dccce5b">
      <Execution id="00877aff-a3db-4678-b6e2-c9a9c3717896" />
      <TestMethod codeBase="/tmp/fsgg-sdd-944-v39tIs/tests/FS.GG.SDD.Acceptance.Tests/bin/Release/net10.0/FS.GG.SDD.Acceptance.Tests.dll" adapterTypeName="executor://xunit/VsTestRunner3/netcore/" className="FS.GG.SDD.Acceptance.Tests.CompositionAcceptanceTests" name="two runs with the same inputs yield byte-identical bodies" />
    </UnitTest>
    <UnitTest name="FS.GG.SDD.Acceptance.Tests.RegistryResolverTests.no source at all fails closed (unchanged from today)" storage="/tmp/fsgg-sdd-944-v39tis/tests/fs.gg.sdd.acceptance.tests/bin/release/net10.0/fs.gg.sdd.acceptance.tests.dll" id="2cbdaaf3-be3a-20cb-b6f3-da55748eaaca">
      <Execution id="0a66d5fc-80a7-480e-9ebe-4814a3b51472" />
      <TestMethod codeBase="/tmp/fsgg-sdd-944-v39tIs/tests/FS.GG.SDD.Acceptance.Tests/bin/Release/net10.0/FS.GG.SDD.Acceptance.Tests.dll" adapterTypeName="executor://xunit/VsTestRunner3/netcore/" className="FS.GG.SDD.Acceptance.Tests.RegistryResolverTests" name="no source at all fails closed (unchanged from today)" />
    </UnitTest>
    <UnitTest name="FS.GG.SDD.Acceptance.Tests.CompositionAcceptanceTests.descriptor resolve-and-bind selects the declared build and run commands" storage="/tmp/fsgg-sdd-944-v39tis/tests/fs.gg.sdd.acceptance.tests/bin/release/net10.0/fs.gg.sdd.acceptance.tests.dll" id="4ff64246-bb73-c864-04aa-74e724e50022">
      <Execution id="4b45991b-667c-46e0-8041-20429529c270" />
      <TestMethod codeBase="/tmp/fsgg-sdd-944-v39tIs/tests/FS.GG.SDD.Acceptance.Tests/bin/Release/net10.0/FS.GG.SDD.Acceptance.Tests.dll" adapterTypeName="executor://xunit/VsTestRunner3/netcore/" className="FS.GG.SDD.Acceptance.Tests.CompositionAcceptanceTests" name="descriptor resolve-and-bind selects the declared build and run commands" />
    </UnitTest>
    <UnitTest name="FS.GG.SDD.Acceptance.Tests.CompositionAcceptanceTests.real rendering composition is coherent end to end" storage="/tmp/fsgg-sdd-944-v39tis/tests/fs.gg.sdd.acceptance.tests/bin/release/net10.0/fs.gg.sdd.acceptance.tests.dll" id="cc6ddf7a-7804-c963-cddc-fb68a1fc61e2">
      <Execution id="9e79faf6-c147-4ec4-9f75-5407f4af1c1a" />
      <TestMethod codeBase="/tmp/fsgg-sdd-944-v39tIs/tests/FS.GG.SDD.Acceptance.Tests/bin/Release/net10.0/FS.GG.SDD.Acceptance.Tests.dll" adapterTypeName="executor://xunit/VsTestRunner3/netcore/" className="FS.GG.SDD.Acceptance.Tests.CompositionAcceptanceTests" name="real rendering composition is coherent end to end" />
    </UnitTest>
    <UnitTest name="FS.GG.SDD.Acceptance.Tests.ProbeResolutionTests.descriptor with no declared build or run resolves to the dotnet defaults" storage="/tmp/fsgg-sdd-944-v39tis/tests/fs.gg.sdd.acceptance.tests/bin/release/net10.0/fs.gg.sdd.acceptance.tests.dll" id="afe7f316-de50-9fab-41ec-f2cb13ef69d6">
      <Execution id="e253135d-bc58-44d6-b270-7c375e2c96f1" />
      <TestMethod codeBase="/tmp/fsgg-sdd-944-v39tIs/tests/FS.GG.SDD.Acceptance.Tests/bin/Release/net10.0/FS.GG.SDD.Acceptance.Tests.dll" adapterTypeName="executor://xunit/VsTestRunner3/netcore/" className="FS.GG.SDD.Acceptance.Tests.ProbeResolutionTests" name="descriptor with no declared build or run resolves to the dotnet defaults" />
    </UnitTest>
    <UnitTest name="FS.GG.SDD.Acceptance.Tests.ScheduledAcceptanceWorkflowTests.offline provider facts retain an explicit capability skip" storage="/tmp/fsgg-sdd-944-v39tis/tests/fs.gg.sdd.acceptance.tests/bin/release/net10.0/fs.gg.sdd.acceptance.tests.dll" id="d5e6fdd1-4573-08b8-e199-c030479e6812">
      <Execution id="847d57b6-d654-4335-ab0a-2ff21553928f" />
      <TestMethod codeBase="/tmp/fsgg-sdd-944-v39tIs/tests/FS.GG.SDD.Acceptance.Tests/bin/Release/net10.0/FS.GG.SDD.Acceptance.Tests.dll" adapterTypeName="executor://xunit/VsTestRunner3/netcore/" className="FS.GG.SDD.Acceptance.Tests.ScheduledAcceptanceWorkflowTests" name="offline provider facts retain an explicit capability skip" />
    </UnitTest>
    <UnitTest name="FS.GG.SDD.Acceptance.Tests.ProbeResolutionTests.buildProbe honors the descriptor's declared command and starts no dotnet" storage="/tmp/fsgg-sdd-944-v39tis/tests/fs.gg.sdd.acceptance.tests/bin/release/net10.0/fs.gg.sdd.acceptance.tests.dll" id="a45be463-8313-f309-e1a8-abd8100e1dec">
      <Execution id="4f38482c-05d3-44cd-830d-8797bef121a2" />
      <TestMethod codeBase="/tmp/fsgg-sdd-944-v39tIs/tests/FS.GG.SDD.Acceptance.Tests/bin/Release/net10.0/FS.GG.SDD.Acceptance.Tests.dll" adapterTypeName="executor://xunit/VsTestRunner3/netcore/" className="FS.GG.SDD.Acceptance.Tests.ProbeResolutionTests" name="buildProbe honors the descriptor's declared command and starts no dotnet" />
    </UnitTest>
  </TestDefinitions>
  <TestEntries>
    <TestEntry testId="93f44e30-3252-dbfb-baff-39798062b47b" executionId="c59688b2-88a2-4434-8458-588166cd523a" testListId="8c84fa94-04c1-424b-9868-57a2d4851a1d" />
    <TestEntry testId="ba900ab2-bbd5-5c49-710e-bbd3c770dc1e" executionId="8810f997-002a-4109-99c7-a1585947d8d2" testListId="8c84fa94-04c1-424b-9868-57a2d4851a1d" />
    <TestEntry testId="d814d512-5082-e6ff-1687-56f26b4a951e" executionId="8cc61e2c-c4e7-4984-9860-15902b0770cf" testListId="8c84fa94-04c1-424b-9868-57a2d4851a1d" />
    <TestEntry testId="e6b850d7-61ba-eec3-3dfb-3b81545cda03" executionId="6d2ae1f2-28be-42f1-999b-ff6c48a8995d" testListId="8c84fa94-04c1-424b-9868-57a2d4851a1d" />
    <TestEntry testId="8204f6a4-1cb3-a597-6b25-60e7d5afb36b" executionId="25827b9a-70d9-4870-bbf5-faa7d9e5adf6" testListId="8c84fa94-04c1-424b-9868-57a2d4851a1d" />
    <TestEntry testId="340d97b9-4e45-e2a5-afab-ca7d18d9cc5d" executionId="e042a4d6-a789-4947-b737-d674894f3437" testListId="8c84fa94-04c1-424b-9868-57a2d4851a1d" />
    <TestEntry testId="855c01d1-cde7-ad8b-126a-052a5dea7412" executionId="5ac44b02-8038-492e-a528-d86714bf631c" testListId="8c84fa94-04c1-424b-9868-57a2d4851a1d" />
    <TestEntry testId="3f049ec7-c70a-d3c7-618e-77aadf7c04fd" executionId="94fdbeff-8adc-4e06-9679-3ee64dc2e959" testListId="8c84fa94-04c1-424b-9868-57a2d4851a1d" />
    <TestEntry testId="72d9c30f-4dd4-6681-e743-2a98042efe74" executionId="9f629123-1f8d-4068-a8c3-f0a4c3df9c78" testListId="8c84fa94-04c1-424b-9868-57a2d4851a1d" />
    <TestEntry testId="3bd12610-6f5b-6d52-1006-7f991e63a5cb" executionId="1fa8589f-57cc-4bfc-8819-6d2c647aafa8" testListId="8c84fa94-04c1-424b-9868-57a2d4851a1d" />
    <TestEntry testId="b81a06fb-76a1-9559-e370-b43c6d90d2a9" executionId="25d5a44f-aa23-4331-aad6-f852e7ec24b8" testListId="8c84fa94-04c1-424b-9868-57a2d4851a1d" />
    <TestEntry testId="4ff64246-bb73-c864-04aa-74e724e50022" executionId="4b45991b-667c-46e0-8041-20429529c270" testListId="8c84fa94-04c1-424b-9868-57a2d4851a1d" />
    <TestEntry testId="27dcddae-0cb8-acd3-27fe-de294945351c" executionId="6b0fa9d1-7745-4fb6-b8ac-ce4d59485db5" testListId="8c84fa94-04c1-424b-9868-57a2d4851a1d" />
    <TestEntry testId="44906f0b-1424-2632-ebf6-3504a3b26bae" executionId="b180235e-5c99-4af8-9335-e460638b19ce" testListId="8c84fa94-04c1-424b-9868-57a2d4851a1d" />
    <TestEntry testId="c8f652f2-5b48-3b61-7c73-771b3df5c5e9" executionId="810224a6-04d8-4e3d-a9f0-9011f5afed7f" testListId="8c84fa94-04c1-424b-9868-57a2d4851a1d" />
    <TestEntry testId="0e26ab4d-0e37-a0ca-ae03-7f1dc23b7444" executionId="92c1932b-562c-48ba-bc73-b8583c3e14d8" testListId="8c84fa94-04c1-424b-9868-57a2d4851a1d" />
    <TestEntry testId="78af8ec1-beef-bfab-dab4-d2292e6aeabe" executionId="616041e2-19b3-4c13-9b1e-bc142c6d3fbb" testListId="8c84fa94-04c1-424b-9868-57a2d4851a1d" />
    <TestEntry testId="e07ce153-e7f5-5dcb-59c7-ccc288c3d231" executionId="5a77daa9-fb20-43a6-8a6e-bbd957454ecf" testListId="8c84fa94-04c1-424b-9868-57a2d4851a1d" />
    <TestEntry testId="48567f3d-fd39-1642-8d18-76a73d26d804" executionId="6bab4c6e-dc28-4370-b992-f41a8c467069" testListId="8c84fa94-04c1-424b-9868-57a2d4851a1d" />
    <TestEntry testId="622329fe-6802-a47f-a835-9cc30ab115bc" executionId="236078c3-4e8c-4c94-9a81-ecab2d622010" testListId="8c84fa94-04c1-424b-9868-57a2d4851a1d" />
    <TestEntry testId="aec8d945-1da8-42f5-a77a-83daa656267f" executionId="297c7d1f-1875-4e87-b004-6805c126284e" testListId="8c84fa94-04c1-424b-9868-57a2d4851a1d" />
    <TestEntry testId="ae3ea52b-ab3b-e014-c459-14ef02f2a942" executionId="9aa94fd9-d461-4526-854d-f9f85a1daae1" testListId="8c84fa94-04c1-424b-9868-57a2d4851a1d" />
    <TestEntry testId="04136a42-e567-a294-7a17-cbf5fd8811d3" executionId="1fa71d94-453c-46c5-bced-2bd874f5423f" testListId="8c84fa94-04c1-424b-9868-57a2d4851a1d" />
    <TestEntry testId="89d970e3-5025-9b70-7d31-ccaa8c7687c7" executionId="b480b192-7573-439c-8ac6-368f7fba71d1" testListId="8c84fa94-04c1-424b-9868-57a2d4851a1d" />
    <TestEntry testId="e092d10d-77eb-6355-9500-66be19bae403" executionId="ceb97b80-4ef5-4179-87a8-afbc52126bbb" testListId="8c84fa94-04c1-424b-9868-57a2d4851a1d" />
    <TestEntry testId="a2b3bd15-b9ad-5b68-a145-e9d475c37992" executionId="8cfba5a0-b331-41ec-9752-2df91da60323" testListId="8c84fa94-04c1-424b-9868-57a2d4851a1d" />
    <TestEntry testId="bdb2e49f-a09b-ddb9-fdfa-76803914ea66" executionId="00aaaa01-ca5e-44d8-8c9c-be19748625cc" testListId="8c84fa94-04c1-424b-9868-57a2d4851a1d" />
    <TestEntry testId="2cbdaaf3-be3a-20cb-b6f3-da55748eaaca" executionId="0a66d5fc-80a7-480e-9ebe-4814a3b51472" testListId="8c84fa94-04c1-424b-9868-57a2d4851a1d" />
    <TestEntry testId="be16c792-d85e-d4e5-424a-eb9e5c422ffc" executionId="e236787f-6bd8-4c3e-8e64-8c1108f8ce14" testListId="8c84fa94-04c1-424b-9868-57a2d4851a1d" />
    <TestEntry testId="9673926a-2b94-e57a-4999-0c92e59407b5" executionId="92ea7321-9aea-4970-91c3-d9dc9625648f" testListId="8c84fa94-04c1-424b-9868-57a2d4851a1d" />
    <TestEntry testId="92a5a20c-c9a7-e604-fdbc-53ac85b4973f" executionId="796d0979-21c0-456b-bd03-2414ade8bed3" testListId="8c84fa94-04c1-424b-9868-57a2d4851a1d" />
    <TestEntry testId="afe7f316-de50-9fab-41ec-f2cb13ef69d6" executionId="e253135d-bc58-44d6-b270-7c375e2c96f1" testListId="8c84fa94-04c1-424b-9868-57a2d4851a1d" />
    <TestEntry testId="d2a7e1f3-6542-cc07-8201-f60f29efe833" executionId="7eae7b14-f379-4060-974c-409cfe2070aa" testListId="8c84fa94-04c1-424b-9868-57a2d4851a1d" />
    <TestEntry testId="2f16cfaf-42c5-61a6-aac0-a20a3a6256fa" executionId="a5e764f0-325d-4234-a649-531768d423ce" testListId="8c84fa94-04c1-424b-9868-57a2d4851a1d" />
    <TestEntry testId="7fea8b39-a13a-c04e-d76e-328ac2bde15c" executionId="ffaa9ddc-7e22-40e7-8e3f-8028d0bee2e5" testListId="8c84fa94-04c1-424b-9868-57a2d4851a1d" />
    <TestEntry testId="ed935c2b-816e-35f0-b2c3-0d10cece218b" executionId="96cfeb46-e32d-4828-85ca-da50e2241e69" testListId="8c84fa94-04c1-424b-9868-57a2d4851a1d" />
    <TestEntry testId="10129ba8-ea28-c463-c457-91ed71a91b24" executionId="dd516222-4cf4-4857-8ab3-e9e2262f6762" testListId="8c84fa94-04c1-424b-9868-57a2d4851a1d" />
    <TestEntry testId="cc6ddf7a-7804-c963-cddc-fb68a1fc61e2" executionId="9e79faf6-c147-4ec4-9f75-5407f4af1c1a" testListId="8c84fa94-04c1-424b-9868-57a2d4851a1d" />
    <TestEntry testId="039ba848-fd47-3417-a085-845c8b41e808" executionId="41240ee7-70fc-44a1-b70c-4ee8b7261b1c" testListId="8c84fa94-04c1-424b-9868-57a2d4851a1d" />
    <TestEntry testId="21972767-3be3-3523-c9e6-f654ba8a1beb" executionId="458991f4-680a-49f3-bc76-649b5a394fce" testListId="8c84fa94-04c1-424b-9868-57a2d4851a1d" />
    <TestEntry testId="debb8f1e-13bb-f63f-a08b-093e0e685ee6" executionId="cbb38e27-3b0d-4ed7-95eb-20aae94ffcc6" testListId="8c84fa94-04c1-424b-9868-57a2d4851a1d" />
    <TestEntry testId="ac98a8b5-0a26-6f72-ad12-f395f90c6377" executionId="1bf10d91-86a7-41b7-b8d1-27660c39ec4a" testListId="8c84fa94-04c1-424b-9868-57a2d4851a1d" />
    <TestEntry testId="e5d86937-5c11-622d-2b1f-c0074e41844a" executionId="1027a2d6-7a59-4ccf-a155-db025fd7bb9e" testListId="8c84fa94-04c1-424b-9868-57a2d4851a1d" />
    <TestEntry testId="006c2aa8-f892-b1d2-072a-a9d577d66eef" executionId="dfb2a0fc-e5e6-4190-b066-68a505624a85" testListId="8c84fa94-04c1-424b-9868-57a2d4851a1d" />
    <TestEntry testId="d5e6fdd1-4573-08b8-e199-c030479e6812" executionId="847d57b6-d654-4335-ab0a-2ff21553928f" testListId="8c84fa94-04c1-424b-9868-57a2d4851a1d" />
    <TestEntry testId="a45be463-8313-f309-e1a8-abd8100e1dec" executionId="4f38482c-05d3-44cd-830d-8797bef121a2" testListId="8c84fa94-04c1-424b-9868-57a2d4851a1d" />
    <TestEntry testId="ca4c135d-17c6-ae7b-8375-4d1049251db5" executionId="4f701262-7fa8-441b-8730-7b76476d4d8d" testListId="8c84fa94-04c1-424b-9868-57a2d4851a1d" />
    <TestEntry testId="ad2f4672-a91e-43cc-0123-25541dccce5b" executionId="00877aff-a3db-4678-b6e2-c9a9c3717896" testListId="8c84fa94-04c1-424b-9868-57a2d4851a1d" />
    <TestEntry testId="a3671615-ce7b-fbcc-6f0d-a521907048ff" executionId="19165ab8-ec67-47eb-ab07-9cd24e160802" testListId="8c84fa94-04c1-424b-9868-57a2d4851a1d" />
    <TestEntry testId="ac367409-e3dc-e87e-85a3-4112df45a27b" executionId="915d63af-8dd1-46d2-b099-b2b988f7a526" testListId="8c84fa94-04c1-424b-9868-57a2d4851a1d" />
    <TestEntry testId="0bf7357e-ca34-2cb5-e735-a799a03d392a" executionId="d7caa455-8969-4fdb-8ea2-d9f6b64d6a29" testListId="8c84fa94-04c1-424b-9868-57a2d4851a1d" />
  </TestEntries>
  <TestLists>
    <TestList name="Results Not in a List" id="8c84fa94-04c1-424b-9868-57a2d4851a1d" />
    <TestList name="All Loaded Results" id="19431567-8539-422a-85d7-44ee4e166bda" />
  </TestLists>
  <ResultSummary outcome="Completed">
    <Counters total="51" executed="46" passed="46" failed="0" error="0" timeout="0" aborted="0" inconclusive="0" passedButRunAborted="0" notRunnable="0" notExecuted="0" disconnected="0" warning="0" completed="0" inProgress="0" pending="0" />
    <Output>
      <StdOut>[xUnit.net 00:00:00.00] xUnit.net VSTest Adapter v3.1.5+1b188a7b0a (64-bit .NET 10.0.11)
[xUnit.net 00:00:00.05]   Discovering: FS.GG.SDD.Acceptance.Tests
[xUnit.net 00:00:00.08]   Discovered:  FS.GG.SDD.Acceptance.Tests
[xUnit.net 00:00:00.10]   Starting:    FS.GG.SDD.Acceptance.Tests
  VITE v7.1.0  ready in 84 ms
  ➜  Local:   http://127.0.0.1:51817/
[xUnit.net 00:00:24.74]       FSGG_SDD_ACCEPTANCE_REGISTRY is unset; the composition acceptance is opt-in and network-gated.
[xUnit.net 00:00:24.74]       FSGG_SDD_ACCEPTANCE_REGISTRY is unset; the composition acceptance is opt-in and network-gated.
[xUnit.net 00:00:24.74]       FSGG_SDD_ACCEPTANCE_REGISTRY is unset; the composition acceptance is opt-in and network-gated.
Test 'FS.GG.SDD.Acceptance.Tests.CompositionAcceptanceTests.override-free composition records the provider's sdd lifecycle default' was skipped in the test run.
Test 'FS.GG.SDD.Acceptance.Tests.CompositionAcceptanceTests.two runs with the same inputs yield byte-identical bodies' was skipped in the test run.
Test 'FS.GG.SDD.Acceptance.Tests.CompositionAcceptanceTests.real rendering composition is coherent end to end' was skipped in the test run.
[xUnit.net 00:00:24.74]       FSGG_SDD_ACCEPTANCE_REGISTRY is unset; the composition acceptance is opt-in and network-gated.
[xUnit.net 00:00:24.74]       FSGG_SDD_ACCEPTANCE_REGISTRY is unset; the composition acceptance is opt-in and network-gated.
Test 'FS.GG.SDD.Acceptance.Tests.CompositionAcceptanceTests.hyphenated scaffold name builds and tests green' was skipped in the test run.
Test 'FS.GG.SDD.Acceptance.Tests.CompositionAcceptanceTests.unavailable provider resolves to skip-unavailable' was skipped in the test run.
[xUnit.net 00:00:29.34]   Finished:    FS.GG.SDD.Acceptance.Tests
</StdOut>
    </Output>
    <RunInfos>
      <RunInfo computerName="780ae460ce3c" outcome="Warning" timestamp="2026-08-30T11:29:57.7371782+02:00">
        <Text>[xUnit.net 00:00:24.74]     FS.GG.SDD.Acceptance.Tests.CompositionAcceptanceTests.override-free composition records the provider's sdd lifecycle default [SKIP]</Text>
      </RunInfo>
      <RunInfo computerName="780ae460ce3c" outcome="Warning" timestamp="2026-08-30T11:29:57.7379284+02:00">
        <Text>[xUnit.net 00:00:24.74]     FS.GG.SDD.Acceptance.Tests.CompositionAcceptanceTests.two runs with the same inputs yield byte-identical bodies [SKIP]</Text>
      </RunInfo>
      <RunInfo computerName="780ae460ce3c" outcome="Warning" timestamp="2026-08-30T11:29:57.7380294+02:00">
        <Text>[xUnit.net 00:00:24.74]     FS.GG.SDD.Acceptance.Tests.CompositionAcceptanceTests.real rendering composition is coherent end to end [SKIP]</Text>
      </RunInfo>
      <RunInfo computerName="780ae460ce3c" outcome="Warning" timestamp="2026-08-30T11:29:57.7530650+02:00">
        <Text>[xUnit.net 00:00:24.74]     FS.GG.SDD.Acceptance.Tests.CompositionAcceptanceTests.hyphenated scaffold name builds and tests green [SKIP]</Text>
      </RunInfo>
      <RunInfo computerName="780ae460ce3c" outcome="Warning" timestamp="2026-08-30T11:29:57.7530744+02:00">
        <Text>[xUnit.net 00:00:24.74]     FS.GG.SDD.Acceptance.Tests.CompositionAcceptanceTests.unavailable provider resolves to skip-unavailable [SKIP]</Text>
      </RunInfo>
    </RunInfos>
  </ResultSummary>
</TestRun>